2025-06-16T08:48:38.764331+0800 INFO INLONG CONNECT FAILED!
2025-06-16T08:48:41.003333+0800 INFO 获取播放库句柄成功
2025-06-16T08:48:44.513552+0800 INFO Login device fail, error code is: 7
2025-06-16T08:48:44.562555+0800 INFO Login device succesed
2025-06-16T08:48:45.481034+0800 INFO Open preview fail, error code is: 3
2025-06-16T08:48:45.482034+0800 INFO Open preview successed
2025-06-16T08:48:46.489473+0800 ERROR could not convert string to float: ''
error file:D:\git\YLong\INLONG2025052101(UI)\SC12060.py
error line:907
2025-06-16T08:48:47.496158+0800 ERROR could not convert string to float: ''
error file:D:\git\YLong\INLONG2025052101(UI)\SC12060.py
error line:907
2025-06-16T08:48:48.497130+0800 ERROR could not convert string to float: ''
error file:D:\git\YLong\INLONG2025052101(UI)\SC12060.py
error line:907
2025-06-16T08:48:49.495625+0800 ERROR could not convert string to float: ''
error file:D:\git\YLong\INLONG2025052101(UI)\SC12060.py
error line:907
2025-06-16T08:48:50.522879+0800 ERROR could not convert string to float: ''
error file:D:\git\YLong\INLONG2025052101(UI)\SC12060.py
error line:907
2025-06-16T08:48:51.494150+0800 ERROR could not convert string to float: ''
error file:D:\git\YLong\INLONG2025052101(UI)\SC12060.py
error line:907
2025-06-16T08:48:52.499323+0800 ERROR could not convert string to float: ''
error file:D:\git\YLong\INLONG2025052101(UI)\SC12060.py
error line:907
