2025-06-16T09:01:50.931906+0800 INFO INLONG CONNECT FAILED!
2025-06-16T09:01:52.683215+0800 INFO 获取播放库句柄成功
2025-06-16T09:01:56.183993+0800 INFO Login device fail, error code is: 7
2025-06-16T09:01:56.244150+0800 INFO Login device succesed
2025-06-16T09:01:56.924510+0800 INFO Open preview fail, error code is: 3
2025-06-16T09:01:56.924510+0800 INFO Open preview successed
2025-06-16T09:01:57.723854+0800 ERROR could not convert string to float: ''
error file:D:\git\YLong\INLONG2025052101(UI)\SC12060.py
error line:908
2025-06-16T09:01:58.736477+0800 ERROR could not convert string to float: ''
error file:D:\git\YLong\INLONG2025052101(UI)\SC12060.py
error line:908
2025-06-16T09:01:59.727983+0800 ERROR could not convert string to float: ''
error file:D:\git\YLong\INLONG2025052101(UI)\SC12060.py
error line:908
2025-06-16T09:02:00.730372+0800 ERROR could not convert string to float: ''
error file:D:\git\YLong\INLONG2025052101(UI)\SC12060.py
error line:908
2025-06-16T09:02:01.728319+0800 ERROR could not convert string to float: ''
error file:D:\git\YLong\INLONG2025052101(UI)\SC12060.py
error line:908
