2025-06-16T08:59:00.876269+0800 INFO INLONG CONNECT FAILED!
2025-06-16T08:59:03.620952+0800 INFO 获取播放库句柄成功
2025-06-16T08:59:07.122399+0800 INFO Login device fail, error code is: 7
2025-06-16T08:59:07.169192+0800 INFO Login device succesed
2025-06-16T08:59:07.827098+0800 INFO Open preview fail, error code is: 3
2025-06-16T08:59:07.827098+0800 INFO Open preview successed
2025-06-16T08:59:08.614509+0800 ERROR could not convert string to float: ''
error file:D:\git\YLong\INLONG2025052101(UI)\SC12060.py
error line:921
2025-06-16T08:59:09.623409+0800 ERROR could not convert string to float: ''
error file:D:\git\YLong\INLONG2025052101(UI)\SC12060.py
error line:921
2025-06-16T08:59:10.625983+0800 ERROR could not convert string to float: ''
error file:D:\git\YLong\INLONG2025052101(UI)\SC12060.py
error line:921
2025-06-16T08:59:11.615687+0800 ERROR could not convert string to float: ''
error file:D:\git\YLong\INLONG2025052101(UI)\SC12060.py
error line:921
2025-06-16T08:59:12.614949+0800 ERROR could not convert string to float: ''
error file:D:\git\YLong\INLONG2025052101(UI)\SC12060.py
error line:921
2025-06-16T08:59:13.627910+0800 ERROR could not convert string to float: ''
error file:D:\git\YLong\INLONG2025052101(UI)\SC12060.py
error line:921
