2025-06-16T08:47:38.723452+0800 INFO INLONG CONNECT FAILED!
2025-06-16T08:47:41.075462+0800 INFO 获取播放库句柄成功
2025-06-16T08:47:44.584796+0800 INFO Login device fail, error code is: 7
2025-06-16T08:47:44.632440+0800 INFO Login device succesed
2025-06-16T08:47:45.569036+0800 INFO Open preview fail, error code is: 3
2025-06-16T08:47:45.570045+0800 INFO Open preview successed
2025-06-16T08:47:46.494957+0800 ERROR could not convert string to float: ''
error file:D:\git\YLong\INLONG2025052101(UI)\SC12060.py
error line:907
2025-06-16T08:47:47.490643+0800 ERROR could not convert string to float: ''
error file:D:\git\YLong\INLONG2025052101(UI)\SC12060.py
error line:907
2025-06-16T08:47:48.496475+0800 ERROR could not convert string to float: ''
error file:D:\git\YLong\INLONG2025052101(UI)\SC12060.py
error line:907
2025-06-16T08:47:49.498256+0800 ERROR could not convert string to float: ''
error file:D:\git\YLong\INLONG2025052101(UI)\SC12060.py
error line:907
2025-06-16T08:47:50.498759+0800 ERROR could not convert string to float: ''
error file:D:\git\YLong\INLONG2025052101(UI)\SC12060.py
error line:907
2025-06-16T08:47:51.491332+0800 ERROR could not convert string to float: ''
error file:D:\git\YLong\INLONG2025052101(UI)\SC12060.py
error line:907
2025-06-16T08:47:52.489673+0800 ERROR could not convert string to float: ''
error file:D:\git\YLong\INLONG2025052101(UI)\SC12060.py
error line:907
2025-06-16T08:47:53.497028+0800 ERROR could not convert string to float: ''
error file:D:\git\YLong\INLONG2025052101(UI)\SC12060.py
error line:907
