2025-06-16T08:56:13.581812+0800 INFO INLONG CONNECT FAILED!
2025-06-16T08:56:15.488044+0800 INFO 获取播放库句柄成功
2025-06-16T08:56:18.992366+0800 INFO Login device fail, error code is: 7
2025-06-16T08:56:19.039408+0800 INFO Login device succesed
2025-06-16T08:56:19.790137+0800 INFO Open preview fail, error code is: 3
2025-06-16T08:56:19.791136+0800 INFO Open preview successed
2025-06-16T08:56:20.404628+0800 ERROR could not convert string to float: ''
error file:D:\git\YLong\INLONG2025052101(UI)\SC12060.py
error line:907
2025-06-16T08:56:21.399978+0800 ERROR could not convert string to float: ''
error file:D:\git\YLong\INLONG2025052101(UI)\SC12060.py
error line:907
2025-06-16T08:56:22.408035+0800 ERROR could not convert string to float: ''
error file:D:\git\YLong\INLONG2025052101(UI)\SC12060.py
error line:907
2025-06-16T08:56:23.396773+0800 ERROR could not convert string to float: ''
error file:D:\git\YLong\INLONG2025052101(UI)\SC12060.py
error line:907
2025-06-16T08:56:24.407989+0800 ERROR could not convert string to float: ''
error file:D:\git\YLong\INLONG2025052101(UI)\SC12060.py
error line:907
2025-06-16T08:56:25.409740+0800 ERROR could not convert string to float: ''
error file:D:\git\YLong\INLONG2025052101(UI)\SC12060.py
error line:907
2025-06-16T08:56:26.397503+0800 ERROR could not convert string to float: ''
error file:D:\git\YLong\INLONG2025052101(UI)\SC12060.py
error line:907
2025-06-16T08:56:27.397966+0800 ERROR could not convert string to float: ''
error file:D:\git\YLong\INLONG2025052101(UI)\SC12060.py
error line:907
