2025-06-16T08:50:48.258713+0800 INFO INLONG CONNECT FAILED!
2025-06-16T08:50:50.901819+0800 INFO 获取播放库句柄成功
2025-06-16T08:50:54.405153+0800 INFO Login device fail, error code is: 7
2025-06-16T08:50:54.452899+0800 INFO Login device succesed
2025-06-16T08:50:55.484247+0800 INFO Open preview fail, error code is: 3
2025-06-16T08:50:55.485253+0800 INFO Open preview successed
2025-06-16T08:50:56.006794+0800 ERROR could not convert string to float: ''
error file:D:\git\YLong\INLONG2025052101(UI)\SC12060.py
error line:907
2025-06-16T08:50:57.009550+0800 ERROR could not convert string to float: ''
error file:D:\git\YLong\INLONG2025052101(UI)\SC12060.py
error line:907
2025-06-16T08:50:58.009563+0800 ERROR could not convert string to float: ''
error file:D:\git\YLong\INLONG2025052101(UI)\SC12060.py
error line:907
2025-06-16T08:50:59.008547+0800 ERROR could not convert string to float: ''
error file:D:\git\YLong\INLONG2025052101(UI)\SC12060.py
error line:907
2025-06-16T08:51:00.008543+0800 ERROR could not convert string to float: ''
error file:D:\git\YLong\INLONG2025052101(UI)\SC12060.py
error line:907
2025-06-16T08:51:00.755083+0800 INFO ('ok', [('300',)])
2025-06-16T08:51:01.007736+0800 ERROR could not convert string to float: ''
error file:D:\git\YLong\INLONG2025052101(UI)\SC12060.py
error line:907
2025-06-16T08:51:02.008223+0800 ERROR could not convert string to float: ''
error file:D:\git\YLong\INLONG2025052101(UI)\SC12060.py
error line:907
2025-06-16T08:51:02.201025+0800 ERROR 'Ui_mainwindow' object has no attribute 'Value'
error file:D:\git\YLong\INLONG2025052101(UI)\SC12060.py
error line:537
2025-06-16T08:51:02.593093+0800 ERROR 'Ui_mainwindow' object has no attribute 'Value'
error file:D:\git\YLong\INLONG2025052101(UI)\SC12060.py
error line:515
2025-06-16T08:51:03.009715+0800 ERROR could not convert string to float: ''
error file:D:\git\YLong\INLONG2025052101(UI)\SC12060.py
error line:907
2025-06-16T08:51:03.241455+0800 INFO ('ok', [('300',)])
2025-06-16T08:51:03.242459+0800 INFO ('ok', [('G250 S110',)])
2025-06-16T08:51:04.026619+0800 ERROR could not convert string to float: ''
error file:D:\git\YLong\INLONG2025052101(UI)\SC12060.py
error line:907
2025-06-16T08:51:04.884703+0800 INFO INLONG CONNECT FAILED!
2025-06-16T08:51:05.018453+0800 ERROR could not convert string to float: ''
error file:D:\git\YLong\INLONG2025052101(UI)\SC12060.py
error line:907
2025-06-16T08:51:06.044838+0800 ERROR could not convert string to float: ''
error file:D:\git\YLong\INLONG2025052101(UI)\SC12060.py
error line:907
2025-06-16T08:51:07.007060+0800 ERROR could not convert string to float: ''
error file:D:\git\YLong\INLONG2025052101(UI)\SC12060.py
error line:907
