2025-06-13T17:43:17.311944+0800 INFO INLONG CONNECT FAILED!
2025-06-13T17:43:20.068878+0800 INFO 获取播放库句柄成功
2025-06-13T17:43:23.582675+0800 INFO Login device fail, error code is: 7
2025-06-13T17:43:23.629811+0800 INFO Login device succesed
2025-06-13T17:43:24.665541+0800 INFO Open preview fail, error code is: 3
2025-06-13T17:43:24.666523+0800 INFO Open preview successed
2025-06-13T17:43:26.013854+0800 ERROR could not convert string to float: ''
error file:D:\git\YLong\INLONG2025052101(UI)\SC12060.py
error line:907
2025-06-13T17:43:27.014951+0800 ERROR could not convert string to float: ''
error file:D:\git\YLong\INLONG2025052101(UI)\SC12060.py
error line:907
2025-06-13T17:43:28.012803+0800 ERROR could not convert string to float: ''
error file:D:\git\YLong\INLONG2025052101(UI)\SC12060.py
error line:907
2025-06-13T17:43:29.009512+0800 ERROR could not convert string to float: ''
error file:D:\git\YLong\INLONG2025052101(UI)\SC12060.py
error line:907
2025-06-13T17:43:30.011068+0800 ERROR could not convert string to float: ''
error file:D:\git\YLong\INLONG2025052101(UI)\SC12060.py
error line:907
2025-06-13T17:43:31.005865+0800 ERROR could not convert string to float: ''
error file:D:\git\YLong\INLONG2025052101(UI)\SC12060.py
error line:907
2025-06-13T17:43:32.010946+0800 ERROR could not convert string to float: ''
error file:D:\git\YLong\INLONG2025052101(UI)\SC12060.py
error line:907
2025-06-13T17:43:33.171631+0800 ERROR could not convert string to float: ''
error file:D:\git\YLong\INLONG2025052101(UI)\SC12060.py
error line:907
2025-06-13T17:43:34.025264+0800 ERROR could not convert string to float: ''
error file:D:\git\YLong\INLONG2025052101(UI)\SC12060.py
error line:907
2025-06-13T17:43:35.344872+0800 ERROR could not convert string to float: ''
error file:D:\git\YLong\INLONG2025052101(UI)\SC12060.py
error line:907
2025-06-13T17:43:37.073046+0800 ERROR could not convert string to float: ''
error file:D:\git\YLong\INLONG2025052101(UI)\SC12060.py
error line:907
2025-06-13T17:43:38.036243+0800 ERROR could not convert string to float: ''
error file:D:\git\YLong\INLONG2025052101(UI)\SC12060.py
error line:907
