2025-06-13T17:21:54.949137+0800 INFO INLONG CONNECT SUCCESS!
2025-06-13T17:21:59.343288+0800 INFO 获取播放库句柄成功
2025-06-13T17:22:02.859997+0800 INFO Login device fail, error code is: 7
2025-06-13T17:22:02.909386+0800 INFO Login device succesed
2025-06-13T17:22:04.684055+0800 INFO Open preview fail, error code is: 3
2025-06-13T17:22:04.684561+0800 INFO Open preview successed
2025-06-13T17:22:10.192455+0800 INFO UPDATE gcode:CFFFP_AA_3分钟.gcodeSUCCESS!
2025-06-13T17:22:11.039829+0800 INFO LOAD GCODE SUCCESS!
2025-06-13T17:22:11.042847+0800 ERROR 'NoneType' object has no attribute 'replace'
error file:D:\git\YLong\INLONG2025052101(UI)\SC12060.py
error line:3383
2025-06-13T17:22:11.044356+0800 INFO total E:23866.256950000003
2025-06-13T17:22:17.530125+0800 INFO 打印开始
2025-06-13T17:22:18.527970+0800 INFO START PRINT SUCCESS!
2025-06-13T17:23:00.349252+0800 INFO jisuan_print_time cmd string:N9 G92 E0*78
2025-06-13T17:23:00.367520+0800 INFO jisuan_print_time cmd string:N10 G1 F200 E3*27
2025-06-13T17:23:00.383416+0800 INFO jisuan_print_time cmd string:N11 G92 E0*119
2025-06-13T17:23:00.400578+0800 INFO jisuan_print_time cmd string:N12 G92 E0*116
2025-06-13T17:23:00.414466+0800 INFO jisuan_print_time cmd string:N13 G92 E0*117
2025-06-13T17:23:00.446482+0800 INFO jisuan_print_time cmd string:N14 G1 F3600 E-2.5*31
2025-06-13T17:23:00.494269+0800 INFO jisuan_print_time cmd string:N17 G1 F3600 E0.12473*53
2025-06-13T17:23:00.509452+0800 INFO jisuan_print_time cmd string:N18 G1 F2400 X251.98 Y195.392 E2.9601*53
2025-06-13T17:23:00.524166+0800 INFO jisuan_print_time cmd string:N19 G1 X193.78 Y195.392 E5.79548*105
2025-06-13T17:23:00.539048+0800 INFO jisuan_print_time cmd string:N20 G1 X193.78 Y253.592 E8.63085*110
2025-06-13T17:23:00.554892+0800 INFO jisuan_print_time cmd string:N21 G1 X251.98 Y253.592 E11.46623*89
2025-06-13T17:23:03.287056+0800 INFO jisuan_print_time cmd string:N23 G1 F2400 X252.58 Y194.792 E14.36006*61
2025-06-13T17:23:03.302664+0800 INFO jisuan_print_time cmd string:N24 G1 X193.18 Y194.792 E17.2539*109
2025-06-13T17:23:03.319454+0800 INFO jisuan_print_time cmd string:N25 G1 X193.18 Y254.192 E20.14773*90
2025-06-13T17:23:09.271201+0800 INFO jisuan_print_time cmd string:N26 G1 X252.58 Y254.192 E23.04157*81
2025-06-13T17:23:12.218938+0800 INFO jisuan_print_time cmd string:N30 G1 F2400 X194.348 Y253.02 E26.03064*49
2025-06-13T17:23:13.653242+0800 INFO jisuan_print_time cmd string:N31 G1 X194.348 Y195.96 E29.01971*84
2025-06-13T17:23:15.132857+0800 INFO jisuan_print_time cmd string:N32 G1 X251.408 Y195.96 E32.00879*92
2025-06-13T17:23:16.629573+0800 INFO jisuan_print_time cmd string:N33 G1 X251.408 Y253.02 E34.99786*80
2025-06-13T17:23:18.124939+0800 INFO jisuan_print_time cmd string:N35 G1 F2400 X250.566 Y196.26 E35.03801*48
2025-06-13T17:23:21.109120+0800 INFO jisuan_print_time cmd string:N37 G1 F2400 X251.108 Y197.65 E35.14099*54
2025-06-13T17:23:21.140830+0800 INFO jisuan_print_time cmd string:N39 G1 F2400 X248.869 Y196.26 E35.30686*54
2025-06-13T17:23:22.576625+0800 INFO jisuan_print_time cmd string:N41 G1 F2400 X251.108 Y199.348 E35.53559*15
2025-06-13T17:23:25.432673+0800 INFO jisuan_print_time cmd string:N43 G1 F2400 X247.172 Y196.26 E35.82718*56
2025-06-13T17:23:27.820469+0800 INFO jisuan_print_time cmd string:N45 G1 F2400 X251.108 Y201.045 E36.18167*2
2025-06-13T17:23:27.867588+0800 INFO jisuan_print_time cmd string:N47 G1 F2400 X245.475 Y196.26 E36.59898*62
2025-06-13T17:23:27.929198+0800 INFO jisuan_print_time cmd string:N49 G1 F2400 X251.108 Y202.742 E37.07919*3
2025-06-13T17:23:28.038245+0800 INFO jisuan_print_time cmd string:N51 G1 F2400 X243.778 Y196.26 E37.62222*51
2025-06-13T17:23:28.166949+0800 INFO jisuan_print_time cmd string:N53 G1 F2400 X251.108 Y204.439 E38.22814*5
2025-06-13T17:23:28.337528+0800 INFO jisuan_print_time cmd string:N55 G1 F2400 X242.081 Y196.26 E38.89689*56
2025-06-13T17:23:28.524570+0800 INFO jisuan_print_time cmd string:N57 G1 F2400 X251.108 Y206.136 E39.62854*8
2025-06-13T17:23:28.754239+0800 INFO jisuan_print_time cmd string:N59 G1 F2400 X240.384 Y196.26 E40.42301*61
2025-06-13T17:23:29.006193+0800 INFO jisuan_print_time cmd string:N61 G1 F2400 X251.108 Y207.833 E41.28037*12
2025-06-13T17:23:29.284408+0800 INFO jisuan_print_time cmd string:N63 G1 F2400 X238.687 Y196.26 E42.20056*58
2025-06-13T17:23:29.612041+0800 INFO jisuan_print_time cmd string:N65 G1 F2400 X251.108 Y209.53 E43.18364*60
2025-06-13T17:23:29.954314+0800 INFO jisuan_print_time cmd string:N67 G1 F2400 X236.99 Y196.26 E44.22955*7
2025-06-13T17:23:30.326763+0800 INFO jisuan_print_time cmd string:N69 G1 F2400 X251.108 Y211.227 E45.33835*8
2025-06-13T17:23:30.730587+0800 INFO jisuan_print_time cmd string:N71 G1 F2400 X235.293 Y196.26 E46.50997*50
2025-06-13T17:23:31.157084+0800 INFO jisuan_print_time cmd string:N73 G1 F2400 X251.108 Y212.924 E47.7445*54
2025-06-13T17:23:31.625544+0800 INFO jisuan_print_time cmd string:N75 G1 F2400 X233.596 Y196.26 E49.04188*58
2025-06-13T17:23:32.122612+0800 INFO jisuan_print_time cmd string:N77 G1 F2400 X251.108 Y214.621 E50.40212*15
2025-06-13T17:23:32.649339+0800 INFO jisuan_print_time cmd string:N79 G1 F2400 X231.898 Y196.26 E51.82526*48
2025-06-13T17:23:33.196188+0800 INFO jisuan_print_time cmd string:N81 G1 F2400 X251.108 Y216.318 E53.31122*14
2025-06-13T17:23:33.786599+0800 INFO jisuan_print_time cmd string:N83 G1 F2400 X230.201 Y196.26 E54.86007*57
2025-06-13T17:23:34.392699+0800 INFO jisuan_print_time cmd string:N85 G1 F2400 X251.108 Y218.015 E56.47175*12
2025-06-13T17:23:35.046076+0800 INFO jisuan_print_time cmd string:N87 G1 F2400 X228.504 Y196.26 E58.14633*48
2025-06-13T17:23:35.717483+0800 INFO jisuan_print_time cmd string:N89 G1 F2400 X251.108 Y219.712 E59.88373*9
2025-06-13T17:23:36.420304+0800 INFO jisuan_print_time cmd string:N91 G1 F2400 X226.807 Y196.26 E61.68402*54
2025-06-13T17:23:37.151052+0800 INFO jisuan_print_time cmd string:N93 G1 F2400 X251.108 Y221.409 E63.54714*13
2025-06-13T17:23:37.914694+0800 INFO jisuan_print_time cmd string:N95 G1 F2400 X225.11 Y196.26 E65.47316*5
2025-06-13T17:23:38.707502+0800 INFO jisuan_print_time cmd string:N97 G1 F2400 X251.108 Y223.106 E67.46199*5
2025-06-13T17:23:39.553409+0800 INFO jisuan_print_time cmd string:N99 G1 F2400 X223.413 Y196.26 E69.51373*49
2025-06-13T17:23:40.396606+0800 INFO jisuan_print_time cmd string:N101 G1 F2400 X251.108 Y224.803 E71.62828*50
2025-06-13T17:23:41.269251+0800 INFO jisuan_print_time cmd string:N103 G1 F2400 X221.716 Y196.26 E73.80573*6
2025-06-13T17:23:42.194178+0800 INFO jisuan_print_time cmd string:N105 G1 F2400 X251.108 Y226.5 E76.04601*56
2025-06-13T17:23:43.141690+0800 INFO jisuan_print_time cmd string:N107 G1 F2400 X220.019 Y196.26 E78.34918*14
2025-06-13T17:23:44.117625+0800 INFO jisuan_print_time cmd string:N109 G1 F2400 X251.108 Y228.198 E80.71521*53
2025-06-13T17:23:45.131806+0800 INFO jisuan_print_time cmd string:N111 G1 F2400 X218.322 Y196.26 E83.1441*58
2025-06-13T17:23:46.167263+0800 INFO jisuan_print_time cmd string:N113 G1 F2400 X251.108 Y229.895 E85.63585*51
2025-06-13T17:23:47.221801+0800 INFO jisuan_print_time cmd string:N115 G1 F2400 X216.625 Y196.26 E88.19046*3
2025-06-13T17:23:48.320155+0800 INFO jisuan_print_time cmd string:N117 G1 F2400 X251.108 Y231.592 E90.80797*60
2025-06-13T17:23:49.452525+0800 INFO jisuan_print_time cmd string:N119 G1 F2400 X214.928 Y196.26 E93.4883*56
2025-06-13T17:23:50.622045+0800 INFO jisuan_print_time cmd string:N121 G1 F2400 X251.108 Y233.289 E96.23152*54
2025-06-13T17:23:51.804498+0800 INFO jisuan_print_time cmd string:N123 G1 F2400 X213.231 Y196.26 E99.03757*14
2025-06-13T17:23:53.031809+0800 INFO jisuan_print_time cmd string:N125 G1 F2400 X251.108 Y234.986 E101.90652*1
2025-06-13T17:23:54.277561+0800 INFO jisuan_print_time cmd string:N127 G1 F2400 X211.534 Y196.26 E104.83829*49
2025-06-13T17:23:55.547575+0800 INFO jisuan_print_time cmd string:N129 G1 F2400 X251.108 Y236.683 E107.83295*14
2025-06-13T17:23:56.854445+0800 INFO jisuan_print_time cmd string:N131 G1 F2400 X209.837 Y196.26 E110.89044*61
2025-06-13T17:23:58.206582+0800 INFO jisuan_print_time cmd string:N133 G1 F2400 X251.108 Y238.38 E114.01082*49
2025-06-13T17:23:59.578384+0800 INFO jisuan_print_time cmd string:N135 G1 F2400 X208.14 Y196.26 E117.19402*9
2025-06-13T17:24:00.354274+0800 INFO left_time:left time show 5m  54s line num：912!
2025-06-13T17:24:00.710956+0800 INFO left_time:left time show 5m  53s line num：851!
2025-06-13T17:24:00.960751+0800 INFO jisuan_print_time cmd string:N137 G1 F2400 X251.108 Y240.077 E120.44013*15
2025-06-13T17:24:01.713178+0800 INFO left_time:left time show 5m  52s line num：851!
2025-06-13T17:24:02.399552+0800 INFO jisuan_print_time cmd string:N139 G1 F2400 X206.443 Y196.26 E123.74905*59
2025-06-13T17:24:02.722667+0800 INFO left_time:left time show 5m  51s line num：851!
2025-06-13T17:24:03.717108+0800 INFO left_time:left time show 5m  50s line num：851!
2025-06-13T17:24:03.859056+0800 INFO jisuan_print_time cmd string:N141 G1 F2400 X251.108 Y241.774 E127.12087*2
2025-06-13T17:24:04.710760+0800 INFO left_time:left time show 5m  49s line num：851!
2025-06-13T17:24:05.344314+0800 INFO jisuan_print_time cmd string:N143 G1 F2400 X204.746 Y196.26 E130.55552*61
2025-06-13T17:24:05.717050+0800 INFO left_time:left time show 5m  48s line num：851!
2025-06-13T17:24:06.717422+0800 INFO left_time:left time show 5m  47s line num：851!
2025-06-13T17:24:06.856824+0800 INFO jisuan_print_time cmd string:N145 G1 F2400 X251.108 Y243.471 E134.05306*12
2025-06-13T17:24:07.712996+0800 INFO left_time:left time show 5m  46s line num：851!
2025-06-13T17:24:08.431000+0800 INFO jisuan_print_time cmd string:N147 G1 F2400 X203.049 Y196.26 E137.61346*53
2025-06-13T17:24:08.712338+0800 INFO left_time:left time show 5m  45s line num：851!
2025-06-13T17:24:09.712338+0800 INFO left_time:left time show 5m  44s line num：851!
2025-06-13T17:24:09.994930+0800 INFO jisuan_print_time cmd string:N149 G1 F2400 X251.108 Y245.168 E141.23672*11
2025-06-13T17:24:10.710970+0800 INFO left_time:left time show 5m  43s line num：851!
2025-06-13T17:24:11.598201+0800 INFO jisuan_print_time cmd string:N151 G1 F2400 X201.351 Y196.26 E144.92287*62
2025-06-13T17:24:11.718957+0800 INFO left_time:left time show 5m  42s line num：851!
2025-06-13T17:24:12.716637+0800 INFO left_time:left time show 5m  41s line num：851!
2025-06-13T17:24:13.248034+0800 INFO jisuan_print_time cmd string:N153 G1 F2400 X251.108 Y246.865 E148.67185*1
2025-06-13T17:24:13.711327+0800 INFO left_time:left time show 5m  40s line num：851!
2025-06-13T17:24:14.727351+0800 INFO left_time:left time show 5m  39s line num：851!
2025-06-13T17:24:14.917070+0800 INFO jisuan_print_time cmd string:N155 G1 F2400 X199.654 Y196.26 E152.48373*50
2025-06-13T17:24:15.723704+0800 INFO left_time:left time show 5m  38s line num：851!
2025-06-13T17:24:16.626429+0800 INFO jisuan_print_time cmd string:N157 G1 F2400 X251.108 Y248.562 E156.35843*10
2025-06-13T17:24:16.719243+0800 INFO left_time:left time show 5m  37s line num：851!
2025-06-13T17:24:17.716935+0800 INFO left_time:left time show 5m  36s line num：851!
2025-06-13T17:24:18.343046+0800 INFO jisuan_print_time cmd string:N159 G1 F2400 X197.957 Y196.26 E160.29602*57
2025-06-13T17:24:18.724167+0800 INFO left_time:left time show 5m  35s line num：851!
2025-06-13T17:24:19.712905+0800 INFO left_time:left time show 5m  34s line num：851!
2025-06-13T17:24:20.104178+0800 INFO jisuan_print_time cmd string:N161 G1 F2400 X251.108 Y250.259 E164.29644*12
2025-06-13T17:24:20.715369+0800 INFO left_time:left time show 5m  33s line num：851!
2025-06-13T17:24:21.718067+0800 INFO left_time:left time show 5m  32s line num：851!
2025-06-13T17:24:21.895189+0800 INFO jisuan_print_time cmd string:N163 G1 F2400 X196.26 Y196.26 E168.35975*4
2025-06-13T17:24:22.714639+0800 INFO left_time:left time show 5m  31s line num：851!
2025-06-13T17:24:23.716137+0800 INFO left_time:left time show 5m  30s line num：851!
2025-06-13T17:24:23.717942+0800 INFO jisuan_print_time cmd string:N165 G1 F2400 X251.108 Y251.956 E172.48589*15
2025-06-13T17:24:24.717367+0800 INFO left_time:left time show 5m  29s line num：851!
2025-06-13T17:24:25.576515+0800 INFO jisuan_print_time cmd string:N167 G1 F2400 X194.648 Y196.345 E176.66233*10
2025-06-13T17:24:25.713469+0800 INFO left_time:left time show 5m  28s line num：851!
2025-06-13T17:24:26.723048+0800 INFO left_time:left time show 5m  27s line num：851!
2025-06-13T17:24:27.462540+0800 INFO jisuan_print_time cmd string:N169 G1 F2400 X250.174 Y252.72 E180.77587*58
2025-06-13T17:24:27.710118+0800 INFO left_time:left time show 5m  26s line num：851!
2025-06-13T17:24:28.715671+0800 INFO left_time:left time show 5m  25s line num：851!
2025-06-13T17:24:29.356718+0800 INFO jisuan_print_time cmd string:N171 G1 F2400 X194.648 Y198.042 E184.82659*8
2025-06-13T17:24:29.718053+0800 INFO left_time:left time show 5m  24s line num：851!
2025-06-13T17:24:30.713497+0800 INFO left_time:left time show 5m  23s line num：851!
2025-06-13T17:24:31.305463+0800 INFO jisuan_print_time cmd string:N173 G1 F2400 X248.477 Y252.72 E188.81441*52
2025-06-13T17:24:31.712794+0800 INFO left_time:left time show 5m  22s line num：851!
2025-06-13T17:24:32.711729+0800 INFO left_time:left time show 5m  21s line num：851!
2025-06-13T17:24:33.274668+0800 INFO jisuan_print_time cmd string:N175 G1 F2400 X194.648 Y199.739 E192.73941*9
2025-06-13T17:24:33.722339+0800 INFO left_time:left time show 5m  20s line num：851!
2025-06-13T17:24:34.715199+0800 INFO left_time:left time show 5m  19s line num：851!
2025-06-13T17:24:35.294561+0800 INFO jisuan_print_time cmd string:N177 G1 F2400 X246.78 Y252.72 E196.60152*2
2025-06-13T17:24:35.715618+0800 INFO left_time:left time show 5m  18s line num：851!
2025-06-13T17:24:36.716498+0800 INFO left_time:left time show 5m  17s line num：851!
2025-06-13T17:24:37.321792+0800 INFO jisuan_print_time cmd string:N179 G1 F2400 X194.648 Y201.436 E200.4008*55
2025-06-13T17:24:37.722406+0800 INFO left_time:left time show 5m  16s line num：851!
2025-06-13T17:24:38.717983+0800 INFO left_time:left time show 5m  15s line num：851!
2025-06-13T17:24:39.310975+0800 INFO jisuan_print_time cmd string:N181 G1 F2400 X245.083 Y252.72 E204.13718*56
2025-06-13T17:24:39.713549+0800 INFO left_time:left time show 5m  14s line num：851!
2025-06-13T17:24:40.712557+0800 INFO left_time:left time show 5m  13s line num：851!
2025-06-13T17:24:41.276855+0800 INFO jisuan_print_time cmd string:N183 G1 F2400 X194.648 Y203.133 E207.81074*1
2025-06-13T17:24:41.710162+0800 INFO left_time:left time show 5m  12s line num：851!
2025-06-13T17:24:42.721989+0800 INFO left_time:left time show 5m  11s line num：851!
2025-06-13T17:24:43.206892+0800 INFO jisuan_print_time cmd string:N185 G1 F2400 X243.386 Y252.72 E211.42141*54
2025-06-13T17:24:43.714272+0800 INFO left_time:left time show 5m  10s line num：851!
2025-06-13T17:24:44.716397+0800 INFO left_time:left time show 5m  9s line num：851!
2025-06-13T17:24:45.124226+0800 INFO jisuan_print_time cmd string:N187 G1 F2400 X194.648 Y204.83 E214.96925*49
2025-06-13T17:24:45.722176+0800 INFO left_time:left time show 5m  8s line num：851!
2025-06-13T17:24:46.710321+0800 INFO left_time:left time show 5m  7s line num：851!
2025-06-13T17:24:46.992746+0800 INFO jisuan_print_time cmd string:N189 G1 F2400 X241.689 Y252.72 E218.4542*14
2025-06-13T17:24:47.711832+0800 INFO left_time:left time show 5m  6s line num：851!
2025-06-13T17:24:48.719913+0800 INFO left_time:left time show 5m  5s line num：851!
2025-06-13T17:24:48.827976+0800 INFO jisuan_print_time cmd string:N191 G1 F2400 X194.648 Y206.528 E221.87629*5
2025-06-13T17:24:49.717776+0800 INFO left_time:left time show 5m  4s line num：851!
2025-06-13T17:24:50.639430+0800 INFO jisuan_print_time cmd string:N193 G1 F2400 X239.992 Y252.72 E225.23551*54
2025-06-13T17:24:50.713579+0800 INFO left_time:left time show 5m  3s line num：851!
2025-06-13T17:24:51.716283+0800 INFO left_time:left time show 5m  2s line num：851!
2025-06-13T17:24:52.429083+0800 INFO jisuan_print_time cmd string:N195 G1 F2400 X194.648 Y208.225 E228.53188*9
2025-06-13T17:24:52.721672+0800 INFO left_time:left time show 5m  1s line num：851!
2025-06-13T17:24:53.718069+0800 INFO left_time:left time show 5m  0s line num：851!
2025-06-13T17:24:54.206504+0800 INFO jisuan_print_time cmd string:N197 G1 F2400 X238.295 Y252.72 E231.76539*52
2025-06-13T17:24:54.715052+0800 INFO left_time:left time show 4m  59s line num：851!
2025-06-13T17:24:55.717929+0800 INFO left_time:left time show 4m  58s line num：851!
2025-06-13T17:24:55.904591+0800 INFO jisuan_print_time cmd string:N199 G1 F2400 X194.648 Y209.922 E234.936*14
2025-06-13T17:24:56.724442+0800 INFO left_time:left time show 4m  57s line num：851!
2025-06-13T17:24:57.607980+0800 INFO jisuan_print_time cmd string:N201 G1 F2400 X236.598 Y252.72 E238.04379*50
2025-06-13T17:24:57.717090+0800 INFO left_time:left time show 4m  56s line num：851!
2025-06-13T17:24:58.712778+0800 INFO left_time:left time show 4m  55s line num：851!
2025-06-13T17:24:59.260486+0800 INFO jisuan_print_time cmd string:N203 G1 F2400 X194.648 Y211.619 E241.08868*0
2025-06-13T17:24:59.713560+0800 INFO left_time:left time show 4m  54s line num：851!
2025-06-13T17:25:00.349720+0800 INFO left_time:left time show 2m  57s line num：912!
2025-06-13T17:25:00.714219+0800 INFO left_time:left time show 2m  56s line num：851!
2025-06-13T17:25:00.902518+0800 INFO jisuan_print_time cmd string:N205 G1 F2400 X234.901 Y252.72 E244.07075*63
2025-06-13T17:25:01.710598+0800 INFO left_time:left time show 2m  55s line num：851!
2025-06-13T17:25:02.508084+0800 INFO jisuan_print_time cmd string:N207 G1 F2400 X194.648 Y213.316 E246.98993*7
2025-06-13T17:25:02.724523+0800 INFO left_time:left time show 2m  54s line num：851!
2025-06-13T17:25:03.719156+0800 INFO left_time:left time show 2m  53s line num：851!
2025-06-13T17:25:04.094610+0800 INFO jisuan_print_time cmd string:N209 G1 F2400 X233.204 Y252.72 E249.84628*50
2025-06-13T17:25:04.719184+0800 INFO left_time:left time show 2m  52s line num：851!
2025-06-13T17:25:05.627015+0800 INFO jisuan_print_time cmd string:N211 G1 F2400 X194.648 Y215.013 E252.63973*15
2025-06-13T17:25:05.719097+0800 INFO left_time:left time show 2m  51s line num：851!
2025-06-13T17:25:06.716389+0800 INFO left_time:left time show 2m  50s line num：851!
2025-06-13T17:25:07.142085+0800 INFO jisuan_print_time cmd string:N213 G1 F2400 X231.507 Y252.72 E255.37036*51
2025-06-13T17:25:07.721624+0800 INFO left_time:left time show 2m  49s line num：851!
2025-06-13T17:25:08.654233+0800 INFO if  filament error, broken in a:

2025-06-13T17:25:08.654750+0800 INFO brokening：line:filament error, broken  broken: False
2025-06-13T17:25:08.655947+0800 INFO runout_ui_log a:1

2025-06-13T17:25:08.670880+0800 INFO PAUSE PRINT SUCCESS!
2025-06-13T17:25:08.670880+0800 INFO runout_ui_log a:中文

2025-06-13T17:25:08.752281+0800 INFO self.changeValue_runoutFlag.emit(1)

2025-06-13T17:25:08.934474+0800 INFO if  filament error, broken in a:

2025-06-13T17:25:08.935989+0800 INFO brokening：line:filament error, broken  broken: True
2025-06-13T17:25:08.947944+0800 INFO if  filament error, broken in a:

2025-06-13T17:25:08.949464+0800 INFO brokening：line:filament error, broken  broken: True
2025-06-13T17:25:08.962056+0800 INFO if  filament error, broken in a:

2025-06-13T17:25:08.962056+0800 INFO brokening：line:filament error, broken  broken: True
2025-06-13T17:25:08.976703+0800 INFO if  filament error, broken in a:

2025-06-13T17:25:08.977714+0800 INFO brokening：line:filament error, broken  broken: True
2025-06-13T17:25:08.991083+0800 INFO if  filament error, broken in a:

2025-06-13T17:25:08.991083+0800 INFO brokening：line:filament error, broken  broken: True
2025-06-13T17:25:09.004350+0800 INFO if  filament error, broken in a:

2025-06-13T17:25:09.004350+0800 INFO brokening：line:filament error, broken  broken: True
2025-06-13T17:25:09.017520+0800 INFO if  filament error, broken in a:

2025-06-13T17:25:09.017520+0800 INFO brokening：line:filament error, broken  broken: True
2025-06-13T17:25:09.030304+0800 INFO if  filament error, broken in a:

2025-06-13T17:25:09.031307+0800 INFO brokening：line:filament error, broken  broken: True
2025-06-13T17:25:09.046088+0800 INFO if  filament error, broken in a:

2025-06-13T17:25:09.047291+0800 INFO brokening：line:filament error, broken  broken: True
2025-06-13T17:25:09.062624+0800 INFO if  filament error, broken in a:

2025-06-13T17:25:09.064146+0800 INFO brokening：line:filament error, broken  broken: True
2025-06-13T17:25:16.500437+0800 INFO ('ok', [('300',)])
2025-06-13T17:25:16.504447+0800 INFO ('ok', [('G250 S110',)])
