2025-06-13T16:48:08.823317+0800 INFO INLONG CONNECT SUCCESS!
2025-06-13T16:48:13.280772+0800 INFO 获取播放库句柄成功
2025-06-13T16:48:16.794686+0800 INFO Login device fail, error code is: 7
2025-06-13T16:48:16.841411+0800 INFO Login device succesed
2025-06-13T16:48:18.528243+0800 INFO Open preview fail, error code is: 3
2025-06-13T16:48:18.529247+0800 INFO Open preview successed
2025-06-13T16:48:22.977532+0800 INFO UPDATE gcode:CFFFP_AA_3分钟.gcodeSUCCESS!
2025-06-13T16:48:24.386256+0800 INFO LOAD GCODE SUCCESS!
2025-06-13T16:48:24.399789+0800 ERROR 'NoneType' object has no attribute 'replace'
error file:D:\git\YLong\INLONG2025052101(UI)\SC12060.py
error line:3383
2025-06-13T16:48:24.400795+0800 INFO total E:23866.256950000003
2025-06-13T16:48:25.521399+0800 INFO 打印开始
2025-06-13T16:48:26.725267+0800 INFO START PRINT SUCCESS!
2025-06-13T16:48:43.240394+0800 INFO jisuan_print_time cmd string:N9 G92 E0*78
2025-06-13T16:48:43.262147+0800 INFO jisuan_print_time cmd string:N10 G1 F200 E3*27
2025-06-13T16:48:43.276323+0800 INFO jisuan_print_time cmd string:N11 G92 E0*119
2025-06-13T16:49:36.049943+0800 INFO jisuan_print_time cmd string:N12 G92 E0*116
2025-06-13T16:49:36.073674+0800 INFO jisuan_print_time cmd string:N13 G92 E0*117
2025-06-13T16:49:36.092398+0800 INFO jisuan_print_time cmd string:N14 G1 F3600 E-2.5*31
2025-06-13T16:49:36.151105+0800 INFO jisuan_print_time cmd string:N17 G1 F3600 E0.12473*53
2025-06-13T16:49:36.168353+0800 INFO jisuan_print_time cmd string:N18 G1 F2400 X251.98 Y195.392 E2.9601*53
2025-06-13T16:49:36.179598+0800 INFO jisuan_print_time cmd string:N19 G1 X193.78 Y195.392 E5.79548*105
2025-06-13T16:49:36.185681+0800 INFO jisuan_print_time cmd string:N20 G1 X193.78 Y253.592 E8.63085*110
2025-06-13T16:49:36.196813+0800 INFO jisuan_print_time cmd string:N21 G1 X251.98 Y253.592 E11.46623*89
2025-06-13T16:49:36.215464+0800 INFO jisuan_print_time cmd string:N23 G1 F2400 X252.58 Y194.792 E14.36006*61
2025-06-13T16:49:36.227549+0800 INFO jisuan_print_time cmd string:N24 G1 X193.18 Y194.792 E17.2539*109
2025-06-13T16:49:36.244186+0800 INFO jisuan_print_time cmd string:N25 G1 X193.18 Y254.192 E20.14773*90
2025-06-13T16:49:36.246184+0800 INFO jisuan_print_time cmd string:N26 G1 X252.58 Y254.192 E23.04157*81
2025-06-13T16:49:39.955968+0800 INFO jisuan_print_time cmd string:N30 G1 F2400 X194.348 Y253.02 E26.03064*49
2025-06-13T16:49:40.047777+0800 INFO jisuan_print_time cmd string:N31 G1 X194.348 Y195.96 E29.01971*84
2025-06-13T16:49:43.249170+0800 INFO left_time:left time show 2h  28m  47s line num：912!
2025-06-13T16:49:43.571391+0800 INFO left_time:left time show 2h  28m  46s line num：839!
2025-06-13T16:49:44.574386+0800 INFO left_time:left time show 2h  28m  45s line num：839!
2025-06-13T16:49:45.580746+0800 INFO left_time:left time show 2h  28m  44s line num：839!
2025-06-13T16:49:46.048389+0800 INFO jisuan_print_time cmd string:N32 G1 X251.408 Y195.96 E32.00879*92
2025-06-13T16:49:46.160998+0800 INFO jisuan_print_time cmd string:N33 G1 X251.408 Y253.02 E34.99786*80
2025-06-13T16:49:46.578263+0800 INFO left_time:left time show 2h  28m  43s line num：839!
2025-06-13T16:49:47.575678+0800 INFO left_time:left time show 2h  28m  42s line num：839!
2025-06-13T16:49:48.576249+0800 INFO left_time:left time show 2h  28m  41s line num：839!
2025-06-13T16:49:49.076936+0800 INFO jisuan_print_time cmd string:N35 G1 F2400 X250.566 Y196.26 E35.03801*48
2025-06-13T16:49:49.572849+0800 INFO left_time:left time show 2h  28m  40s line num：839!
2025-06-13T16:49:50.586594+0800 INFO left_time:left time show 2h  28m  39s line num：839!
2025-06-13T16:49:51.590546+0800 INFO left_time:left time show 2h  28m  38s line num：839!
2025-06-13T16:49:51.996452+0800 INFO jisuan_print_time cmd string:N37 G1 F2400 X251.108 Y197.65 E35.14099*54
2025-06-13T16:49:52.591499+0800 INFO left_time:left time show 2h  28m  37s line num：839!
2025-06-13T16:49:53.510742+0800 INFO jisuan_print_time cmd string:N39 G1 F2400 X248.869 Y196.26 E35.30686*54
2025-06-13T16:49:53.600052+0800 INFO left_time:left time show 2h  28m  36s line num：839!
2025-06-13T16:49:54.595821+0800 INFO left_time:left time show 2h  28m  35s line num：839!
2025-06-13T16:49:55.592912+0800 INFO left_time:left time show 2h  28m  34s line num：839!
2025-06-13T16:49:56.509592+0800 INFO jisuan_print_time cmd string:N41 G1 F2400 X251.108 Y199.348 E35.53559*15
2025-06-13T16:49:56.589242+0800 INFO left_time:left time show 2h  28m  33s line num：839!
2025-06-13T16:49:57.586351+0800 INFO left_time:left time show 2h  28m  32s line num：839!
2025-06-13T16:49:58.000206+0800 INFO jisuan_print_time cmd string:N43 G1 F2400 X247.172 Y196.26 E35.82718*56
2025-06-13T16:49:58.587368+0800 INFO left_time:left time show 2h  28m  31s line num：839!
2025-06-13T16:49:59.449275+0800 INFO jisuan_print_time cmd string:N45 G1 F2400 X251.108 Y201.045 E36.18167*2
2025-06-13T16:49:59.588364+0800 INFO left_time:left time show 2h  28m  30s line num：839!
2025-06-13T16:50:00.596768+0800 INFO left_time:left time show 2h  28m  29s line num：839!
2025-06-13T16:50:01.586476+0800 INFO left_time:left time show 2h  28m  28s line num：839!
2025-06-13T16:50:02.588002+0800 INFO left_time:left time show 2h  28m  27s line num：839!
2025-06-13T16:50:03.586605+0800 INFO left_time:left time show 2h  28m  26s line num：839!
2025-06-13T16:50:03.744237+0800 INFO jisuan_print_time cmd string:N47 G1 F2400 X245.475 Y196.26 E36.59898*62
2025-06-13T16:50:04.589694+0800 INFO left_time:left time show 2h  28m  25s line num：839!
2025-06-13T16:50:04.739434+0800 INFO jisuan_print_time cmd string:N49 G1 F2400 X251.108 Y202.742 E37.07919*3
2025-06-13T16:50:04.895392+0800 INFO jisuan_print_time cmd string:N51 G1 F2400 X243.778 Y196.26 E37.62222*51
2025-06-13T16:50:05.049100+0800 INFO jisuan_print_time cmd string:N53 G1 F2400 X251.108 Y204.439 E38.22814*5
2025-06-13T16:50:05.204204+0800 INFO jisuan_print_time cmd string:N55 G1 F2400 X242.081 Y196.26 E38.89689*56
2025-06-13T16:50:05.407046+0800 INFO jisuan_print_time cmd string:N57 G1 F2400 X251.108 Y206.136 E39.62854*8
2025-06-13T16:50:05.586639+0800 INFO left_time:left time show 2h  28m  24s line num：839!
2025-06-13T16:50:05.646242+0800 INFO jisuan_print_time cmd string:N59 G1 F2400 X240.384 Y196.26 E40.42301*61
2025-06-13T16:50:05.879039+0800 INFO jisuan_print_time cmd string:N61 G1 F2400 X251.108 Y207.833 E41.28037*12
2025-06-13T16:50:06.158988+0800 INFO jisuan_print_time cmd string:N63 G1 F2400 X238.687 Y196.26 E42.20056*58
2025-06-13T16:50:06.471706+0800 INFO jisuan_print_time cmd string:N65 G1 F2400 X251.108 Y209.53 E43.18364*60
2025-06-13T16:50:06.591378+0800 INFO left_time:left time show 2h  28m  23s line num：839!
2025-06-13T16:50:06.812851+0800 INFO jisuan_print_time cmd string:N67 G1 F2400 X236.99 Y196.26 E44.22955*7
2025-06-13T16:50:07.204254+0800 INFO jisuan_print_time cmd string:N69 G1 F2400 X251.108 Y211.227 E45.33835*8
2025-06-13T16:50:07.592103+0800 INFO left_time:left time show 2h  28m  22s line num：839!
2025-06-13T16:50:07.593096+0800 INFO jisuan_print_time cmd string:N71 G1 F2400 X235.293 Y196.26 E46.50997*50
2025-06-13T16:50:08.029649+0800 INFO jisuan_print_time cmd string:N73 G1 F2400 X251.108 Y212.924 E47.7445*54
2025-06-13T16:50:08.490794+0800 INFO jisuan_print_time cmd string:N75 G1 F2400 X233.596 Y196.26 E49.04188*58
2025-06-13T16:50:08.599079+0800 INFO left_time:left time show 2h  28m  21s line num：839!
2025-06-13T16:50:08.992209+0800 INFO jisuan_print_time cmd string:N77 G1 F2400 X251.108 Y214.621 E50.40212*15
2025-06-13T16:50:09.514798+0800 INFO jisuan_print_time cmd string:N79 G1 F2400 X231.898 Y196.26 E51.82526*48
2025-06-13T16:50:09.592119+0800 INFO left_time:left time show 2h  28m  20s line num：839!
2025-06-13T16:50:10.062269+0800 INFO jisuan_print_time cmd string:N81 G1 F2400 X251.108 Y216.318 E53.31122*14
2025-06-13T16:50:10.592857+0800 INFO left_time:left time show 2h  28m  19s line num：839!
2025-06-13T16:50:10.655356+0800 INFO jisuan_print_time cmd string:N83 G1 F2400 X230.201 Y196.26 E54.86007*57
2025-06-13T16:50:11.267816+0800 INFO jisuan_print_time cmd string:N85 G1 F2400 X251.108 Y218.015 E56.47175*12
2025-06-13T16:50:11.593089+0800 INFO left_time:left time show 2h  28m  18s line num：839!
2025-06-13T16:50:11.904793+0800 INFO jisuan_print_time cmd string:N87 G1 F2400 X228.504 Y196.26 E58.14633*48
2025-06-13T16:50:12.589081+0800 INFO left_time:left time show 2h  28m  17s line num：839!
2025-06-13T16:50:12.593176+0800 INFO jisuan_print_time cmd string:N89 G1 F2400 X251.108 Y219.712 E59.88373*9
2025-06-13T16:50:13.296405+0800 INFO jisuan_print_time cmd string:N91 G1 F2400 X226.807 Y196.26 E61.68402*54
2025-06-13T16:50:13.592136+0800 INFO left_time:left time show 2h  28m  16s line num：839!
2025-06-13T16:50:14.028255+0800 INFO jisuan_print_time cmd string:N93 G1 F2400 X251.108 Y221.409 E63.54714*13
2025-06-13T16:50:14.586545+0800 INFO left_time:left time show 2h  28m  15s line num：839!
2025-06-13T16:50:14.790562+0800 INFO jisuan_print_time cmd string:N95 G1 F2400 X225.11 Y196.26 E65.47316*5
2025-06-13T16:50:15.589671+0800 INFO left_time:left time show 2h  28m  14s line num：839!
2025-06-13T16:50:15.628317+0800 INFO jisuan_print_time cmd string:N97 G1 F2400 X251.108 Y223.106 E67.46199*5
2025-06-13T16:50:16.414501+0800 INFO jisuan_print_time cmd string:N99 G1 F2400 X223.413 Y196.26 E69.51373*49
2025-06-13T16:50:16.599419+0800 INFO left_time:left time show 2h  28m  13s line num：839!
2025-06-13T16:50:17.271454+0800 INFO jisuan_print_time cmd string:N101 G1 F2400 X251.108 Y224.803 E71.62828*50
2025-06-13T16:50:17.599074+0800 INFO left_time:left time show 2h  28m  12s line num：839!
2025-06-13T16:50:18.143181+0800 INFO jisuan_print_time cmd string:N103 G1 F2400 X221.716 Y196.26 E73.80573*6
2025-06-13T16:50:18.587593+0800 INFO left_time:left time show 2h  28m  11s line num：839!
2025-06-13T16:50:19.062114+0800 INFO jisuan_print_time cmd string:N105 G1 F2400 X251.108 Y226.5 E76.04601*56
2025-06-13T16:50:19.593475+0800 INFO left_time:left time show 2h  28m  10s line num：839!
2025-06-13T16:50:20.042641+0800 INFO jisuan_print_time cmd string:N107 G1 F2400 X220.019 Y196.26 E78.34918*14
2025-06-13T16:50:20.588169+0800 INFO left_time:left time show 2h  28m  9s line num：839!
2025-06-13T16:50:20.994345+0800 INFO jisuan_print_time cmd string:N109 G1 F2400 X251.108 Y228.198 E80.71521*53
2025-06-13T16:50:21.592642+0800 INFO left_time:left time show 2h  28m  8s line num：839!
2025-06-13T16:50:21.996342+0800 INFO jisuan_print_time cmd string:N111 G1 F2400 X218.322 Y196.26 E83.1441*58
2025-06-13T16:50:22.587752+0800 INFO left_time:left time show 2h  28m  7s line num：839!
2025-06-13T16:50:23.029441+0800 INFO jisuan_print_time cmd string:N113 G1 F2400 X251.108 Y229.895 E85.63585*51
2025-06-13T16:50:23.586589+0800 INFO left_time:left time show 2h  28m  6s line num：839!
2025-06-13T16:50:24.101585+0800 INFO jisuan_print_time cmd string:N115 G1 F2400 X216.625 Y196.26 E88.19046*3
2025-06-13T16:50:24.599626+0800 INFO left_time:left time show 2h  28m  5s line num：839!
2025-06-13T16:50:25.200562+0800 INFO jisuan_print_time cmd string:N117 G1 F2400 X251.108 Y231.592 E90.80797*60
2025-06-13T16:50:25.594507+0800 INFO left_time:left time show 2h  28m  4s line num：839!
2025-06-13T16:50:26.331397+0800 INFO jisuan_print_time cmd string:N119 G1 F2400 X214.928 Y196.26 E93.4883*56
2025-06-13T16:50:26.588027+0800 INFO left_time:left time show 2h  28m  3s line num：839!
2025-06-13T16:50:27.486237+0800 INFO jisuan_print_time cmd string:N121 G1 F2400 X251.108 Y233.289 E96.23152*54
2025-06-13T16:50:27.590770+0800 INFO left_time:left time show 2h  28m  2s line num：839!
2025-06-13T16:50:28.596700+0800 INFO left_time:left time show 2h  28m  1s line num：839!
2025-06-13T16:50:28.676225+0800 INFO jisuan_print_time cmd string:N123 G1 F2400 X213.231 Y196.26 E99.03757*14
2025-06-13T16:50:29.589476+0800 INFO left_time:left time show 2h  28m  0s line num：839!
2025-06-13T16:50:29.887712+0800 INFO jisuan_print_time cmd string:N125 G1 F2400 X251.108 Y234.986 E101.90652*1
2025-06-13T16:50:30.588290+0800 INFO left_time:left time show 2h  27m  59s line num：839!
2025-06-13T16:50:31.138369+0800 INFO jisuan_print_time cmd string:N127 G1 F2400 X211.534 Y196.26 E104.83829*49
2025-06-13T16:50:31.586573+0800 INFO left_time:left time show 2h  27m  58s line num：839!
2025-06-13T16:50:32.427723+0800 INFO jisuan_print_time cmd string:N129 G1 F2400 X251.108 Y236.683 E107.83295*14
2025-06-13T16:50:32.586564+0800 INFO left_time:left time show 2h  27m  57s line num：839!
2025-06-13T16:50:33.595223+0800 INFO left_time:left time show 2h  27m  56s line num：839!
2025-06-13T16:50:33.737066+0800 INFO jisuan_print_time cmd string:N131 G1 F2400 X209.837 Y196.26 E110.89044*61
2025-06-13T16:50:34.586594+0800 INFO left_time:left time show 2h  27m  55s line num：839!
2025-06-13T16:50:35.071218+0800 INFO jisuan_print_time cmd string:N133 G1 F2400 X251.108 Y238.38 E114.01082*49
2025-06-13T16:50:35.596350+0800 INFO left_time:left time show 2h  27m  54s line num：839!
2025-06-13T16:50:36.437212+0800 INFO jisuan_print_time cmd string:N135 G1 F2400 X208.14 Y196.26 E117.19402*9
2025-06-13T16:50:36.597401+0800 INFO left_time:left time show 2h  27m  53s line num：839!
2025-06-13T16:50:37.593054+0800 INFO left_time:left time show 2h  27m  52s line num：839!
2025-06-13T16:50:37.843374+0800 INFO jisuan_print_time cmd string:N137 G1 F2400 X251.108 Y240.077 E120.44013*15
2025-06-13T16:50:38.590243+0800 INFO left_time:left time show 2h  27m  51s line num：839!
2025-06-13T16:50:39.264652+0800 INFO jisuan_print_time cmd string:N139 G1 F2400 X206.443 Y196.26 E123.74905*59
2025-06-13T16:50:39.589796+0800 INFO left_time:left time show 2h  27m  50s line num：839!
2025-06-13T16:50:40.596097+0800 INFO left_time:left time show 2h  27m  49s line num：839!
2025-06-13T16:50:40.722177+0800 INFO jisuan_print_time cmd string:N141 G1 F2400 X251.108 Y241.774 E127.12087*2
2025-06-13T16:50:41.589143+0800 INFO left_time:left time show 2h  27m  48s line num：839!
2025-06-13T16:50:42.217694+0800 INFO jisuan_print_time cmd string:N143 G1 F2400 X204.746 Y196.26 E130.55552*61
2025-06-13T16:50:42.589814+0800 INFO left_time:left time show 2h  27m  47s line num：839!
2025-06-13T16:50:43.240600+0800 INFO left_time:left time show 10m  4s line num：912!
2025-06-13T16:50:43.587670+0800 INFO left_time:left time show 10m  3s line num：851!
2025-06-13T16:50:43.742266+0800 INFO jisuan_print_time cmd string:N145 G1 F2400 X251.108 Y243.471 E134.05306*12
2025-06-13T16:50:44.585749+0800 INFO left_time:left time show 10m  2s line num：851!
2025-06-13T16:50:45.288159+0800 INFO jisuan_print_time cmd string:N147 G1 F2400 X203.049 Y196.26 E137.61346*53
2025-06-13T16:50:45.584491+0800 INFO left_time:left time show 10m  1s line num：851!
2025-06-13T16:50:46.586385+0800 INFO left_time:left time show 10m  0s line num：851!
2025-06-13T16:50:46.866249+0800 INFO jisuan_print_time cmd string:N149 G1 F2400 X251.108 Y245.168 E141.23672*11
2025-06-13T16:50:47.599278+0800 INFO left_time:left time show 9m  59s line num：851!
2025-06-13T16:50:48.469135+0800 INFO jisuan_print_time cmd string:N151 G1 F2400 X201.351 Y196.26 E144.92287*62
2025-06-13T16:50:48.592670+0800 INFO left_time:left time show 9m  58s line num：851!
2025-06-13T16:50:49.609400+0800 INFO left_time:left time show 9m  57s line num：851!
2025-06-13T16:50:50.115974+0800 INFO jisuan_print_time cmd string:N153 G1 F2400 X251.108 Y246.865 E148.67185*1
2025-06-13T16:50:50.588244+0800 INFO left_time:left time show 9m  56s line num：851!
2025-06-13T16:50:51.586643+0800 INFO left_time:left time show 9m  55s line num：851!
2025-06-13T16:50:51.876243+0800 INFO jisuan_print_time cmd string:N155 G1 F2400 X199.654 Y196.26 E152.48373*50
2025-06-13T16:50:52.594282+0800 INFO left_time:left time show 9m  54s line num：851!
2025-06-13T16:50:53.504620+0800 INFO jisuan_print_time cmd string:N157 G1 F2400 X251.108 Y248.562 E156.35843*10
2025-06-13T16:50:53.593309+0800 INFO left_time:left time show 9m  53s line num：851!
2025-06-13T16:50:54.589196+0800 INFO left_time:left time show 9m  52s line num：851!
2025-06-13T16:50:55.210800+0800 INFO jisuan_print_time cmd string:N159 G1 F2400 X197.957 Y196.26 E160.29602*57
2025-06-13T16:50:55.596279+0800 INFO left_time:left time show 9m  51s line num：851!
2025-06-13T16:50:56.589832+0800 INFO left_time:left time show 9m  50s line num：851!
2025-06-13T16:50:56.973077+0800 INFO jisuan_print_time cmd string:N161 G1 F2400 X251.108 Y250.259 E164.29644*12
2025-06-13T16:50:57.588285+0800 INFO left_time:left time show 9m  49s line num：851!
2025-06-13T16:50:58.590251+0800 INFO left_time:left time show 9m  48s line num：851!
2025-06-13T16:50:58.778379+0800 INFO jisuan_print_time cmd string:N163 G1 F2400 X196.26 Y196.26 E168.35975*4
2025-06-13T16:50:59.587830+0800 INFO left_time:left time show 9m  47s line num：851!
2025-06-13T16:51:00.587107+0800 INFO left_time:left time show 9m  46s line num：851!
2025-06-13T16:51:00.589165+0800 INFO jisuan_print_time cmd string:N165 G1 F2400 X251.108 Y251.956 E172.48589*15
2025-06-13T16:51:01.587505+0800 INFO left_time:left time show 9m  45s line num：851!
2025-06-13T16:51:02.594574+0800 INFO left_time:left time show 9m  44s line num：851!
2025-06-13T16:51:03.587661+0800 INFO left_time:left time show 9m  43s line num：851!
2025-06-13T16:51:04.594514+0800 INFO left_time:left time show 9m  42s line num：851!
2025-06-13T16:51:05.587917+0800 INFO left_time:left time show 9m  41s line num：851!
2025-06-13T16:51:06.589888+0800 INFO left_time:left time show 9m  40s line num：851!
2025-06-13T16:51:07.586416+0800 INFO left_time:left time show 9m  39s line num：851!
2025-06-13T16:51:08.593255+0800 INFO left_time:left time show 9m  38s line num：851!
2025-06-13T16:51:09.588415+0800 INFO left_time:left time show 9m  37s line num：851!
2025-06-13T16:51:10.599991+0800 INFO left_time:left time show 9m  36s line num：851!
2025-06-13T16:51:11.589603+0800 INFO left_time:left time show 9m  35s line num：851!
2025-06-13T16:51:12.591992+0800 INFO left_time:left time show 9m  34s line num：851!
2025-06-13T16:51:13.591133+0800 INFO left_time:left time show 9m  33s line num：851!
2025-06-13T16:51:14.587627+0800 INFO left_time:left time show 9m  32s line num：851!
2025-06-13T16:51:15.590616+0800 INFO left_time:left time show 9m  31s line num：851!
2025-06-13T16:51:16.594280+0800 INFO left_time:left time show 9m  30s line num：851!
2025-06-13T16:51:17.593377+0800 INFO left_time:left time show 9m  29s line num：851!
2025-06-13T16:51:18.591821+0800 INFO left_time:left time show 9m  28s line num：851!
2025-06-13T16:51:19.590641+0800 INFO left_time:left time show 9m  27s line num：851!
2025-06-13T16:51:20.586467+0800 INFO left_time:left time show 9m  26s line num：851!
2025-06-13T16:51:21.012918+0800 INFO jisuan_print_time cmd string:N167 G1 F2400 X194.648 Y196.345 E176.66233*10
2025-06-13T16:51:21.056489+0800 INFO jisuan_print_time cmd string:N169 G1 F2400 X250.174 Y252.72 E180.77587*58
2025-06-13T16:51:21.084337+0800 INFO jisuan_print_time cmd string:N171 G1 F2400 X194.648 Y198.042 E184.82659*8
2025-06-13T16:51:21.121971+0800 INFO jisuan_print_time cmd string:N173 G1 F2400 X248.477 Y252.72 E188.81441*52
2025-06-13T16:51:21.137030+0800 INFO jisuan_print_time cmd string:N175 G1 F2400 X194.648 Y199.739 E192.73941*9
2025-06-13T16:51:21.163515+0800 INFO jisuan_print_time cmd string:N177 G1 F2400 X246.78 Y252.72 E196.60152*2
2025-06-13T16:51:21.586602+0800 INFO left_time:left time show 9m  25s line num：851!
2025-06-13T16:51:22.587960+0800 INFO left_time:left time show 9m  24s line num：851!
2025-06-13T16:51:23.089150+0800 INFO jisuan_print_time cmd string:N179 G1 F2400 X194.648 Y201.436 E200.4008*55
2025-06-13T16:51:23.601104+0800 INFO left_time:left time show 9m  23s line num：851!
2025-06-13T16:51:24.601338+0800 INFO left_time:left time show 9m  22s line num：851!
2025-06-13T16:51:25.107236+0800 INFO jisuan_print_time cmd string:N181 G1 F2400 X245.083 Y252.72 E204.13718*56
2025-06-13T16:51:25.597596+0800 INFO left_time:left time show 9m  21s line num：851!
2025-06-13T16:51:26.592827+0800 INFO left_time:left time show 9m  20s line num：851!
2025-06-13T16:51:27.060799+0800 INFO jisuan_print_time cmd string:N183 G1 F2400 X194.648 Y203.133 E207.81074*1
2025-06-13T16:51:27.585528+0800 INFO left_time:left time show 9m  19s line num：851!
2025-06-13T16:51:28.588249+0800 INFO left_time:left time show 9m  18s line num：851!
2025-06-13T16:51:28.993359+0800 INFO jisuan_print_time cmd string:N185 G1 F2400 X243.386 Y252.72 E211.42141*54
2025-06-13T16:51:29.584859+0800 INFO left_time:left time show 9m  17s line num：851!
2025-06-13T16:51:30.611961+0800 INFO left_time:left time show 9m  16s line num：851!
2025-06-13T16:51:31.166731+0800 INFO jisuan_print_time cmd string:N187 G1 F2400 X194.648 Y204.83 E214.96925*49
2025-06-13T16:51:31.585434+0800 INFO left_time:left time show 9m  15s line num：851!
2025-06-13T16:51:32.597384+0800 INFO left_time:left time show 9m  14s line num：851!
2025-06-13T16:51:32.767370+0800 INFO jisuan_print_time cmd string:N189 G1 F2400 X241.689 Y252.72 E218.4542*14
2025-06-13T16:51:33.597961+0800 INFO left_time:left time show 9m  13s line num：851!
2025-06-13T16:51:34.799311+0800 INFO left_time:left time show 9m  12s line num：851!
2025-06-13T16:51:34.960522+0800 INFO jisuan_print_time cmd string:N191 G1 F2400 X194.648 Y206.528 E221.87629*5
2025-06-13T16:51:35.594288+0800 INFO left_time:left time show 9m  11s line num：851!
2025-06-13T16:51:36.430770+0800 INFO jisuan_print_time cmd string:N193 G1 F2400 X239.992 Y252.72 E225.23551*54
2025-06-13T16:51:36.590297+0800 INFO left_time:left time show 9m  10s line num：851!
2025-06-13T16:51:37.600975+0800 INFO left_time:left time show 9m  9s line num：851!
2025-06-13T16:51:38.212694+0800 INFO jisuan_print_time cmd string:N195 G1 F2400 X194.648 Y208.225 E228.53188*9
2025-06-13T16:51:38.589570+0800 INFO left_time:left time show 9m  8s line num：851!
2025-06-13T16:51:39.586948+0800 INFO left_time:left time show 9m  7s line num：851!
2025-06-13T16:51:39.969155+0800 INFO jisuan_print_time cmd string:N197 G1 F2400 X238.295 Y252.72 E231.76539*52
2025-06-13T16:51:40.589290+0800 INFO left_time:left time show 9m  6s line num：851!
2025-06-13T16:51:41.592656+0800 INFO left_time:left time show 9m  5s line num：851!
2025-06-13T16:51:41.686357+0800 INFO jisuan_print_time cmd string:N199 G1 F2400 X194.648 Y209.922 E234.936*14
2025-06-13T16:51:42.593540+0800 INFO left_time:left time show 9m  4s line num：851!
2025-06-13T16:51:43.247597+0800 INFO left_time:left time show 4m  49s line num：912!
2025-06-13T16:51:43.393334+0800 INFO jisuan_print_time cmd string:N201 G1 F2400 X236.598 Y252.72 E238.04379*50
2025-06-13T16:51:43.590963+0800 INFO left_time:left time show 4m  48s line num：851!
2025-06-13T16:51:44.596817+0800 INFO left_time:left time show 4m  47s line num：851!
2025-06-13T16:51:45.046035+0800 INFO jisuan_print_time cmd string:N203 G1 F2400 X194.648 Y211.619 E241.08868*0
2025-06-13T16:51:45.586350+0800 INFO left_time:left time show 4m  46s line num：851!
2025-06-13T16:51:46.590756+0800 INFO left_time:left time show 4m  45s line num：851!
2025-06-13T16:51:46.685569+0800 INFO jisuan_print_time cmd string:N205 G1 F2400 X234.901 Y252.72 E244.07075*63
2025-06-13T16:51:47.599327+0800 INFO left_time:left time show 4m  44s line num：851!
2025-06-13T16:51:48.300839+0800 INFO jisuan_print_time cmd string:N207 G1 F2400 X194.648 Y213.316 E246.98993*7
2025-06-13T16:51:48.590699+0800 INFO left_time:left time show 4m  43s line num：851!
2025-06-13T16:51:49.588044+0800 INFO left_time:left time show 4m  42s line num：851!
2025-06-13T16:51:50.596075+0800 INFO left_time:left time show 4m  41s line num：851!
2025-06-13T16:51:51.594702+0800 INFO left_time:left time show 4m  40s line num：851!
2025-06-13T16:51:52.589876+0800 INFO left_time:left time show 4m  39s line num：851!
2025-06-13T16:51:53.586478+0800 INFO left_time:left time show 4m  38s line num：851!
2025-06-13T16:51:54.589184+0800 INFO left_time:left time show 4m  37s line num：851!
2025-06-13T16:51:55.599477+0800 INFO left_time:left time show 4m  36s line num：851!
2025-06-13T16:51:56.587794+0800 INFO left_time:left time show 4m  35s line num：851!
2025-06-13T16:51:57.591442+0800 INFO left_time:left time show 4m  34s line num：851!
2025-06-13T16:51:58.596912+0800 INFO left_time:left time show 4m  33s line num：851!
2025-06-13T16:51:59.591508+0800 INFO left_time:left time show 4m  32s line num：851!
2025-06-13T16:52:00.588830+0800 INFO left_time:left time show 4m  31s line num：851!
2025-06-13T16:52:01.586295+0800 INFO left_time:left time show 4m  30s line num：851!
2025-06-13T16:52:02.596094+0800 INFO left_time:left time show 4m  29s line num：851!
2025-06-13T16:52:03.588308+0800 INFO left_time:left time show 4m  28s line num：851!
2025-06-13T16:52:04.592733+0800 INFO left_time:left time show 4m  27s line num：851!
2025-06-13T16:52:05.592424+0800 INFO left_time:left time show 4m  26s line num：851!
2025-06-13T16:52:06.602772+0800 INFO left_time:left time show 4m  25s line num：851!
2025-06-13T16:52:07.588447+0800 INFO left_time:left time show 4m  24s line num：851!
2025-06-13T16:52:08.589272+0800 INFO left_time:left time show 4m  23s line num：851!
2025-06-13T16:52:09.597902+0800 INFO left_time:left time show 4m  22s line num：851!
2025-06-13T16:52:10.597105+0800 INFO left_time:left time show 4m  21s line num：851!
2025-06-13T16:52:11.584252+0800 INFO left_time:left time show 4m  20s line num：851!
2025-06-13T16:52:12.590640+0800 INFO left_time:left time show 4m  19s line num：851!
2025-06-13T16:52:13.586426+0800 INFO left_time:left time show 4m  18s line num：851!
2025-06-13T16:52:14.588505+0800 INFO left_time:left time show 4m  17s line num：851!
2025-06-13T16:52:15.592766+0800 INFO left_time:left time show 4m  16s line num：851!
2025-06-13T16:52:16.591921+0800 INFO left_time:left time show 4m  15s line num：851!
2025-06-13T16:52:17.587707+0800 INFO left_time:left time show 4m  14s line num：851!
2025-06-13T16:52:18.599180+0800 INFO left_time:left time show 4m  13s line num：851!
2025-06-13T16:52:19.592797+0800 INFO left_time:left time show 4m  12s line num：851!
2025-06-13T16:52:20.597927+0800 INFO left_time:left time show 4m  11s line num：851!
2025-06-13T16:52:21.595624+0800 INFO left_time:left time show 4m  10s line num：851!
2025-06-13T16:52:22.595975+0800 INFO left_time:left time show 4m  9s line num：851!
2025-06-13T16:52:23.589164+0800 INFO left_time:left time show 4m  8s line num：851!
2025-06-13T16:52:24.587658+0800 INFO left_time:left time show 4m  7s line num：851!
2025-06-13T16:52:25.586466+0800 INFO left_time:left time show 4m  6s line num：851!
2025-06-13T16:52:26.586455+0800 INFO left_time:left time show 4m  5s line num：851!
2025-06-13T16:52:27.587987+0800 INFO left_time:left time show 4m  4s line num：851!
2025-06-13T16:52:28.594796+0800 INFO left_time:left time show 4m  3s line num：851!
2025-06-13T16:52:29.591962+0800 INFO left_time:left time show 4m  2s line num：851!
2025-06-13T16:52:30.593648+0800 INFO left_time:left time show 4m  1s line num：851!
2025-06-13T16:52:31.594674+0800 INFO left_time:left time show 4m  0s line num：851!
2025-06-13T16:52:32.591839+0800 INFO left_time:left time show 3m  59s line num：851!
2025-06-13T16:52:33.589587+0800 INFO left_time:left time show 3m  58s line num：851!
2025-06-13T16:52:34.599484+0800 INFO left_time:left time show 3m  57s line num：851!
2025-06-13T16:52:35.595598+0800 INFO left_time:left time show 3m  56s line num：851!
2025-06-13T16:52:36.590610+0800 INFO left_time:left time show 3m  55s line num：851!
2025-06-13T16:52:37.598116+0800 INFO left_time:left time show 3m  54s line num：851!
2025-06-13T16:52:38.597720+0800 INFO left_time:left time show 3m  53s line num：851!
2025-06-13T16:52:39.589944+0800 INFO left_time:left time show 3m  52s line num：851!
2025-06-13T16:52:40.585807+0800 INFO left_time:left time show 3m  51s line num：851!
2025-06-13T16:52:41.184196+0800 INFO jisuan_print_time cmd string:N209 G1 F2400 X233.204 Y252.72 E249.84628*50
2025-06-13T16:52:41.214568+0800 INFO jisuan_print_time cmd string:N211 G1 F2400 X194.648 Y215.013 E252.63973*15
2025-06-13T16:52:41.230719+0800 INFO jisuan_print_time cmd string:N213 G1 F2400 X231.507 Y252.72 E255.37036*51
2025-06-13T16:52:41.274534+0800 INFO jisuan_print_time cmd string:N215 G1 F2400 X194.648 Y216.71 E258.0381*4
2025-06-13T16:52:41.304620+0800 INFO jisuan_print_time cmd string:N217 G1 F2400 X229.81 Y252.72 E260.64301*2
2025-06-13T16:52:41.337719+0800 INFO jisuan_print_time cmd string:N219 G1 F2400 X194.648 Y218.407 E263.18503*14
2025-06-13T16:52:41.598046+0800 INFO left_time:left time show 3m  50s line num：851!
2025-06-13T16:52:42.593003+0800 INFO left_time:left time show 3m  49s line num：851!
2025-06-13T16:52:42.650377+0800 INFO jisuan_print_time cmd string:N221 G1 F2400 X228.113 Y252.72 E265.66422*61
2025-06-13T16:52:43.254461+0800 INFO left_time:left time show 4m  0s line num：912!
2025-06-13T16:52:43.596369+0800 INFO left_time:left time show 3m  59s line num：851!
2025-06-13T16:52:43.986266+0800 INFO jisuan_print_time cmd string:N223 G1 F2400 X194.648 Y220.104 E268.08052*1
2025-06-13T16:52:44.587329+0800 INFO left_time:left time show 3m  58s line num：851!
2025-06-13T16:52:45.320634+0800 INFO jisuan_print_time cmd string:N225 G1 F2400 X226.416 Y252.72 E270.43399*51
2025-06-13T16:52:45.599213+0800 INFO left_time:left time show 3m  57s line num：851!
2025-06-13T16:52:46.598493+0800 INFO left_time:left time show 3m  56s line num：851!
2025-06-13T16:52:46.657916+0800 INFO jisuan_print_time cmd string:N227 G1 F2400 X194.648 Y221.801 E272.72457*15
2025-06-13T16:52:47.591761+0800 INFO left_time:left time show 3m  55s line num：851!
2025-06-13T16:52:47.886274+0800 INFO jisuan_print_time cmd string:N229 G1 F2400 X224.719 Y252.72 E274.95229*52
2025-06-13T16:52:48.592055+0800 INFO left_time:left time show 3m  54s line num：851!
2025-06-13T16:52:49.139300+0800 INFO jisuan_print_time cmd string:N231 G1 F2400 X194.648 Y223.498 E277.11714*2
2025-06-13T16:52:49.586643+0800 INFO left_time:left time show 3m  53s line num：851!
2025-06-13T16:52:50.352819+0800 INFO jisuan_print_time cmd string:N233 G1 F2400 X223.021 Y252.72 E279.21911*54
2025-06-13T16:52:50.589171+0800 INFO left_time:left time show 3m  52s line num：851!
2025-06-13T16:52:51.529531+0800 INFO jisuan_print_time cmd string:N235 G1 F2400 X194.648 Y225.195 E281.25825*11
2025-06-13T16:52:51.588345+0800 INFO left_time:left time show 3m  51s line num：851!
2025-06-13T16:52:52.586367+0800 INFO left_time:left time show 3m  50s line num：851!
2025-06-13T16:52:52.681500+0800 INFO jisuan_print_time cmd string:N237 G1 F2400 X221.324 Y252.72 E283.23449*49
2025-06-13T16:52:53.597581+0800 INFO left_time:left time show 3m  49s line num：851!
2025-06-13T16:52:53.804151+0800 INFO jisuan_print_time cmd string:N239 G1 F2400 X194.648 Y226.892 E285.14791*12
2025-06-13T16:52:54.599246+0800 INFO left_time:left time show 3m  48s line num：851!
2025-06-13T16:52:54.894572+0800 INFO jisuan_print_time cmd string:N241 G1 F2400 X219.627 Y252.72 E286.99843*63
2025-06-13T16:52:55.594232+0800 INFO left_time:left time show 3m  47s line num：851!
2025-06-13T16:52:55.969391+0800 INFO jisuan_print_time cmd string:N243 G1 F2400 X194.648 Y228.589 E288.78613*4
2025-06-13T16:52:56.591863+0800 INFO left_time:left time show 3m  46s line num：851!
2025-06-13T16:52:56.981171+0800 INFO jisuan_print_time cmd string:N245 G1 F2400 X217.93 Y252.72 E290.51094*13
2025-06-13T16:52:57.586726+0800 INFO left_time:left time show 3m  45s line num：851!
2025-06-13T16:52:57.994419+0800 INFO jisuan_print_time cmd string:N247 G1 F2400 X194.648 Y230.286 E292.17292*14
2025-06-13T16:52:58.593618+0800 INFO left_time:left time show 3m  44s line num：851!
2025-06-13T16:52:58.950525+0800 INFO jisuan_print_time cmd string:N249 G1 F2400 X216.233 Y252.72 E293.772*48
2025-06-13T16:52:59.584850+0800 INFO left_time:left time show 3m  43s line num：851!
2025-06-13T16:52:59.899266+0800 INFO jisuan_print_time cmd string:N251 G1 F2400 X194.648 Y231.983 E295.30827*0
2025-06-13T16:53:00.596256+0800 INFO left_time:left time show 3m  42s line num：851!
2025-06-13T16:53:00.802133+0800 INFO jisuan_print_time cmd string:N253 G1 F2400 X214.536 Y252.72 E296.78163*55
2025-06-13T16:53:01.590956+0800 INFO left_time:left time show 3m  41s line num：851!
2025-06-13T16:53:01.686818+0800 INFO jisuan_print_time cmd string:N255 G1 F2400 X194.648 Y233.68 E298.19218*58
2025-06-13T16:53:02.532049+0800 INFO jisuan_print_time cmd string:N257 G1 F2400 X212.839 Y252.72 E299.53982*54
2025-06-13T16:53:02.592979+0800 INFO left_time:left time show 3m  40s line num：851!
2025-06-13T16:53:03.357596+0800 INFO jisuan_print_time cmd string:N259 G1 F2400 X194.648 Y235.377 E300.82465*3
2025-06-13T16:53:03.607934+0800 INFO left_time:left time show 3m  39s line num：851!
2025-06-13T16:53:04.143374+0800 INFO jisuan_print_time cmd string:N261 G1 F2400 X211.142 Y252.72 E302.04658*60
2025-06-13T16:53:04.603553+0800 INFO left_time:left time show 3m  38s line num：851!
2025-06-13T16:53:04.916164+0800 INFO jisuan_print_time cmd string:N263 G1 F2400 X194.648 Y237.075 E303.20564*2
2025-06-13T16:53:05.588190+0800 INFO left_time:left time show 3m  37s line num：851!
2025-06-13T16:53:05.651736+0800 INFO jisuan_print_time cmd string:N265 G1 F2400 X209.445 Y252.72 E304.30185*53
2025-06-13T16:53:06.331805+0800 INFO jisuan_print_time cmd string:N267 G1 F2400 X194.648 Y238.772 E305.3352*61
2025-06-13T16:53:06.586842+0800 INFO left_time:left time show 3m  36s line num：851!
2025-06-13T16:53:07.002206+0800 INFO jisuan_print_time cmd string:N269 G1 F2400 X207.748 Y252.72 E306.30569*61
2025-06-13T16:53:07.593345+0800 INFO left_time:left time show 3m  35s line num：851!
2025-06-13T16:53:07.668041+0800 INFO jisuan_print_time cmd string:N271 G1 F2400 X194.648 Y240.469 E307.21328*3
2025-06-13T16:53:08.285444+0800 INFO jisuan_print_time cmd string:N273 G1 F2400 X206.051 Y252.72 E308.05805*55
2025-06-13T16:53:08.593406+0800 INFO left_time:left time show 3m  34s line num：851!
2025-06-13T16:53:08.829436+0800 INFO jisuan_print_time cmd string:N275 G1 F2400 X194.648 Y242.166 E308.83993*2
2025-06-13T16:53:09.550150+0800 INFO jisuan_print_time cmd string:N277 G1 F2400 X204.354 Y252.72 E309.55898*55
2025-06-13T16:53:09.597869+0800 INFO left_time:left time show 3m  33s line num：851!
2025-06-13T16:53:09.907892+0800 INFO jisuan_print_time cmd string:N279 G1 F2400 X194.648 Y243.863 E310.21513*6
2025-06-13T16:53:10.384563+0800 INFO jisuan_print_time cmd string:N281 G1 F2400 X202.657 Y252.72 E310.80847*60
2025-06-13T16:53:10.586455+0800 INFO left_time:left time show 3m  32s line num：851!
2025-06-13T16:53:10.851559+0800 INFO jisuan_print_time cmd string:N283 G1 F2400 X194.648 Y245.56 E311.3389*15
2025-06-13T16:53:11.269615+0800 INFO jisuan_print_time cmd string:N285 G1 F2400 X200.96 Y252.72 E311.80651*9
2025-06-13T16:53:11.594450+0800 INFO left_time:left time show 3m  31s line num：851!
2025-06-13T16:53:11.680959+0800 INFO jisuan_print_time cmd string:N287 G1 F2400 X194.648 Y247.257 E312.21123*11
2025-06-13T16:53:12.051896+0800 INFO jisuan_print_time cmd string:N289 G1 F2400 X199.263 Y252.72 E312.55313*54
2025-06-13T16:53:12.386409+0800 INFO jisuan_print_time cmd string:N291 G1 F2400 X194.648 Y248.954 E312.83212*2
2025-06-13T16:53:12.588172+0800 INFO left_time:left time show 3m  30s line num：851!
2025-06-13T16:53:12.684581+0800 INFO jisuan_print_time cmd string:N293 G1 F2400 X197.566 Y252.72 E313.0483*14
2025-06-13T16:53:12.967418+0800 INFO jisuan_print_time cmd string:N295 G1 F2400 X194.648 Y250.651 E313.20158*0
2025-06-13T16:53:13.214655+0800 INFO jisuan_print_time cmd string:N297 G1 F2400 X195.869 Y252.72 E313.29203*63
2025-06-13T16:53:13.433021+0800 INFO jisuan_print_time cmd string:N299 G1 F2400 X194.648 Y252.348 E313.31959*10
2025-06-13T16:53:13.598484+0800 INFO left_time:left time show 3m  29s line num：851!
2025-06-13T16:53:13.656171+0800 INFO jisuan_print_time cmd string:N301 G1 F3600 E310.81959*12
2025-06-13T16:53:13.788486+0800 INFO jisuan_print_time cmd string:N305 G92 E1*64
2025-06-13T16:53:13.821316+0800 INFO jisuan_print_time cmd string:N306 G1 E-1 F300*1
2025-06-13T16:53:14.587933+0800 INFO left_time:left time show 3m  28s line num：851!
2025-06-13T16:53:15.591876+0800 INFO left_time:left time show 3m  27s line num：851!
2025-06-13T16:53:16.596110+0800 INFO left_time:left time show 3m  26s line num：851!
2025-06-13T16:53:17.591075+0800 INFO left_time:left time show 3m  25s line num：851!
2025-06-13T16:53:18.587068+0800 INFO left_time:left time show 3m  24s line num：851!
2025-06-13T16:53:19.594506+0800 INFO left_time:left time show 3m  23s line num：851!
2025-06-13T16:53:20.599287+0800 INFO left_time:left time show 3m  22s line num：851!
2025-06-13T16:53:21.592953+0800 INFO left_time:left time show 3m  21s line num：851!
2025-06-13T16:53:22.586295+0800 INFO left_time:left time show 3m  20s line num：851!
2025-06-13T16:53:23.589061+0800 INFO left_time:left time show 3m  19s line num：851!
2025-06-13T16:53:24.600004+0800 INFO left_time:left time show 3m  18s line num：851!
2025-06-13T16:53:25.589280+0800 INFO left_time:left time show 3m  17s line num：851!
2025-06-13T16:53:25.762003+0800 INFO 打印结束，结束视频保存
2025-06-13T16:53:25.902550+0800 INFO 打印结束，结束视频保存
2025-06-13T16:54:06.533074+0800 INFO 打印开始
2025-06-13T16:54:07.831847+0800 INFO START PRINT SUCCESS!
2025-06-13T16:54:13.319280+0800 INFO jisuan_print_time cmd string:N9 G92 E0*78
2025-06-13T16:54:13.344517+0800 INFO jisuan_print_time cmd string:N10 G1 F200 E3*27
2025-06-13T16:54:13.361745+0800 INFO jisuan_print_time cmd string:N11 G92 E0*119
2025-06-13T16:54:13.379157+0800 INFO jisuan_print_time cmd string:N12 G92 E0*116
2025-06-13T16:54:13.390368+0800 INFO jisuan_print_time cmd string:N13 G92 E0*117
2025-06-13T16:54:13.406176+0800 INFO jisuan_print_time cmd string:N14 G1 F3600 E-2.5*31
2025-06-13T16:54:13.439060+0800 INFO jisuan_print_time cmd string:N17 G1 F3600 E0.12473*53
2025-06-13T16:54:13.449353+0800 INFO jisuan_print_time cmd string:N18 G1 F2400 X251.98 Y195.392 E2.9601*53
2025-06-13T16:54:13.481603+0800 INFO jisuan_print_time cmd string:N19 G1 X193.78 Y195.392 E5.79548*105
2025-06-13T16:54:13.497048+0800 INFO jisuan_print_time cmd string:N20 G1 X193.78 Y253.592 E8.63085*110
2025-06-13T16:54:13.514463+0800 INFO jisuan_print_time cmd string:N21 G1 X251.98 Y253.592 E11.46623*89
2025-06-13T16:54:16.399271+0800 INFO jisuan_print_time cmd string:N23 G1 F2400 X252.58 Y194.792 E14.36006*61
2025-06-13T16:54:16.416185+0800 INFO jisuan_print_time cmd string:N24 G1 X193.18 Y194.792 E17.2539*109
2025-06-13T16:54:16.429388+0800 INFO jisuan_print_time cmd string:N25 G1 X193.18 Y254.192 E20.14773*90
2025-06-13T16:54:22.429182+0800 INFO jisuan_print_time cmd string:N26 G1 X252.58 Y254.192 E23.04157*81
2025-06-13T16:54:34.376941+0800 INFO jisuan_print_time cmd string:N30 G1 F2400 X194.348 Y253.02 E26.03064*49
2025-06-13T16:54:34.405315+0800 INFO jisuan_print_time cmd string:N31 G1 X194.348 Y195.96 E29.01971*84
2025-06-13T16:54:34.417713+0800 INFO jisuan_print_time cmd string:N32 G1 X251.408 Y195.96 E32.00879*92
2025-06-13T16:54:34.435276+0800 INFO jisuan_print_time cmd string:N33 G1 X251.408 Y253.02 E34.99786*80
2025-06-13T16:54:34.468114+0800 INFO jisuan_print_time cmd string:N35 G1 F2400 X250.566 Y196.26 E35.03801*48
2025-06-13T16:54:34.483250+0800 INFO jisuan_print_time cmd string:N37 G1 F2400 X251.108 Y197.65 E35.14099*54
2025-06-13T16:54:34.497304+0800 INFO jisuan_print_time cmd string:N39 G1 F2400 X248.869 Y196.26 E35.30686*54
2025-06-13T16:54:35.882791+0800 INFO jisuan_print_time cmd string:N41 G1 F2400 X251.108 Y199.348 E35.53559*15
2025-06-13T16:54:38.719785+0800 INFO jisuan_print_time cmd string:N43 G1 F2400 X247.172 Y196.26 E35.82718*56
2025-06-13T16:54:41.119587+0800 INFO jisuan_print_time cmd string:N45 G1 F2400 X251.108 Y201.045 E36.18167*2
2025-06-13T16:54:41.150654+0800 INFO jisuan_print_time cmd string:N47 G1 F2400 X245.475 Y196.26 E36.59898*62
2025-06-13T16:54:41.224919+0800 INFO jisuan_print_time cmd string:N49 G1 F2400 X251.108 Y202.742 E37.07919*3
2025-06-13T16:54:41.335877+0800 INFO jisuan_print_time cmd string:N51 G1 F2400 X243.778 Y196.26 E37.62222*51
2025-06-13T16:54:41.458548+0800 INFO jisuan_print_time cmd string:N53 G1 F2400 X251.108 Y204.439 E38.22814*5
2025-06-13T16:54:41.634172+0800 INFO jisuan_print_time cmd string:N55 G1 F2400 X242.081 Y196.26 E38.89689*56
2025-06-13T16:54:41.821496+0800 INFO jisuan_print_time cmd string:N57 G1 F2400 X251.108 Y206.136 E39.62854*8
2025-06-13T16:54:42.058163+0800 INFO jisuan_print_time cmd string:N59 G1 F2400 X240.384 Y196.26 E40.42301*61
2025-06-13T16:54:42.297601+0800 INFO jisuan_print_time cmd string:N61 G1 F2400 X251.108 Y207.833 E41.28037*12
2025-06-13T16:54:42.577466+0800 INFO jisuan_print_time cmd string:N63 G1 F2400 X238.687 Y196.26 E42.20056*58
2025-06-13T16:54:42.893350+0800 INFO jisuan_print_time cmd string:N65 G1 F2400 X251.108 Y209.53 E43.18364*60
2025-06-13T16:54:43.246262+0800 INFO jisuan_print_time cmd string:N67 G1 F2400 X236.99 Y196.26 E44.22955*7
2025-06-13T16:54:43.607750+0800 INFO jisuan_print_time cmd string:N69 G1 F2400 X251.108 Y211.227 E45.33835*8
2025-06-13T16:54:44.012137+0800 INFO jisuan_print_time cmd string:N71 G1 F2400 X235.293 Y196.26 E46.50997*50
2025-06-13T16:54:44.458017+0800 INFO jisuan_print_time cmd string:N73 G1 F2400 X251.108 Y212.924 E47.7445*54
2025-06-13T16:54:44.910680+0800 INFO jisuan_print_time cmd string:N75 G1 F2400 X233.596 Y196.26 E49.04188*58
2025-06-13T16:54:45.409502+0800 INFO jisuan_print_time cmd string:N77 G1 F2400 X251.108 Y214.621 E50.40212*15
2025-06-13T16:54:45.937402+0800 INFO jisuan_print_time cmd string:N79 G1 F2400 X231.898 Y196.26 E51.82526*48
2025-06-13T16:54:46.497880+0800 INFO jisuan_print_time cmd string:N81 G1 F2400 X251.108 Y216.318 E53.31122*14
2025-06-13T16:54:47.072386+0800 INFO jisuan_print_time cmd string:N83 G1 F2400 X230.201 Y196.26 E54.86007*57
2025-06-13T16:54:47.698533+0800 INFO jisuan_print_time cmd string:N85 G1 F2400 X251.108 Y218.015 E56.47175*12
2025-06-13T16:54:48.336448+0800 INFO jisuan_print_time cmd string:N87 G1 F2400 X228.504 Y196.26 E58.14633*48
2025-06-13T16:54:49.011475+0800 INFO jisuan_print_time cmd string:N89 G1 F2400 X251.108 Y219.712 E59.88373*9
2025-06-13T16:54:49.709055+0800 INFO jisuan_print_time cmd string:N91 G1 F2400 X226.807 Y196.26 E61.68402*54
2025-06-13T16:54:50.453463+0800 INFO jisuan_print_time cmd string:N93 G1 F2400 X251.108 Y221.409 E63.54714*13
2025-06-13T16:54:51.252579+0800 INFO jisuan_print_time cmd string:N95 G1 F2400 X225.11 Y196.26 E65.47316*5
2025-06-13T16:54:51.998137+0800 INFO jisuan_print_time cmd string:N97 G1 F2400 X251.108 Y223.106 E67.46199*5
2025-06-13T16:54:52.833688+0800 INFO jisuan_print_time cmd string:N99 G1 F2400 X223.413 Y196.26 E69.51373*49
2025-06-13T16:54:53.686936+0800 INFO jisuan_print_time cmd string:N101 G1 F2400 X251.108 Y224.803 E71.62828*50
2025-06-13T16:54:54.572623+0800 INFO jisuan_print_time cmd string:N103 G1 F2400 X221.716 Y196.26 E73.80573*6
2025-06-13T16:54:55.487623+0800 INFO jisuan_print_time cmd string:N105 G1 F2400 X251.108 Y226.5 E76.04601*56
2025-06-13T16:55:13.321423+0800 INFO left_time:left time show 10m  55s line num：912!
2025-06-13T16:55:13.610392+0800 INFO left_time:left time show 10m  54s line num：851!
2025-06-13T16:55:14.607788+0800 INFO left_time:left time show 10m  53s line num：851!
2025-06-13T16:55:15.608161+0800 INFO left_time:left time show 10m  52s line num：851!
2025-06-13T16:55:16.606989+0800 INFO left_time:left time show 10m  51s line num：851!
2025-06-13T16:55:17.607743+0800 INFO left_time:left time show 10m  50s line num：851!
2025-06-13T16:55:18.601728+0800 INFO left_time:left time show 10m  49s line num：851!
2025-06-13T16:55:19.607941+0800 INFO left_time:left time show 10m  48s line num：851!
2025-06-13T16:55:20.602208+0800 INFO left_time:left time show 10m  47s line num：851!
2025-06-13T16:55:21.610265+0800 INFO left_time:left time show 10m  46s line num：851!
2025-06-13T16:55:22.601508+0800 INFO left_time:left time show 10m  45s line num：851!
2025-06-13T16:55:23.602729+0800 INFO left_time:left time show 10m  44s line num：851!
2025-06-13T16:55:24.617268+0800 INFO left_time:left time show 10m  43s line num：851!
2025-06-13T16:55:25.628593+0800 INFO left_time:left time show 10m  42s line num：851!
2025-06-13T16:55:26.626441+0800 INFO left_time:left time show 10m  41s line num：851!
2025-06-13T16:55:27.618418+0800 INFO left_time:left time show 10m  40s line num：851!
2025-06-13T16:55:28.621517+0800 INFO left_time:left time show 10m  39s line num：851!
2025-06-13T16:55:29.620295+0800 INFO left_time:left time show 10m  38s line num：851!
2025-06-13T16:55:30.642398+0800 INFO left_time:left time show 10m  37s line num：851!
2025-06-13T16:55:31.630352+0800 INFO left_time:left time show 10m  36s line num：851!
2025-06-13T16:55:32.629285+0800 INFO left_time:left time show 10m  35s line num：851!
2025-06-13T16:55:33.617703+0800 INFO left_time:left time show 10m  34s line num：851!
2025-06-13T16:55:34.629063+0800 INFO left_time:left time show 10m  33s line num：851!
2025-06-13T16:55:35.631341+0800 INFO left_time:left time show 10m  32s line num：851!
2025-06-13T16:55:36.621014+0800 INFO left_time:left time show 10m  31s line num：851!
2025-06-13T16:55:37.621597+0800 INFO left_time:left time show 10m  30s line num：851!
2025-06-13T16:55:38.617470+0800 INFO left_time:left time show 10m  29s line num：851!
2025-06-13T16:55:39.617730+0800 INFO left_time:left time show 10m  28s line num：851!
2025-06-13T16:55:40.629010+0800 INFO left_time:left time show 10m  27s line num：851!
2025-06-13T16:55:41.622100+0800 INFO left_time:left time show 10m  26s line num：851!
2025-06-13T16:55:42.618060+0800 INFO left_time:left time show 10m  25s line num：851!
2025-06-13T16:55:43.627509+0800 INFO left_time:left time show 10m  24s line num：851!
2025-06-13T16:55:44.626497+0800 INFO left_time:left time show 10m  23s line num：851!
2025-06-13T16:55:45.621162+0800 INFO left_time:left time show 10m  22s line num：851!
2025-06-13T16:55:46.620860+0800 INFO left_time:left time show 10m  21s line num：851!
2025-06-13T16:55:47.630993+0800 INFO left_time:left time show 10m  20s line num：851!
2025-06-13T16:55:48.633299+0800 INFO left_time:left time show 10m  19s line num：851!
2025-06-13T16:55:49.619559+0800 INFO left_time:left time show 10m  18s line num：851!
2025-06-13T16:55:50.620785+0800 INFO left_time:left time show 10m  17s line num：851!
2025-06-13T16:55:51.624277+0800 INFO left_time:left time show 10m  16s line num：851!
2025-06-13T16:55:52.626710+0800 INFO left_time:left time show 10m  15s line num：851!
2025-06-13T16:55:53.619867+0800 INFO left_time:left time show 10m  14s line num：851!
2025-06-13T16:55:54.619038+0800 INFO left_time:left time show 10m  13s line num：851!
2025-06-13T16:55:55.617259+0800 INFO left_time:left time show 10m  12s line num：851!
2025-06-13T16:55:56.626549+0800 INFO left_time:left time show 10m  11s line num：851!
2025-06-13T16:55:57.627531+0800 INFO left_time:left time show 10m  10s line num：851!
2025-06-13T16:55:58.622647+0800 INFO left_time:left time show 10m  9s line num：851!
2025-06-13T16:55:59.622850+0800 INFO left_time:left time show 10m  8s line num：851!
2025-06-13T16:56:00.632887+0800 INFO left_time:left time show 10m  7s line num：851!
2025-06-13T16:56:01.626700+0800 INFO left_time:left time show 10m  6s line num：851!
2025-06-13T16:56:02.619171+0800 INFO left_time:left time show 10m  5s line num：851!
2025-06-13T16:56:03.631026+0800 INFO left_time:left time show 10m  4s line num：851!
2025-06-13T16:56:04.625117+0800 INFO left_time:left time show 10m  3s line num：851!
2025-06-13T16:56:05.625640+0800 INFO left_time:left time show 10m  2s line num：851!
2025-06-13T16:56:06.619107+0800 INFO left_time:left time show 10m  1s line num：851!
2025-06-13T16:56:07.618426+0800 INFO left_time:left time show 10m  0s line num：851!
2025-06-13T16:56:08.622617+0800 INFO left_time:left time show 9m  59s line num：851!
2025-06-13T16:56:09.615911+0800 INFO left_time:left time show 9m  58s line num：851!
2025-06-13T16:56:10.625379+0800 INFO left_time:left time show 9m  57s line num：851!
2025-06-13T16:56:11.617646+0800 INFO left_time:left time show 9m  56s line num：851!
2025-06-13T16:56:12.620199+0800 INFO left_time:left time show 9m  55s line num：851!
2025-06-13T16:56:13.319401+0800 INFO left_time:left time show 21m  50s line num：912!
2025-06-13T16:56:13.617674+0800 INFO left_time:left time show 21m  49s line num：851!
2025-06-13T16:56:14.623517+0800 INFO left_time:left time show 21m  48s line num：851!
2025-06-13T16:56:15.615431+0800 INFO left_time:left time show 21m  47s line num：851!
2025-06-13T16:56:16.618447+0800 INFO left_time:left time show 21m  46s line num：851!
2025-06-13T16:56:17.629975+0800 INFO left_time:left time show 21m  45s line num：851!
2025-06-13T16:56:18.617035+0800 INFO left_time:left time show 21m  44s line num：851!
2025-06-13T16:56:19.620810+0800 INFO left_time:left time show 21m  43s line num：851!
2025-06-13T16:56:20.629321+0800 INFO left_time:left time show 21m  42s line num：851!
2025-06-13T16:56:21.624206+0800 INFO left_time:left time show 21m  41s line num：851!
2025-06-13T16:56:22.625013+0800 INFO left_time:left time show 21m  40s line num：851!
2025-06-13T16:56:23.620212+0800 INFO left_time:left time show 21m  39s line num：851!
2025-06-13T16:56:24.619156+0800 INFO left_time:left time show 21m  38s line num：851!
2025-06-13T16:56:25.621301+0800 INFO left_time:left time show 21m  37s line num：851!
2025-06-13T16:56:26.620403+0800 INFO left_time:left time show 21m  36s line num：851!
2025-06-13T16:56:27.621736+0800 INFO left_time:left time show 21m  35s line num：851!
2025-06-13T16:56:28.621419+0800 INFO left_time:left time show 21m  34s line num：851!
2025-06-13T16:56:29.627958+0800 INFO left_time:left time show 21m  33s line num：851!
2025-06-13T16:56:30.623567+0800 INFO left_time:left time show 21m  32s line num：851!
2025-06-13T16:56:31.617310+0800 INFO left_time:left time show 21m  31s line num：851!
2025-06-13T16:56:32.616284+0800 INFO left_time:left time show 21m  30s line num：851!
2025-06-13T16:56:33.624930+0800 INFO left_time:left time show 21m  29s line num：851!
2025-06-13T16:56:34.619329+0800 INFO left_time:left time show 21m  28s line num：851!
2025-06-13T16:56:35.627744+0800 INFO left_time:left time show 21m  27s line num：851!
2025-06-13T16:56:36.624802+0800 INFO left_time:left time show 21m  26s line num：851!
2025-06-13T16:56:37.618550+0800 INFO left_time:left time show 21m  25s line num：851!
2025-06-13T16:56:38.632366+0800 INFO left_time:left time show 21m  24s line num：851!
2025-06-13T16:56:39.623215+0800 INFO left_time:left time show 21m  23s line num：851!
2025-06-13T16:56:40.618141+0800 INFO left_time:left time show 21m  22s line num：851!
2025-06-13T16:56:41.629080+0800 INFO left_time:left time show 21m  21s line num：851!
2025-06-13T16:56:42.622076+0800 INFO left_time:left time show 21m  20s line num：851!
2025-06-13T16:56:43.632188+0800 INFO left_time:left time show 21m  19s line num：851!
2025-06-13T16:56:44.630586+0800 INFO left_time:left time show 21m  18s line num：851!
2025-06-13T16:56:45.617150+0800 INFO left_time:left time show 21m  17s line num：851!
2025-06-13T16:56:46.628146+0800 INFO left_time:left time show 21m  16s line num：851!
2025-06-13T16:56:47.626571+0800 INFO left_time:left time show 21m  15s line num：851!
2025-06-13T16:56:48.625044+0800 INFO left_time:left time show 21m  14s line num：851!
2025-06-13T16:56:49.621124+0800 INFO left_time:left time show 21m  13s line num：851!
2025-06-13T16:56:50.620240+0800 INFO left_time:left time show 21m  12s line num：851!
2025-06-13T16:56:51.616217+0800 INFO left_time:left time show 21m  11s line num：851!
2025-06-13T16:56:52.617694+0800 INFO left_time:left time show 21m  10s line num：851!
2025-06-13T16:56:53.619670+0800 INFO left_time:left time show 21m  9s line num：851!
2025-06-13T16:56:54.629302+0800 INFO left_time:left time show 21m  8s line num：851!
2025-06-13T16:56:55.627352+0800 INFO left_time:left time show 21m  7s line num：851!
2025-06-13T16:56:56.628049+0800 INFO left_time:left time show 21m  6s line num：851!
2025-06-13T16:56:57.624189+0800 INFO left_time:left time show 21m  5s line num：851!
2025-06-13T16:56:58.634827+0800 INFO left_time:left time show 21m  4s line num：851!
2025-06-13T16:56:59.619648+0800 INFO left_time:left time show 21m  3s line num：851!
2025-06-13T16:56:59.721306+0800 INFO if  filament error, broken in a:

2025-06-13T16:58:17.982173+0800 INFO brokening：line:filament error, broken  broken: False
2025-06-13T16:58:20.866453+0800 INFO runout_ui_log a:1

2025-06-13T16:58:20.917683+0800 INFO PAUSE PRINT SUCCESS!
2025-06-13T16:58:20.919190+0800 INFO runout_ui_log a:中文

2025-06-13T16:58:20.979162+0800 INFO self.changeValue_runoutFlag.emit(1)

2025-06-13T16:58:21.416873+0800 INFO if  filament error, broken in a:

2025-06-13T16:58:21.416873+0800 INFO brokening：line:filament error, broken  broken: True
