2025-06-16T08:53:44.464747+0800 INFO INLONG CONNECT FAILED!
2025-06-16T08:53:46.769484+0800 INFO 获取播放库句柄成功
2025-06-16T08:53:50.273591+0800 INFO Login device fail, error code is: 7
2025-06-16T08:53:50.322997+0800 INFO Login device succesed
2025-06-16T08:53:51.393251+0800 INFO Open preview fail, error code is: 3
2025-06-16T08:53:51.394253+0800 INFO Open preview successed
2025-06-16T08:53:52.225531+0800 ERROR could not convert string to float: ''
error file:D:\git\YLong\INLONG2025052101(UI)\SC12060.py
error line:907
2025-06-16T08:53:53.226055+0800 ERROR could not convert string to float: ''
error file:D:\git\YLong\INLONG2025052101(UI)\SC12060.py
error line:907
2025-06-16T08:53:54.226286+0800 ERROR could not convert string to float: ''
error file:D:\git\YLong\INLONG2025052101(UI)\SC12060.py
error line:907
2025-06-16T08:53:55.232281+0800 ERROR could not convert string to float: ''
error file:D:\git\YLong\INLONG2025052101(UI)\SC12060.py
error line:907
2025-06-16T08:53:56.229765+0800 ERROR could not convert string to float: ''
error file:D:\git\YLong\INLONG2025052101(UI)\SC12060.py
error line:907
2025-06-16T08:53:57.233972+0800 ERROR could not convert string to float: ''
error file:D:\git\YLong\INLONG2025052101(UI)\SC12060.py
error line:907
2025-06-16T08:53:58.339848+0800 ERROR could not convert string to float: ''
error file:D:\git\YLong\INLONG2025052101(UI)\SC12060.py
error line:907
2025-06-16T08:53:59.292385+0800 ERROR could not convert string to float: ''
error file:D:\git\YLong\INLONG2025052101(UI)\SC12060.py
error line:907
2025-06-16T08:54:00.229593+0800 ERROR could not convert string to float: ''
error file:D:\git\YLong\INLONG2025052101(UI)\SC12060.py
error line:907
