2025-06-16T09:00:53.356726+0800 INFO INLONG CONNECT FAILED!
2025-06-16T09:00:55.759303+0800 INFO 获取播放库句柄成功
2025-06-16T09:00:59.270768+0800 INFO Login device fail, error code is: 7
2025-06-16T09:00:59.317677+0800 INFO Login device succesed
2025-06-16T09:00:59.966850+0800 INFO Open preview fail, error code is: 3
2025-06-16T09:00:59.967851+0800 INFO Open preview successed
2025-06-16T09:01:01.089515+0800 ERROR could not convert string to float: ''
error file:D:\git\YLong\INLONG2025052101(UI)\SC12060.py
error line:921
2025-06-16T09:01:02.088099+0800 ERROR could not convert string to float: ''
error file:D:\git\YLong\INLONG2025052101(UI)\SC12060.py
error line:921
2025-06-16T09:01:03.089861+0800 ERROR could not convert string to float: ''
error file:D:\git\YLong\INLONG2025052101(UI)\SC12060.py
error line:921
2025-06-16T09:01:04.088931+0800 ERROR could not convert string to float: ''
error file:D:\git\YLong\INLONG2025052101(UI)\SC12060.py
error line:921
2025-06-16T09:01:05.085096+0800 ERROR could not convert string to float: ''
error file:D:\git\YLong\INLONG2025052101(UI)\SC12060.py
error line:921
2025-06-16T09:01:06.095024+0800 ERROR could not convert string to float: ''
error file:D:\git\YLong\INLONG2025052101(UI)\SC12060.py
error line:921
