2025-06-13T16:58:59.650592+0800 INFO INLONG CONNECT SUCCESS!
2025-06-13T16:59:04.114225+0800 INFO 获取播放库句柄成功
2025-06-13T16:59:07.622679+0800 INFO Login device fail, error code is: 7
2025-06-13T16:59:07.673506+0800 INFO Login device succesed
2025-06-13T16:59:09.459367+0800 INFO Open preview fail, error code is: 3
2025-06-13T16:59:09.460383+0800 INFO Open preview successed
2025-06-13T16:59:14.223332+0800 INFO UPDATE gcode:CFFFP_AA_3分钟.gcodeSUCCESS!
2025-06-13T16:59:15.081433+0800 INFO LOAD GCODE SUCCESS!
2025-06-13T16:59:15.087470+0800 ERROR 'NoneType' object has no attribute 'replace'
error file:D:\git\YLong\INLONG2025052101(UI)\SC12060.py
error line:3383
2025-06-13T16:59:15.090492+0800 INFO total E:23866.256950000003
2025-06-13T16:59:22.840560+0800 INFO 打印开始
2025-06-13T16:59:23.866481+0800 INFO START PRINT SUCCESS!
2025-06-13T16:59:52.972560+0800 INFO jisuan_print_time cmd string:N9 G92 E0*78
2025-06-13T16:59:52.984636+0800 INFO jisuan_print_time cmd string:N10 G1 F200 E3*27
2025-06-13T16:59:52.999434+0800 INFO jisuan_print_time cmd string:N11 G92 E0*119
2025-06-13T16:59:53.032491+0800 INFO jisuan_print_time cmd string:N12 G92 E0*116
2025-06-13T16:59:53.047398+0800 INFO jisuan_print_time cmd string:N13 G92 E0*117
2025-06-13T16:59:53.064654+0800 INFO jisuan_print_time cmd string:N14 G1 F3600 E-2.5*31
2025-06-13T16:59:53.111925+0800 INFO jisuan_print_time cmd string:N17 G1 F3600 E0.12473*53
2025-06-13T16:59:53.128666+0800 INFO jisuan_print_time cmd string:N18 G1 F2400 X251.98 Y195.392 E2.9601*53
2025-06-13T16:59:53.142856+0800 INFO jisuan_print_time cmd string:N19 G1 X193.78 Y195.392 E5.79548*105
2025-06-13T16:59:53.160526+0800 INFO jisuan_print_time cmd string:N20 G1 X193.78 Y253.592 E8.63085*110
2025-06-13T16:59:53.174688+0800 INFO jisuan_print_time cmd string:N21 G1 X251.98 Y253.592 E11.46623*89
2025-06-13T16:59:56.036858+0800 INFO jisuan_print_time cmd string:N23 G1 F2400 X252.58 Y194.792 E14.36006*61
2025-06-13T16:59:56.051386+0800 INFO jisuan_print_time cmd string:N24 G1 X193.18 Y194.792 E17.2539*109
2025-06-13T16:59:56.065588+0800 INFO jisuan_print_time cmd string:N25 G1 X193.18 Y254.192 E20.14773*90
2025-06-13T17:00:02.062580+0800 INFO jisuan_print_time cmd string:N26 G1 X252.58 Y254.192 E23.04157*81
2025-06-13T17:00:04.981635+0800 INFO jisuan_print_time cmd string:N30 G1 F2400 X194.348 Y253.02 E26.03064*49
2025-06-13T17:00:06.424257+0800 INFO jisuan_print_time cmd string:N31 G1 X194.348 Y195.96 E29.01971*84
2025-06-13T17:00:07.899103+0800 INFO jisuan_print_time cmd string:N32 G1 X251.408 Y195.96 E32.00879*92
2025-06-13T17:00:09.412887+0800 INFO jisuan_print_time cmd string:N33 G1 X251.408 Y253.02 E34.99786*80
2025-06-13T17:00:10.889468+0800 INFO jisuan_print_time cmd string:N35 G1 F2400 X250.566 Y196.26 E35.03801*48
2025-06-13T17:00:13.863554+0800 INFO jisuan_print_time cmd string:N37 G1 F2400 X251.108 Y197.65 E35.14099*54
2025-06-13T17:00:13.909940+0800 INFO jisuan_print_time cmd string:N39 G1 F2400 X248.869 Y196.26 E35.30686*54
2025-06-13T17:00:15.342972+0800 INFO jisuan_print_time cmd string:N41 G1 F2400 X251.108 Y199.348 E35.53559*15
2025-06-13T17:00:18.199113+0800 INFO jisuan_print_time cmd string:N43 G1 F2400 X247.172 Y196.26 E35.82718*56
2025-06-13T17:00:20.584536+0800 INFO jisuan_print_time cmd string:N45 G1 F2400 X251.108 Y201.045 E36.18167*2
2025-06-13T17:00:20.630313+0800 INFO jisuan_print_time cmd string:N47 G1 F2400 X245.475 Y196.26 E36.59898*62
2025-06-13T17:00:20.711462+0800 INFO jisuan_print_time cmd string:N49 G1 F2400 X251.108 Y202.742 E37.07919*3
2025-06-13T17:00:20.798058+0800 INFO jisuan_print_time cmd string:N51 G1 F2400 X243.778 Y196.26 E37.62222*51
2025-06-13T17:00:20.942090+0800 INFO jisuan_print_time cmd string:N53 G1 F2400 X251.108 Y204.439 E38.22814*5
2025-06-13T17:00:21.097079+0800 INFO jisuan_print_time cmd string:N55 G1 F2400 X242.081 Y196.26 E38.89689*56
2025-06-13T17:00:21.299410+0800 INFO jisuan_print_time cmd string:N57 G1 F2400 X251.108 Y206.136 E39.62854*8
2025-06-13T17:00:21.518049+0800 INFO jisuan_print_time cmd string:N59 G1 F2400 X240.384 Y196.26 E40.42301*61
2025-06-13T17:00:21.767863+0800 INFO jisuan_print_time cmd string:N61 G1 F2400 X251.108 Y207.833 E41.28037*12
2025-06-13T17:00:22.060465+0800 INFO jisuan_print_time cmd string:N63 G1 F2400 X238.687 Y196.26 E42.20056*58
2025-06-13T17:00:22.375613+0800 INFO jisuan_print_time cmd string:N65 G1 F2400 X251.108 Y209.53 E43.18364*60
2025-06-13T17:00:22.717225+0800 INFO jisuan_print_time cmd string:N67 G1 F2400 X236.99 Y196.26 E44.22955*7
2025-06-13T17:00:23.086730+0800 INFO jisuan_print_time cmd string:N69 G1 F2400 X251.108 Y211.227 E45.33835*8
2025-06-13T17:00:23.493423+0800 INFO jisuan_print_time cmd string:N71 G1 F2400 X235.293 Y196.26 E46.50997*50
2025-06-13T17:00:23.917635+0800 INFO jisuan_print_time cmd string:N73 G1 F2400 X251.108 Y212.924 E47.7445*54
2025-06-13T17:00:24.380414+0800 INFO jisuan_print_time cmd string:N75 G1 F2400 X233.596 Y196.26 E49.04188*58
2025-06-13T17:00:24.884446+0800 INFO jisuan_print_time cmd string:N77 G1 F2400 X251.108 Y214.621 E50.40212*15
2025-06-13T17:00:25.403294+0800 INFO jisuan_print_time cmd string:N79 G1 F2400 X231.898 Y196.26 E51.82526*48
2025-06-13T17:00:25.959403+0800 INFO jisuan_print_time cmd string:N81 G1 F2400 X251.108 Y216.318 E53.31122*14
2025-06-13T17:00:26.549354+0800 INFO jisuan_print_time cmd string:N83 G1 F2400 X230.201 Y196.26 E54.86007*57
2025-06-13T17:00:27.155202+0800 INFO jisuan_print_time cmd string:N85 G1 F2400 X251.108 Y218.015 E56.47175*12
2025-06-13T17:00:27.794389+0800 INFO jisuan_print_time cmd string:N87 G1 F2400 X228.504 Y196.26 E58.14633*48
2025-06-13T17:00:28.483287+0800 INFO jisuan_print_time cmd string:N89 G1 F2400 X251.108 Y219.712 E59.88373*9
2025-06-13T17:00:29.181967+0800 INFO jisuan_print_time cmd string:N91 G1 F2400 X226.807 Y196.26 E61.68402*54
2025-06-13T17:00:29.913250+0800 INFO jisuan_print_time cmd string:N93 G1 F2400 X251.108 Y221.409 E63.54714*13
2025-06-13T17:00:30.676965+0800 INFO jisuan_print_time cmd string:N95 G1 F2400 X225.11 Y196.26 E65.47316*5
2025-06-13T17:00:31.476801+0800 INFO jisuan_print_time cmd string:N97 G1 F2400 X251.108 Y223.106 E67.46199*5
2025-06-13T17:00:32.299616+0800 INFO jisuan_print_time cmd string:N99 G1 F2400 X223.413 Y196.26 E69.51373*49
2025-06-13T17:00:33.161880+0800 INFO jisuan_print_time cmd string:N101 G1 F2400 X251.108 Y224.803 E71.62828*50
2025-06-13T17:00:34.045491+0800 INFO jisuan_print_time cmd string:N103 G1 F2400 X221.716 Y196.26 E73.80573*6
2025-06-13T17:00:34.951241+0800 INFO jisuan_print_time cmd string:N105 G1 F2400 X251.108 Y226.5 E76.04601*56
2025-06-13T17:00:35.907701+0800 INFO jisuan_print_time cmd string:N107 G1 F2400 X220.019 Y196.26 E78.34918*14
2025-06-13T17:00:36.888028+0800 INFO jisuan_print_time cmd string:N109 G1 F2400 X251.108 Y228.198 E80.71521*53
2025-06-13T17:00:37.885048+0800 INFO jisuan_print_time cmd string:N111 G1 F2400 X218.322 Y196.26 E83.1441*58
2025-06-13T17:00:38.931916+0800 INFO jisuan_print_time cmd string:N113 G1 F2400 X251.108 Y229.895 E85.63585*51
2025-06-13T17:00:40.042605+0800 INFO jisuan_print_time cmd string:N115 G1 F2400 X216.625 Y196.26 E88.19046*3
2025-06-13T17:00:41.227654+0800 INFO jisuan_print_time cmd string:N117 G1 F2400 X251.108 Y231.592 E90.80797*60
2025-06-13T17:00:42.332469+0800 INFO jisuan_print_time cmd string:N119 G1 F2400 X214.928 Y196.26 E93.4883*56
2025-06-13T17:00:43.377328+0800 INFO jisuan_print_time cmd string:N121 G1 F2400 X251.108 Y233.289 E96.23152*54
2025-06-13T17:00:44.562768+0800 INFO jisuan_print_time cmd string:N123 G1 F2400 X213.231 Y196.26 E99.03757*14
2025-06-13T17:00:45.783297+0800 INFO jisuan_print_time cmd string:N125 G1 F2400 X251.108 Y234.986 E101.90652*1
2025-06-13T17:00:47.041297+0800 INFO jisuan_print_time cmd string:N127 G1 F2400 X211.534 Y196.26 E104.83829*49
2025-06-13T17:00:48.316752+0800 INFO jisuan_print_time cmd string:N129 G1 F2400 X251.108 Y236.683 E107.83295*14
2025-06-13T17:00:49.626530+0800 INFO jisuan_print_time cmd string:N131 G1 F2400 X209.837 Y196.26 E110.89044*61
2025-06-13T17:00:50.950668+0800 INFO jisuan_print_time cmd string:N133 G1 F2400 X251.108 Y238.38 E114.01082*49
2025-06-13T17:00:52.322409+0800 INFO jisuan_print_time cmd string:N135 G1 F2400 X208.14 Y196.26 E117.19402*9
2025-06-13T17:00:52.966257+0800 INFO left_time:left time show 5m  54s line num：912!
2025-06-13T17:00:53.497719+0800 INFO left_time:left time show 5m  53s line num：851!
2025-06-13T17:00:53.731426+0800 INFO jisuan_print_time cmd string:N137 G1 F2400 X251.108 Y240.077 E120.44013*15
2025-06-13T17:00:54.497128+0800 INFO left_time:left time show 5m  52s line num：851!
2025-06-13T17:00:55.152923+0800 INFO jisuan_print_time cmd string:N139 G1 F2400 X206.443 Y196.26 E123.74905*59
2025-06-13T17:00:55.495942+0800 INFO left_time:left time show 5m  51s line num：851!
2025-06-13T17:00:56.504206+0800 INFO left_time:left time show 5m  50s line num：851!
2025-06-13T17:00:56.630920+0800 INFO jisuan_print_time cmd string:N141 G1 F2400 X251.108 Y241.774 E127.12087*2
2025-06-13T17:00:57.506313+0800 INFO left_time:left time show 5m  49s line num：851!
2025-06-13T17:00:58.110094+0800 INFO jisuan_print_time cmd string:N143 G1 F2400 X204.746 Y196.26 E130.55552*61
2025-06-13T17:00:58.491006+0800 INFO left_time:left time show 5m  48s line num：851!
2025-06-13T17:00:59.500257+0800 INFO left_time:left time show 5m  47s line num：851!
2025-06-13T17:00:59.625564+0800 INFO jisuan_print_time cmd string:N145 G1 F2400 X251.108 Y243.471 E134.05306*12
2025-06-13T17:01:00.499218+0800 INFO left_time:left time show 5m  46s line num：851!
2025-06-13T17:01:01.171833+0800 INFO jisuan_print_time cmd string:N147 G1 F2400 X203.049 Y196.26 E137.61346*53
2025-06-13T17:01:01.498089+0800 INFO left_time:left time show 5m  45s line num：851!
2025-06-13T17:01:02.492965+0800 INFO left_time:left time show 5m  44s line num：851!
2025-06-13T17:01:02.763386+0800 INFO jisuan_print_time cmd string:N149 G1 F2400 X251.108 Y245.168 E141.23672*11
2025-06-13T17:01:03.495276+0800 INFO left_time:left time show 5m  43s line num：851!
2025-06-13T17:01:04.369309+0800 INFO jisuan_print_time cmd string:N151 G1 F2400 X201.351 Y196.26 E144.92287*62
2025-06-13T17:01:04.492641+0800 INFO left_time:left time show 5m  42s line num：851!
2025-06-13T17:01:05.491404+0800 INFO left_time:left time show 5m  41s line num：851!
2025-06-13T17:01:06.020206+0800 INFO jisuan_print_time cmd string:N153 G1 F2400 X251.108 Y246.865 E148.67185*1
2025-06-13T17:01:06.502617+0800 INFO left_time:left time show 5m  40s line num：851!
2025-06-13T17:01:07.499364+0800 INFO left_time:left time show 5m  39s line num：851!
2025-06-13T17:01:07.686134+0800 INFO jisuan_print_time cmd string:N155 G1 F2400 X199.654 Y196.26 E152.48373*50
2025-06-13T17:01:08.495520+0800 INFO left_time:left time show 5m  38s line num：851!
2025-06-13T17:01:09.372642+0800 INFO jisuan_print_time cmd string:N157 G1 F2400 X251.108 Y248.562 E156.35843*10
2025-06-13T17:01:09.497580+0800 INFO left_time:left time show 5m  37s line num：851!
2025-06-13T17:01:10.492006+0800 INFO left_time:left time show 5m  36s line num：851!
2025-06-13T17:01:11.117784+0800 INFO jisuan_print_time cmd string:N159 G1 F2400 X197.957 Y196.26 E160.29602*57
2025-06-13T17:01:11.507528+0800 INFO left_time:left time show 5m  35s line num：851!
2025-06-13T17:01:12.502757+0800 INFO left_time:left time show 5m  34s line num：851!
2025-06-13T17:01:12.877944+0800 INFO jisuan_print_time cmd string:N161 G1 F2400 X251.108 Y250.259 E164.29644*12
2025-06-13T17:01:13.501523+0800 INFO left_time:left time show 5m  33s line num：851!
2025-06-13T17:01:14.502485+0800 INFO left_time:left time show 5m  32s line num：851!
2025-06-13T17:01:14.657946+0800 INFO jisuan_print_time cmd string:N163 G1 F2400 X196.26 Y196.26 E168.35975*4
2025-06-13T17:01:15.496763+0800 INFO left_time:left time show 5m  31s line num：851!
2025-06-13T17:01:16.478200+0800 INFO jisuan_print_time cmd string:N165 G1 F2400 X251.108 Y251.956 E172.48589*15
2025-06-13T17:01:16.506530+0800 INFO left_time:left time show 5m  30s line num：851!
2025-06-13T17:01:17.502562+0800 INFO left_time:left time show 5m  29s line num：851!
2025-06-13T17:01:18.343426+0800 INFO jisuan_print_time cmd string:N167 G1 F2400 X194.648 Y196.345 E176.66233*10
2025-06-13T17:01:18.498545+0800 INFO left_time:left time show 5m  28s line num：851!
2025-06-13T17:01:19.500906+0800 INFO left_time:left time show 5m  27s line num：851!
2025-06-13T17:01:20.224197+0800 INFO jisuan_print_time cmd string:N169 G1 F2400 X250.174 Y252.72 E180.77587*58
2025-06-13T17:01:20.492302+0800 INFO left_time:left time show 5m  26s line num：851!
2025-06-13T17:01:21.499512+0800 INFO left_time:left time show 5m  25s line num：851!
2025-06-13T17:01:22.127409+0800 INFO jisuan_print_time cmd string:N171 G1 F2400 X194.648 Y198.042 E184.82659*8
2025-06-13T17:01:22.497922+0800 INFO left_time:left time show 5m  24s line num：851!
2025-06-13T17:01:23.496094+0800 INFO left_time:left time show 5m  23s line num：851!
2025-06-13T17:01:24.076222+0800 INFO jisuan_print_time cmd string:N173 G1 F2400 X248.477 Y252.72 E188.81441*52
2025-06-13T17:01:24.492826+0800 INFO left_time:left time show 5m  22s line num：851!
2025-06-13T17:01:25.501444+0800 INFO left_time:left time show 5m  21s line num：851!
2025-06-13T17:01:26.069225+0800 INFO jisuan_print_time cmd string:N175 G1 F2400 X194.648 Y199.739 E192.73941*9
2025-06-13T17:01:26.502758+0800 INFO left_time:left time show 5m  20s line num：851!
2025-06-13T17:01:27.496257+0800 INFO left_time:left time show 5m  19s line num：851!
2025-06-13T17:01:28.039161+0800 INFO jisuan_print_time cmd string:N177 G1 F2400 X246.78 Y252.72 E196.60152*2
2025-06-13T17:01:28.503017+0800 INFO left_time:left time show 5m  18s line num：851!
2025-06-13T17:01:29.499025+0800 INFO left_time:left time show 5m  17s line num：851!
2025-06-13T17:01:30.097755+0800 INFO jisuan_print_time cmd string:N179 G1 F2400 X194.648 Y201.436 E200.4008*55
2025-06-13T17:01:30.502531+0800 INFO left_time:left time show 5m  16s line num：851!
2025-06-13T17:01:31.491862+0800 INFO left_time:left time show 5m  15s line num：851!
2025-06-13T17:01:32.066708+0800 INFO jisuan_print_time cmd string:N181 G1 F2400 X245.083 Y252.72 E204.13718*56
2025-06-13T17:01:32.494240+0800 INFO left_time:left time show 5m  14s line num：851!
2025-06-13T17:01:33.500472+0800 INFO left_time:left time show 5m  13s line num：851!
2025-06-13T17:01:34.185222+0800 INFO jisuan_print_time cmd string:N183 G1 F2400 X194.648 Y203.133 E207.81074*1
2025-06-13T17:01:34.532389+0800 INFO left_time:left time show 5m  12s line num：851!
2025-06-13T17:01:35.493412+0800 INFO left_time:left time show 5m  11s line num：851!
2025-06-13T17:01:35.964642+0800 INFO jisuan_print_time cmd string:N185 G1 F2400 X243.386 Y252.72 E211.42141*54
2025-06-13T17:01:36.504569+0800 INFO left_time:left time show 5m  10s line num：851!
2025-06-13T17:01:37.494827+0800 INFO left_time:left time show 5m  9s line num：851!
2025-06-13T17:01:37.891124+0800 INFO jisuan_print_time cmd string:N187 G1 F2400 X194.648 Y204.83 E214.96925*49
2025-06-13T17:01:38.492520+0800 INFO left_time:left time show 5m  8s line num：851!
2025-06-13T17:01:39.497771+0800 INFO left_time:left time show 5m  7s line num：851!
2025-06-13T17:01:39.749429+0800 INFO jisuan_print_time cmd string:N189 G1 F2400 X241.689 Y252.72 E218.4542*14
2025-06-13T17:01:40.498405+0800 INFO left_time:left time show 5m  6s line num：851!
2025-06-13T17:01:41.492121+0800 INFO left_time:left time show 5m  5s line num：851!
2025-06-13T17:01:41.602075+0800 INFO jisuan_print_time cmd string:N191 G1 F2400 X194.648 Y206.528 E221.87629*5
2025-06-13T17:01:42.494177+0800 INFO left_time:left time show 5m  4s line num：851!
2025-06-13T17:01:43.414271+0800 INFO jisuan_print_time cmd string:N193 G1 F2400 X239.992 Y252.72 E225.23551*54
2025-06-13T17:01:43.499584+0800 INFO left_time:left time show 5m  3s line num：851!
2025-06-13T17:01:44.509469+0800 INFO left_time:left time show 5m  2s line num：851!
2025-06-13T17:01:45.191065+0800 INFO jisuan_print_time cmd string:N195 G1 F2400 X194.648 Y208.225 E228.53188*9
2025-06-13T17:01:45.510467+0800 INFO left_time:left time show 5m  1s line num：851!
2025-06-13T17:01:46.517028+0800 INFO left_time:left time show 5m  0s line num：851!
2025-06-13T17:01:46.952480+0800 INFO jisuan_print_time cmd string:N197 G1 F2400 X238.295 Y252.72 E231.76539*52
2025-06-13T17:01:47.511720+0800 INFO left_time:left time show 4m  59s line num：851!
2025-06-13T17:01:48.507401+0800 INFO left_time:left time show 4m  58s line num：851!
2025-06-13T17:01:48.667348+0800 INFO jisuan_print_time cmd string:N199 G1 F2400 X194.648 Y209.922 E234.936*14
2025-06-13T17:01:49.531359+0800 INFO left_time:left time show 4m  57s line num：851!
2025-06-13T17:01:50.359108+0800 INFO jisuan_print_time cmd string:N201 G1 F2400 X236.598 Y252.72 E238.04379*50
2025-06-13T17:01:50.514860+0800 INFO left_time:left time show 4m  56s line num：851!
2025-06-13T17:01:51.508573+0800 INFO left_time:left time show 4m  55s line num：851!
2025-06-13T17:01:52.038805+0800 INFO jisuan_print_time cmd string:N203 G1 F2400 X194.648 Y211.619 E241.08868*0
2025-06-13T17:01:52.519473+0800 INFO left_time:left time show 4m  54s line num：851!
2025-06-13T17:01:52.961786+0800 INFO left_time:left time show 2m  57s line num：912!
2025-06-13T17:01:53.522690+0800 INFO left_time:left time show 2m  56s line num：851!
2025-06-13T17:01:53.677729+0800 INFO jisuan_print_time cmd string:N205 G1 F2400 X234.901 Y252.72 E244.07075*63
2025-06-13T17:01:54.534564+0800 INFO left_time:left time show 2m  55s line num：851!
2025-06-13T17:01:55.278490+0800 INFO jisuan_print_time cmd string:N207 G1 F2400 X194.648 Y213.316 E246.98993*7
2025-06-13T17:01:55.526026+0800 INFO left_time:left time show 2m  54s line num：851!
2025-06-13T17:01:56.527829+0800 INFO left_time:left time show 2m  53s line num：851!
2025-06-13T17:01:56.840242+0800 INFO jisuan_print_time cmd string:N209 G1 F2400 X233.204 Y252.72 E249.84628*50
2025-06-13T17:01:57.523569+0800 INFO left_time:left time show 2m  52s line num：851!
2025-06-13T17:01:58.381791+0800 INFO jisuan_print_time cmd string:N211 G1 F2400 X194.648 Y215.013 E252.63973*15
2025-06-13T17:01:58.521919+0800 INFO left_time:left time show 2m  51s line num：851!
2025-06-13T17:01:59.534179+0800 INFO left_time:left time show 2m  50s line num：851!
2025-06-13T17:01:59.895812+0800 INFO jisuan_print_time cmd string:N213 G1 F2400 X231.507 Y252.72 E255.37036*51
2025-06-13T17:02:00.534092+0800 INFO left_time:left time show 2m  49s line num：851!
2025-06-13T17:02:01.379276+0800 INFO jisuan_print_time cmd string:N215 G1 F2400 X194.648 Y216.71 E258.0381*4
2025-06-13T17:02:01.521901+0800 INFO left_time:left time show 2m  48s line num：851!
2025-06-13T17:02:02.531816+0800 INFO left_time:left time show 2m  47s line num：851!
2025-06-13T17:02:02.843238+0800 INFO jisuan_print_time cmd string:N217 G1 F2400 X229.81 Y252.72 E260.64301*2
2025-06-13T17:02:03.526173+0800 INFO left_time:left time show 2m  46s line num：851!
2025-06-13T17:02:04.264375+0800 INFO jisuan_print_time cmd string:N219 G1 F2400 X194.648 Y218.407 E263.18503*14
2025-06-13T17:02:04.526459+0800 INFO left_time:left time show 2m  45s line num：851!
2025-06-13T17:02:05.527527+0800 INFO left_time:left time show 2m  44s line num：851!
2025-06-13T17:02:05.652196+0800 INFO jisuan_print_time cmd string:N221 G1 F2400 X228.113 Y252.72 E265.66422*61
2025-06-13T17:02:06.533588+0800 INFO left_time:left time show 2m  43s line num：851!
2025-06-13T17:02:07.006526+0800 INFO jisuan_print_time cmd string:N223 G1 F2400 X194.648 Y220.104 E268.08052*1
2025-06-13T17:02:07.523523+0800 INFO left_time:left time show 2m  42s line num：851!
2025-06-13T17:02:08.350387+0800 INFO jisuan_print_time cmd string:N225 G1 F2400 X226.416 Y252.72 E270.43399*51
2025-06-13T17:02:08.536003+0800 INFO left_time:left time show 2m  41s line num：851!
2025-06-13T17:02:09.531194+0800 INFO left_time:left time show 2m  40s line num：851!
2025-06-13T17:02:09.657851+0800 INFO jisuan_print_time cmd string:N227 G1 F2400 X194.648 Y221.801 E272.72457*15
2025-06-13T17:02:10.530397+0800 INFO left_time:left time show 2m  39s line num：851!
2025-06-13T17:02:10.929979+0800 INFO jisuan_print_time cmd string:N229 G1 F2400 X224.719 Y252.72 E274.95229*52
2025-06-13T17:02:11.589221+0800 INFO left_time:left time show 2m  38s line num：851!
2025-06-13T17:02:12.179077+0800 INFO jisuan_print_time cmd string:N231 G1 F2400 X194.648 Y223.498 E277.11714*2
2025-06-13T17:02:12.535938+0800 INFO left_time:left time show 2m  37s line num：851!
2025-06-13T17:02:13.377719+0800 INFO jisuan_print_time cmd string:N233 G1 F2400 X223.021 Y252.72 E279.21911*54
2025-06-13T17:02:13.528184+0800 INFO left_time:left time show 2m  36s line num：851!
2025-06-13T17:02:14.523686+0800 INFO left_time:left time show 2m  35s line num：851!
2025-06-13T17:02:14.686429+0800 INFO jisuan_print_time cmd string:N235 G1 F2400 X194.648 Y225.195 E281.25825*11
2025-06-13T17:02:15.541436+0800 INFO left_time:left time show 2m  34s line num：851!
2025-06-13T17:02:15.719482+0800 INFO jisuan_print_time cmd string:N237 G1 F2400 X221.324 Y252.72 E283.23449*49
2025-06-13T17:02:16.524281+0800 INFO left_time:left time show 2m  33s line num：851!
2025-06-13T17:02:16.835332+0800 INFO jisuan_print_time cmd string:N239 G1 F2400 X194.648 Y226.892 E285.14791*12
2025-06-13T17:02:17.535660+0800 INFO left_time:left time show 2m  32s line num：851!
2025-06-13T17:02:17.924275+0800 INFO jisuan_print_time cmd string:N241 G1 F2400 X219.627 Y252.72 E286.99843*63
2025-06-13T17:02:18.531813+0800 INFO left_time:left time show 2m  31s line num：851!
2025-06-13T17:02:18.979114+0800 INFO jisuan_print_time cmd string:N243 G1 F2400 X194.648 Y228.589 E288.78613*4
2025-06-13T17:02:19.525161+0800 INFO left_time:left time show 2m  30s line num：851!
2025-06-13T17:02:20.031338+0800 INFO jisuan_print_time cmd string:N245 G1 F2400 X217.93 Y252.72 E290.51094*13
2025-06-13T17:02:20.523038+0800 INFO left_time:left time show 2m  29s line num：851!
2025-06-13T17:02:21.019419+0800 INFO jisuan_print_time cmd string:N247 G1 F2400 X194.648 Y230.286 E292.17292*14
2025-06-13T17:02:21.531483+0800 INFO left_time:left time show 2m  28s line num：851!
2025-06-13T17:02:21.991331+0800 INFO jisuan_print_time cmd string:N249 G1 F2400 X216.233 Y252.72 E293.772*48
2025-06-13T17:02:22.533455+0800 INFO left_time:left time show 2m  27s line num：851!
2025-06-13T17:02:22.919302+0800 INFO jisuan_print_time cmd string:N251 G1 F2400 X194.648 Y231.983 E295.30827*0
2025-06-13T17:02:23.523423+0800 INFO left_time:left time show 2m  26s line num：851!
2025-06-13T17:02:23.841563+0800 INFO jisuan_print_time cmd string:N253 G1 F2400 X214.536 Y252.72 E296.78163*55
2025-06-13T17:02:24.534559+0800 INFO left_time:left time show 2m  25s line num：851!
2025-06-13T17:02:24.711368+0800 INFO jisuan_print_time cmd string:N255 G1 F2400 X194.648 Y233.68 E298.19218*58
2025-06-13T17:02:25.533243+0800 INFO left_time:left time show 2m  24s line num：851!
2025-06-13T17:02:25.590112+0800 INFO jisuan_print_time cmd string:N257 G1 F2400 X212.839 Y252.72 E299.53982*54
2025-06-13T17:02:26.537668+0800 INFO left_time:left time show 2m  23s line num：851!
2025-06-13T17:02:26.543199+0800 INFO jisuan_print_time cmd string:N259 G1 F2400 X194.648 Y235.377 E300.82465*3
2025-06-13T17:02:27.181285+0800 INFO jisuan_print_time cmd string:N261 G1 F2400 X211.142 Y252.72 E302.04658*60
2025-06-13T17:02:27.530723+0800 INFO left_time:left time show 2m  22s line num：851!
2025-06-13T17:02:27.938106+0800 INFO jisuan_print_time cmd string:N263 G1 F2400 X194.648 Y237.075 E303.20564*2
2025-06-13T17:02:28.527334+0800 INFO left_time:left time show 2m  21s line num：851!
2025-06-13T17:02:28.672938+0800 INFO jisuan_print_time cmd string:N265 G1 F2400 X209.445 Y252.72 E304.30185*53
2025-06-13T17:02:29.370241+0800 INFO jisuan_print_time cmd string:N267 G1 F2400 X194.648 Y238.772 E305.3352*61
2025-06-13T17:02:29.524867+0800 INFO left_time:left time show 2m  20s line num：851!
2025-06-13T17:02:30.047025+0800 INFO jisuan_print_time cmd string:N269 G1 F2400 X207.748 Y252.72 E306.30569*61
2025-06-13T17:02:30.524352+0800 INFO left_time:left time show 2m  19s line num：851!
2025-06-13T17:02:30.680283+0800 INFO jisuan_print_time cmd string:N271 G1 F2400 X194.648 Y240.469 E307.21328*3
2025-06-13T17:02:31.290388+0800 INFO jisuan_print_time cmd string:N273 G1 F2400 X206.051 Y252.72 E308.05805*55
2025-06-13T17:02:31.537659+0800 INFO left_time:left time show 2m  18s line num：851!
2025-06-13T17:02:31.866288+0800 INFO jisuan_print_time cmd string:N275 G1 F2400 X194.648 Y242.166 E308.83993*2
2025-06-13T17:02:32.407632+0800 INFO jisuan_print_time cmd string:N277 G1 F2400 X204.354 Y252.72 E309.55898*55
2025-06-13T17:02:32.533604+0800 INFO left_time:left time show 2m  17s line num：851!
2025-06-13T17:02:32.924146+0800 INFO jisuan_print_time cmd string:N279 G1 F2400 X194.648 Y243.863 E310.21513*6
2025-06-13T17:02:33.412134+0800 INFO jisuan_print_time cmd string:N281 G1 F2400 X202.657 Y252.72 E310.80847*60
2025-06-13T17:02:33.534385+0800 INFO left_time:left time show 2m  16s line num：851!
2025-06-13T17:02:33.877910+0800 INFO jisuan_print_time cmd string:N283 G1 F2400 X194.648 Y245.56 E311.3389*15
2025-06-13T17:02:34.299329+0800 INFO jisuan_print_time cmd string:N285 G1 F2400 X200.96 Y252.72 E311.80651*9
2025-06-13T17:02:34.532301+0800 INFO left_time:left time show 2m  15s line num：851!
2025-06-13T17:02:34.706199+0800 INFO jisuan_print_time cmd string:N287 G1 F2400 X194.648 Y247.257 E312.21123*11
2025-06-13T17:02:35.064316+0800 INFO jisuan_print_time cmd string:N289 G1 F2400 X199.263 Y252.72 E312.55313*54
2025-06-13T17:02:35.406169+0800 INFO jisuan_print_time cmd string:N291 G1 F2400 X194.648 Y248.954 E312.83212*2
2025-06-13T17:02:35.527548+0800 INFO left_time:left time show 2m  14s line num：851!
2025-06-13T17:02:35.716893+0800 INFO jisuan_print_time cmd string:N293 G1 F2400 X197.566 Y252.72 E313.0483*14
2025-06-13T17:02:35.997283+0800 INFO jisuan_print_time cmd string:N295 G1 F2400 X194.648 Y250.651 E313.20158*0
2025-06-13T17:02:36.247692+0800 INFO jisuan_print_time cmd string:N297 G1 F2400 X195.869 Y252.72 E313.29203*63
2025-06-13T17:02:36.459582+0800 INFO jisuan_print_time cmd string:N299 G1 F2400 X194.648 Y252.348 E313.31959*10
2025-06-13T17:02:36.539367+0800 INFO left_time:left time show 2m  13s line num：851!
2025-06-13T17:02:36.647934+0800 INFO jisuan_print_time cmd string:N301 G1 F3600 E310.81959*12
2025-06-13T17:02:36.821247+0800 INFO jisuan_print_time cmd string:N305 G92 E1*64
2025-06-13T17:02:36.851340+0800 INFO jisuan_print_time cmd string:N306 G1 E-1 F300*1
2025-06-13T17:02:37.532986+0800 INFO left_time:left time show 2m  12s line num：851!
2025-06-13T17:02:38.527587+0800 INFO left_time:left time show 2m  11s line num：851!
2025-06-13T17:02:39.534233+0800 INFO left_time:left time show 2m  10s line num：851!
2025-06-13T17:02:40.526781+0800 INFO left_time:left time show 2m  9s line num：851!
2025-06-13T17:02:41.534074+0800 INFO left_time:left time show 2m  8s line num：851!
2025-06-13T17:02:42.528254+0800 INFO left_time:left time show 2m  7s line num：851!
2025-06-13T17:02:43.539417+0800 INFO left_time:left time show 2m  6s line num：851!
2025-06-13T17:02:44.549394+0800 INFO left_time:left time show 2m  5s line num：851!
2025-06-13T17:02:45.552912+0800 INFO left_time:left time show 2m  4s line num：851!
2025-06-13T17:02:46.542818+0800 INFO left_time:left time show 2m  3s line num：851!
2025-06-13T17:02:47.540227+0800 INFO left_time:left time show 2m  2s line num：851!
2025-06-13T17:02:48.549178+0800 INFO left_time:left time show 2m  1s line num：851!
2025-06-13T17:02:48.766776+0800 INFO 打印结束，结束视频保存
2025-06-13T17:02:49.024867+0800 INFO 打印结束，结束视频保存
2025-06-13T17:02:52.366292+0800 INFO 打印开始
2025-06-13T17:02:53.509326+0800 INFO START PRINT SUCCESS!
2025-06-13T17:02:58.957164+0800 INFO jisuan_print_time cmd string:N9 G92 E0*78
2025-06-13T17:02:58.983249+0800 INFO jisuan_print_time cmd string:N10 G1 F200 E3*27
2025-06-13T17:02:59.000318+0800 INFO jisuan_print_time cmd string:N11 G92 E0*119
2025-06-13T17:02:59.015498+0800 INFO jisuan_print_time cmd string:N12 G92 E0*116
2025-06-13T17:02:59.030792+0800 INFO jisuan_print_time cmd string:N13 G92 E0*117
2025-06-13T17:02:59.045826+0800 INFO jisuan_print_time cmd string:N14 G1 F3600 E-2.5*31
2025-06-13T17:02:59.096701+0800 INFO jisuan_print_time cmd string:N17 G1 F3600 E0.12473*53
2025-06-13T17:02:59.107923+0800 INFO jisuan_print_time cmd string:N18 G1 F2400 X251.98 Y195.392 E2.9601*53
2025-06-13T17:02:59.125969+0800 INFO jisuan_print_time cmd string:N19 G1 X193.78 Y195.392 E5.79548*105
2025-06-13T17:02:59.139555+0800 INFO jisuan_print_time cmd string:N20 G1 X193.78 Y253.592 E8.63085*110
2025-06-13T17:02:59.154197+0800 INFO jisuan_print_time cmd string:N21 G1 X251.98 Y253.592 E11.46623*89
2025-06-13T17:03:02.023351+0800 INFO jisuan_print_time cmd string:N23 G1 F2400 X252.58 Y194.792 E14.36006*61
2025-06-13T17:03:02.039367+0800 INFO jisuan_print_time cmd string:N24 G1 X193.18 Y194.792 E17.2539*109
2025-06-13T17:03:02.055980+0800 INFO jisuan_print_time cmd string:N25 G1 X193.18 Y254.192 E20.14773*90
2025-06-13T17:03:08.045140+0800 INFO jisuan_print_time cmd string:N26 G1 X252.58 Y254.192 E23.04157*81
2025-06-13T17:03:10.967950+0800 INFO jisuan_print_time cmd string:N30 G1 F2400 X194.348 Y253.02 E26.03064*49
2025-06-13T17:03:12.408419+0800 INFO jisuan_print_time cmd string:N31 G1 X194.348 Y195.96 E29.01971*84
2025-06-13T17:03:14.052819+0800 INFO jisuan_print_time cmd string:N32 G1 X251.408 Y195.96 E32.00879*92
2025-06-13T17:03:15.544326+0800 INFO jisuan_print_time cmd string:N33 G1 X251.408 Y253.02 E34.99786*80
2025-06-13T17:03:16.870771+0800 INFO jisuan_print_time cmd string:N35 G1 F2400 X250.566 Y196.26 E35.03801*48
2025-06-13T17:03:19.859083+0800 INFO jisuan_print_time cmd string:N37 G1 F2400 X251.108 Y197.65 E35.14099*54
2025-06-13T17:03:19.906165+0800 INFO jisuan_print_time cmd string:N39 G1 F2400 X248.869 Y196.26 E35.30686*54
2025-06-13T17:03:21.336742+0800 INFO jisuan_print_time cmd string:N41 G1 F2400 X251.108 Y199.348 E35.53559*15
2025-06-13T17:03:24.232392+0800 INFO jisuan_print_time cmd string:N43 G1 F2400 X247.172 Y196.26 E35.82718*56
2025-06-13T17:03:26.588478+0800 INFO jisuan_print_time cmd string:N45 G1 F2400 X251.108 Y201.045 E36.18167*2
2025-06-13T17:03:26.613254+0800 INFO jisuan_print_time cmd string:N47 G1 F2400 X245.475 Y196.26 E36.59898*62
2025-06-13T17:03:26.694093+0800 INFO jisuan_print_time cmd string:N49 G1 F2400 X251.108 Y202.742 E37.07919*3
2025-06-13T17:03:26.812187+0800 INFO jisuan_print_time cmd string:N51 G1 F2400 X243.778 Y196.26 E37.62222*51
2025-06-13T17:03:26.923450+0800 INFO jisuan_print_time cmd string:N53 G1 F2400 X251.108 Y204.439 E38.22814*5
2025-06-13T17:03:27.094149+0800 INFO jisuan_print_time cmd string:N55 G1 F2400 X242.081 Y196.26 E38.89689*56
2025-06-13T17:03:27.279513+0800 INFO jisuan_print_time cmd string:N57 G1 F2400 X251.108 Y206.136 E39.62854*8
2025-06-13T17:03:27.618995+0800 INFO jisuan_print_time cmd string:N59 G1 F2400 X240.384 Y196.26 E40.42301*61
2025-06-13T17:03:27.766053+0800 INFO jisuan_print_time cmd string:N61 G1 F2400 X251.108 Y207.833 E41.28037*12
2025-06-13T17:03:28.035104+0800 INFO jisuan_print_time cmd string:N63 G1 F2400 X238.687 Y196.26 E42.20056*58
2025-06-13T17:03:28.362835+0800 INFO jisuan_print_time cmd string:N65 G1 F2400 X251.108 Y209.53 E43.18364*60
2025-06-13T17:03:28.707767+0800 INFO jisuan_print_time cmd string:N67 G1 F2400 X236.99 Y196.26 E44.22955*7
2025-06-13T17:03:29.087391+0800 INFO jisuan_print_time cmd string:N69 G1 F2400 X251.108 Y211.227 E45.33835*8
2025-06-13T17:03:29.481155+0800 INFO jisuan_print_time cmd string:N71 G1 F2400 X235.293 Y196.26 E46.50997*50
2025-06-13T17:03:29.917912+0800 INFO jisuan_print_time cmd string:N73 G1 F2400 X251.108 Y212.924 E47.7445*54
2025-06-13T17:03:30.377371+0800 INFO jisuan_print_time cmd string:N75 G1 F2400 X233.596 Y196.26 E49.04188*58
2025-06-13T17:03:30.867513+0800 INFO jisuan_print_time cmd string:N77 G1 F2400 X251.108 Y214.621 E50.40212*15
2025-06-13T17:03:31.397802+0800 INFO jisuan_print_time cmd string:N79 G1 F2400 X231.898 Y196.26 E51.82526*48
2025-06-13T17:03:31.952025+0800 INFO jisuan_print_time cmd string:N81 G1 F2400 X251.108 Y216.318 E53.31122*14
2025-06-13T17:03:32.528561+0800 INFO jisuan_print_time cmd string:N83 G1 F2400 X230.201 Y196.26 E54.86007*57
2025-06-13T17:03:33.153680+0800 INFO jisuan_print_time cmd string:N85 G1 F2400 X251.108 Y218.015 E56.47175*12
2025-06-13T17:03:33.793286+0800 INFO jisuan_print_time cmd string:N87 G1 F2400 X228.504 Y196.26 E58.14633*48
2025-06-13T17:03:34.462902+0800 INFO jisuan_print_time cmd string:N89 G1 F2400 X251.108 Y219.712 E59.88373*9
2025-06-13T17:03:35.166276+0800 INFO jisuan_print_time cmd string:N91 G1 F2400 X226.807 Y196.26 E61.68402*54
2025-06-13T17:03:35.915077+0800 INFO jisuan_print_time cmd string:N93 G1 F2400 X251.108 Y221.409 E63.54714*13
2025-06-13T17:03:36.696165+0800 INFO jisuan_print_time cmd string:N95 G1 F2400 X225.11 Y196.26 E65.47316*5
2025-06-13T17:03:37.457546+0800 INFO jisuan_print_time cmd string:N97 G1 F2400 X251.108 Y223.106 E67.46199*5
2025-06-13T17:03:38.283813+0800 INFO jisuan_print_time cmd string:N99 G1 F2400 X223.413 Y196.26 E69.51373*49
2025-06-13T17:03:39.141536+0800 INFO jisuan_print_time cmd string:N101 G1 F2400 X251.108 Y224.803 E71.62828*50
2025-06-13T17:03:40.030316+0800 INFO jisuan_print_time cmd string:N103 G1 F2400 X221.716 Y196.26 E73.80573*6
2025-06-13T17:03:40.956293+0800 INFO jisuan_print_time cmd string:N105 G1 F2400 X251.108 Y226.5 E76.04601*56
2025-06-13T17:03:41.897105+0800 INFO jisuan_print_time cmd string:N107 G1 F2400 X220.019 Y196.26 E78.34918*14
2025-06-13T17:03:42.876706+0800 INFO jisuan_print_time cmd string:N109 G1 F2400 X251.108 Y228.198 E80.71521*53
2025-06-13T17:03:43.871873+0800 INFO jisuan_print_time cmd string:N111 G1 F2400 X218.322 Y196.26 E83.1441*58
2025-06-13T17:03:44.918553+0800 INFO jisuan_print_time cmd string:N113 G1 F2400 X251.108 Y229.895 E85.63585*51
2025-06-13T17:03:45.994586+0800 INFO jisuan_print_time cmd string:N115 G1 F2400 X216.625 Y196.26 E88.19046*3
2025-06-13T17:03:47.095184+0800 INFO jisuan_print_time cmd string:N117 G1 F2400 X251.108 Y231.592 E90.80797*60
2025-06-13T17:03:48.208265+0800 INFO jisuan_print_time cmd string:N119 G1 F2400 X214.928 Y196.26 E93.4883*56
2025-06-13T17:03:49.362199+0800 INFO jisuan_print_time cmd string:N121 G1 F2400 X251.108 Y233.289 E96.23152*54
2025-06-13T17:03:50.547724+0800 INFO jisuan_print_time cmd string:N123 G1 F2400 X213.231 Y196.26 E99.03757*14
2025-06-13T17:03:51.772352+0800 INFO jisuan_print_time cmd string:N125 G1 F2400 X251.108 Y234.986 E101.90652*1
2025-06-13T17:03:53.015998+0800 INFO jisuan_print_time cmd string:N127 G1 F2400 X211.534 Y196.26 E104.83829*49
2025-06-13T17:03:54.294857+0800 INFO jisuan_print_time cmd string:N129 G1 F2400 X251.108 Y236.683 E107.83295*14
2025-06-13T17:03:55.609280+0800 INFO jisuan_print_time cmd string:N131 G1 F2400 X209.837 Y196.26 E110.89044*61
2025-06-13T17:03:56.953386+0800 INFO jisuan_print_time cmd string:N133 G1 F2400 X251.108 Y238.38 E114.01082*49
2025-06-13T17:03:58.322903+0800 INFO jisuan_print_time cmd string:N135 G1 F2400 X208.14 Y196.26 E117.19402*9
2025-06-13T17:03:58.956522+0800 INFO left_time:left time show 5m  54s line num：912!
2025-06-13T17:03:59.562903+0800 INFO left_time:left time show 5m  53s line num：851!
2025-06-13T17:03:59.721574+0800 INFO jisuan_print_time cmd string:N137 G1 F2400 X251.108 Y240.077 E120.44013*15
2025-06-13T17:04:00.558374+0800 INFO left_time:left time show 5m  52s line num：851!
2025-06-13T17:04:01.144684+0800 INFO jisuan_print_time cmd string:N139 G1 F2400 X206.443 Y196.26 E123.74905*59
2025-06-13T17:04:01.561767+0800 INFO left_time:left time show 5m  51s line num：851!
2025-06-13T17:04:02.558174+0800 INFO left_time:left time show 5m  50s line num：851!
2025-06-13T17:04:02.649496+0800 INFO jisuan_print_time cmd string:N141 G1 F2400 X251.108 Y241.774 E127.12087*2
2025-06-13T17:04:03.573991+0800 INFO left_time:left time show 5m  49s line num：851!
2025-06-13T17:04:04.096589+0800 INFO jisuan_print_time cmd string:N143 G1 F2400 X204.746 Y196.26 E130.55552*61
2025-06-13T17:04:04.578371+0800 INFO left_time:left time show 5m  48s line num：851!
2025-06-13T17:04:05.578334+0800 INFO left_time:left time show 5m  47s line num：851!
2025-06-13T17:04:05.646043+0800 INFO jisuan_print_time cmd string:N145 G1 F2400 X251.108 Y243.471 E134.05306*12
2025-06-13T17:04:06.575457+0800 INFO left_time:left time show 5m  46s line num：851!
2025-06-13T17:04:07.209151+0800 INFO jisuan_print_time cmd string:N147 G1 F2400 X203.049 Y196.26 E137.61346*53
2025-06-13T17:04:07.570508+0800 INFO left_time:left time show 5m  45s line num：851!
2025-06-13T17:04:08.576454+0800 INFO left_time:left time show 5m  44s line num：851!
2025-06-13T17:04:08.749646+0800 INFO jisuan_print_time cmd string:N149 G1 F2400 X251.108 Y245.168 E141.23672*11
2025-06-13T17:04:09.576559+0800 INFO left_time:left time show 5m  43s line num：851!
2025-06-13T17:04:10.357471+0800 INFO jisuan_print_time cmd string:N151 G1 F2400 X201.351 Y196.26 E144.92287*62
2025-06-13T17:04:10.575415+0800 INFO left_time:left time show 5m  42s line num：851!
2025-06-13T17:04:11.574080+0800 INFO left_time:left time show 5m  41s line num：851!
2025-06-13T17:04:11.992981+0800 INFO jisuan_print_time cmd string:N153 G1 F2400 X251.108 Y246.865 E148.67185*1
2025-06-13T17:04:12.581260+0800 INFO left_time:left time show 5m  40s line num：851!
2025-06-13T17:04:13.573381+0800 INFO left_time:left time show 5m  39s line num：851!
2025-06-13T17:04:13.684594+0800 INFO jisuan_print_time cmd string:N155 G1 F2400 X199.654 Y196.26 E152.48373*50
2025-06-13T17:04:14.579512+0800 INFO left_time:left time show 5m  38s line num：851!
2025-06-13T17:04:15.365293+0800 INFO jisuan_print_time cmd string:N157 G1 F2400 X251.108 Y248.562 E156.35843*10
2025-06-13T17:04:15.576085+0800 INFO left_time:left time show 5m  37s line num：851!
2025-06-13T17:04:16.578621+0800 INFO left_time:left time show 5m  36s line num：851!
2025-06-13T17:04:17.107182+0800 INFO jisuan_print_time cmd string:N159 G1 F2400 X197.957 Y196.26 E160.29602*57
2025-06-13T17:04:17.580231+0800 INFO left_time:left time show 5m  35s line num：851!
2025-06-13T17:04:18.583092+0800 INFO left_time:left time show 5m  34s line num：851!
2025-06-13T17:04:18.864464+0800 INFO jisuan_print_time cmd string:N161 G1 F2400 X251.108 Y250.259 E164.29644*12
2025-06-13T17:04:19.579579+0800 INFO left_time:left time show 5m  33s line num：851!
2025-06-13T17:04:20.577925+0800 INFO left_time:left time show 5m  32s line num：851!
2025-06-13T17:04:20.664408+0800 INFO jisuan_print_time cmd string:N163 G1 F2400 X196.26 Y196.26 E168.35975*4
2025-06-13T17:04:21.581624+0800 INFO left_time:left time show 5m  31s line num：851!
2025-06-13T17:04:22.477394+0800 INFO jisuan_print_time cmd string:N165 G1 F2400 X251.108 Y251.956 E172.48589*15
2025-06-13T17:04:22.569187+0800 INFO left_time:left time show 5m  30s line num：851!
2025-06-13T17:04:23.568542+0800 INFO left_time:left time show 5m  29s line num：851!
2025-06-13T17:04:24.334225+0800 INFO jisuan_print_time cmd string:N167 G1 F2400 X194.648 Y196.345 E176.66233*10
2025-06-13T17:04:24.584415+0800 INFO left_time:left time show 5m  28s line num：851!
2025-06-13T17:04:25.569138+0800 INFO left_time:left time show 5m  27s line num：851!
2025-06-13T17:04:26.199977+0800 INFO jisuan_print_time cmd string:N169 G1 F2400 X250.174 Y252.72 E180.77587*58
2025-06-13T17:04:26.585389+0800 INFO left_time:left time show 5m  26s line num：851!
2025-06-13T17:04:27.574222+0800 INFO left_time:left time show 5m  25s line num：851!
2025-06-13T17:04:28.125161+0800 INFO jisuan_print_time cmd string:N171 G1 F2400 X194.648 Y198.042 E184.82659*8
2025-06-13T17:04:28.571202+0800 INFO left_time:left time show 5m  24s line num：851!
2025-06-13T17:04:29.570043+0800 INFO left_time:left time show 5m  23s line num：851!
2025-06-13T17:04:30.065387+0800 INFO jisuan_print_time cmd string:N173 G1 F2400 X248.477 Y252.72 E188.81441*52
2025-06-13T17:04:30.579212+0800 INFO left_time:left time show 5m  22s line num：851!
2025-06-13T17:04:31.575235+0800 INFO left_time:left time show 5m  21s line num：851!
2025-06-13T17:04:32.027745+0800 INFO jisuan_print_time cmd string:N175 G1 F2400 X194.648 Y199.739 E192.73941*9
2025-06-13T17:04:32.570911+0800 INFO left_time:left time show 5m  20s line num：851!
2025-06-13T17:04:33.572573+0800 INFO left_time:left time show 5m  19s line num：851!
2025-06-13T17:04:34.051563+0800 INFO jisuan_print_time cmd string:N177 G1 F2400 X246.78 Y252.72 E196.60152*2
2025-06-13T17:04:34.577563+0800 INFO left_time:left time show 5m  18s line num：851!
2025-06-13T17:04:35.573356+0800 INFO left_time:left time show 5m  17s line num：851!
2025-06-13T17:04:36.067765+0800 INFO jisuan_print_time cmd string:N179 G1 F2400 X194.648 Y201.436 E200.4008*55
2025-06-13T17:04:36.577578+0800 INFO left_time:left time show 5m  16s line num：851!
2025-06-13T17:04:37.571097+0800 INFO left_time:left time show 5m  15s line num：851!
2025-06-13T17:04:38.060193+0800 INFO jisuan_print_time cmd string:N181 G1 F2400 X245.083 Y252.72 E204.13718*56
2025-06-13T17:04:38.572683+0800 INFO left_time:left time show 5m  14s line num：851!
2025-06-13T17:04:39.583097+0800 INFO left_time:left time show 5m  13s line num：851!
2025-06-13T17:04:40.023044+0800 INFO jisuan_print_time cmd string:N183 G1 F2400 X194.648 Y203.133 E207.81074*1
2025-06-13T17:04:40.579954+0800 INFO left_time:left time show 5m  12s line num：851!
2025-06-13T17:04:41.570261+0800 INFO left_time:left time show 5m  11s line num：851!
2025-06-13T17:04:41.953781+0800 INFO jisuan_print_time cmd string:N185 G1 F2400 X243.386 Y252.72 E211.42141*54
2025-06-13T17:04:42.575499+0800 INFO left_time:left time show 5m  10s line num：851!
2025-06-13T17:04:43.568355+0800 INFO left_time:left time show 5m  9s line num：851!
2025-06-13T17:04:43.867219+0800 INFO jisuan_print_time cmd string:N187 G1 F2400 X194.648 Y204.83 E214.96925*49
2025-06-13T17:04:44.584423+0800 INFO left_time:left time show 5m  8s line num：851!
2025-06-13T17:04:45.581300+0800 INFO left_time:left time show 5m  7s line num：851!
2025-06-13T17:04:45.736152+0800 INFO jisuan_print_time cmd string:N189 G1 F2400 X241.689 Y252.72 E218.4542*14
2025-06-13T17:04:46.573589+0800 INFO left_time:left time show 5m  6s line num：851!
2025-06-13T17:04:47.572541+0800 INFO left_time:left time show 5m  5s line num：851!
2025-06-13T17:04:47.629482+0800 INFO jisuan_print_time cmd string:N191 G1 F2400 X194.648 Y206.528 E221.87629*5
2025-06-13T17:04:48.573228+0800 INFO left_time:left time show 5m  4s line num：851!
2025-06-13T17:04:49.392851+0800 INFO jisuan_print_time cmd string:N193 G1 F2400 X239.992 Y252.72 E225.23551*54
2025-06-13T17:04:49.571674+0800 INFO left_time:left time show 5m  3s line num：851!
2025-06-13T17:04:50.571578+0800 INFO left_time:left time show 5m  2s line num：851!
2025-06-13T17:04:51.194184+0800 INFO jisuan_print_time cmd string:N195 G1 F2400 X194.648 Y208.225 E228.53188*9
2025-06-13T17:04:51.576804+0800 INFO left_time:left time show 5m  1s line num：851!
2025-06-13T17:04:52.584974+0800 INFO left_time:left time show 5m  0s line num：851!
2025-06-13T17:04:52.941284+0800 INFO jisuan_print_time cmd string:N197 G1 F2400 X238.295 Y252.72 E231.76539*52
2025-06-13T17:04:53.581743+0800 INFO left_time:left time show 4m  59s line num：851!
2025-06-13T17:04:54.577703+0800 INFO left_time:left time show 4m  58s line num：851!
2025-06-13T17:04:54.656180+0800 INFO jisuan_print_time cmd string:N199 G1 F2400 X194.648 Y209.922 E234.936*14
2025-06-13T17:04:55.575160+0800 INFO left_time:left time show 4m  57s line num：851!
2025-06-13T17:04:56.353585+0800 INFO jisuan_print_time cmd string:N201 G1 F2400 X236.598 Y252.72 E238.04379*50
2025-06-13T17:04:56.586188+0800 INFO left_time:left time show 4m  56s line num：851!
2025-06-13T17:04:57.585605+0800 INFO left_time:left time show 4m  55s line num：851!
2025-06-13T17:04:58.020779+0800 INFO jisuan_print_time cmd string:N203 G1 F2400 X194.648 Y211.619 E241.08868*0
2025-06-13T17:04:58.590822+0800 INFO left_time:left time show 4m  54s line num：851!
2025-06-13T17:04:58.947239+0800 INFO left_time:left time show 2m  57s line num：912!
2025-06-13T17:04:59.598282+0800 INFO left_time:left time show 2m  56s line num：851!
2025-06-13T17:04:59.672176+0800 INFO jisuan_print_time cmd string:N205 G1 F2400 X234.901 Y252.72 E244.07075*63
2025-06-13T17:05:00.587604+0800 INFO left_time:left time show 2m  55s line num：851!
2025-06-13T17:05:01.259391+0800 INFO jisuan_print_time cmd string:N207 G1 F2400 X194.648 Y213.316 E246.98993*7
2025-06-13T17:05:01.596835+0800 INFO left_time:left time show 2m  54s line num：851!
2025-06-13T17:05:02.592800+0800 INFO left_time:left time show 2m  53s line num：851!
2025-06-13T17:05:02.826264+0800 INFO jisuan_print_time cmd string:N209 G1 F2400 X233.204 Y252.72 E249.84628*50
2025-06-13T17:05:03.597658+0800 INFO left_time:left time show 2m  52s line num：851!
2025-06-13T17:05:04.377781+0800 INFO jisuan_print_time cmd string:N211 G1 F2400 X194.648 Y215.013 E252.63973*15
2025-06-13T17:05:04.591950+0800 INFO left_time:left time show 2m  51s line num：851!
2025-06-13T17:05:05.600797+0800 INFO left_time:left time show 2m  50s line num：851!
2025-06-13T17:05:05.881148+0800 INFO jisuan_print_time cmd string:N213 G1 F2400 X231.507 Y252.72 E255.37036*51
2025-06-13T17:05:06.586279+0800 INFO left_time:left time show 2m  49s line num：851!
2025-06-13T17:05:07.366837+0800 INFO jisuan_print_time cmd string:N215 G1 F2400 X194.648 Y216.71 E258.0381*4
2025-06-13T17:05:07.585655+0800 INFO left_time:left time show 2m  48s line num：851!
2025-06-13T17:05:08.598038+0800 INFO left_time:left time show 2m  47s line num：851!
2025-06-13T17:05:08.829015+0800 INFO jisuan_print_time cmd string:N217 G1 F2400 X229.81 Y252.72 E260.64301*2
2025-06-13T17:05:09.588285+0800 INFO left_time:left time show 2m  46s line num：851!
2025-06-13T17:05:10.247190+0800 INFO jisuan_print_time cmd string:N219 G1 F2400 X194.648 Y218.407 E263.18503*14
2025-06-13T17:05:10.586439+0800 INFO left_time:left time show 2m  45s line num：851!
2025-06-13T17:05:11.584445+0800 INFO left_time:left time show 2m  44s line num：851!
2025-06-13T17:05:11.655446+0800 INFO jisuan_print_time cmd string:N221 G1 F2400 X228.113 Y252.72 E265.66422*61
2025-06-13T17:05:12.595532+0800 INFO left_time:left time show 2m  43s line num：851!
2025-06-13T17:05:12.999563+0800 INFO jisuan_print_time cmd string:N223 G1 F2400 X194.648 Y220.104 E268.08052*1
2025-06-13T17:05:13.589316+0800 INFO left_time:left time show 2m  42s line num：851!
2025-06-13T17:05:14.339404+0800 INFO jisuan_print_time cmd string:N225 G1 F2400 X226.416 Y252.72 E270.43399*51
2025-06-13T17:05:14.596302+0800 INFO left_time:left time show 2m  41s line num：851!
2025-06-13T17:05:15.588458+0800 INFO left_time:left time show 2m  40s line num：851!
2025-06-13T17:05:15.637866+0800 INFO jisuan_print_time cmd string:N227 G1 F2400 X194.648 Y221.801 E272.72457*15
2025-06-13T17:05:16.587255+0800 INFO left_time:left time show 2m  39s line num：851!
2025-06-13T17:05:16.911771+0800 INFO jisuan_print_time cmd string:N229 G1 F2400 X224.719 Y252.72 E274.95229*52
2025-06-13T17:05:17.584214+0800 INFO left_time:left time show 2m  38s line num：851!
2025-06-13T17:05:18.151276+0800 INFO jisuan_print_time cmd string:N231 G1 F2400 X194.648 Y223.498 E277.11714*2
2025-06-13T17:05:18.586962+0800 INFO left_time:left time show 2m  37s line num：851!
2025-06-13T17:05:19.357973+0800 INFO jisuan_print_time cmd string:N233 G1 F2400 X223.021 Y252.72 E279.21911*54
2025-06-13T17:05:19.629423+0800 INFO left_time:left time show 2m  36s line num：851!
2025-06-13T17:05:20.557381+0800 INFO jisuan_print_time cmd string:N235 G1 F2400 X194.648 Y225.195 E281.25825*11
2025-06-13T17:05:20.588439+0800 INFO left_time:left time show 2m  35s line num：851!
2025-06-13T17:05:21.585441+0800 INFO left_time:left time show 2m  34s line num：851!
2025-06-13T17:05:21.738970+0800 INFO jisuan_print_time cmd string:N237 G1 F2400 X221.324 Y252.72 E283.23449*49
2025-06-13T17:05:22.589030+0800 INFO left_time:left time show 2m  33s line num：851!
2025-06-13T17:05:22.827752+0800 INFO jisuan_print_time cmd string:N239 G1 F2400 X194.648 Y226.892 E285.14791*12
2025-06-13T17:05:23.592805+0800 INFO left_time:left time show 2m  32s line num：851!
2025-06-13T17:05:23.906236+0800 INFO jisuan_print_time cmd string:N241 G1 F2400 X219.627 Y252.72 E286.99843*63
2025-06-13T17:05:24.586983+0800 INFO left_time:left time show 2m  31s line num：851!
2025-06-13T17:05:24.979241+0800 INFO jisuan_print_time cmd string:N243 G1 F2400 X194.648 Y228.589 E288.78613*4
2025-06-13T17:05:25.585886+0800 INFO left_time:left time show 2m  30s line num：851!
2025-06-13T17:05:26.009233+0800 INFO jisuan_print_time cmd string:N245 G1 F2400 X217.93 Y252.72 E290.51094*13
2025-06-13T17:05:26.599217+0800 INFO left_time:left time show 2m  29s line num：851!
2025-06-13T17:05:27.002672+0800 INFO jisuan_print_time cmd string:N247 G1 F2400 X194.648 Y230.286 E292.17292*14
2025-06-13T17:05:27.593516+0800 INFO left_time:left time show 2m  28s line num：851!
2025-06-13T17:05:27.969253+0800 INFO jisuan_print_time cmd string:N249 G1 F2400 X216.233 Y252.72 E293.772*48
2025-06-13T17:05:28.585350+0800 INFO left_time:left time show 2m  27s line num：851!
2025-06-13T17:05:28.914498+0800 INFO jisuan_print_time cmd string:N251 G1 F2400 X194.648 Y231.983 E295.30827*0
2025-06-13T17:05:29.594270+0800 INFO left_time:left time show 2m  26s line num：851!
2025-06-13T17:05:29.829303+0800 INFO jisuan_print_time cmd string:N253 G1 F2400 X214.536 Y252.72 E296.78163*55
2025-06-13T17:05:30.598969+0800 INFO left_time:left time show 2m  25s line num：851!
2025-06-13T17:05:30.694508+0800 INFO jisuan_print_time cmd string:N255 G1 F2400 X194.648 Y233.68 E298.19218*58
2025-06-13T17:05:31.547780+0800 INFO jisuan_print_time cmd string:N257 G1 F2400 X212.839 Y252.72 E299.53982*54
2025-06-13T17:05:31.594501+0800 INFO left_time:left time show 2m  24s line num：851!
2025-06-13T17:05:32.374333+0800 INFO jisuan_print_time cmd string:N259 G1 F2400 X194.648 Y235.377 E300.82465*3
2025-06-13T17:05:32.595178+0800 INFO left_time:left time show 2m  23s line num：851!
2025-06-13T17:05:33.160483+0800 INFO jisuan_print_time cmd string:N261 G1 F2400 X211.142 Y252.72 E302.04658*60
2025-06-13T17:05:33.588252+0800 INFO left_time:left time show 2m  22s line num：851!
2025-06-13T17:05:33.916536+0800 INFO jisuan_print_time cmd string:N263 G1 F2400 X194.648 Y237.075 E303.20564*2
2025-06-13T17:05:34.585438+0800 INFO left_time:left time show 2m  21s line num：851!
2025-06-13T17:05:34.665503+0800 INFO jisuan_print_time cmd string:N265 G1 F2400 X209.445 Y252.72 E304.30185*53
2025-06-13T17:05:35.345133+0800 INFO jisuan_print_time cmd string:N267 G1 F2400 X194.648 Y238.772 E305.3352*61
2025-06-13T17:05:35.591970+0800 INFO left_time:left time show 2m  20s line num：851!
2025-06-13T17:05:36.029475+0800 INFO jisuan_print_time cmd string:N269 G1 F2400 X207.748 Y252.72 E306.30569*61
2025-06-13T17:05:36.591808+0800 INFO left_time:left time show 2m  19s line num：851!
2025-06-13T17:05:36.653559+0800 INFO jisuan_print_time cmd string:N271 G1 F2400 X194.648 Y240.469 E307.21328*3
2025-06-13T17:05:37.276017+0800 INFO jisuan_print_time cmd string:N273 G1 F2400 X206.051 Y252.72 E308.05805*55
2025-06-13T17:05:37.588432+0800 INFO left_time:left time show 2m  18s line num：851!
2025-06-13T17:05:37.856522+0800 INFO jisuan_print_time cmd string:N275 G1 F2400 X194.648 Y242.166 E308.83993*2
2025-06-13T17:05:38.454424+0800 INFO jisuan_print_time cmd string:N277 G1 F2400 X204.354 Y252.72 E309.55898*55
2025-06-13T17:05:38.584208+0800 INFO left_time:left time show 2m  17s line num：851!
2025-06-13T17:05:38.924451+0800 INFO jisuan_print_time cmd string:N279 G1 F2400 X194.648 Y243.863 E310.21513*6
2025-06-13T17:05:39.410141+0800 INFO jisuan_print_time cmd string:N281 G1 F2400 X202.657 Y252.72 E310.80847*60
2025-06-13T17:05:39.584870+0800 INFO left_time:left time show 2m  16s line num：851!
2025-06-13T17:05:39.864321+0800 INFO jisuan_print_time cmd string:N283 G1 F2400 X194.648 Y245.56 E311.3389*15
2025-06-13T17:05:40.285387+0800 INFO jisuan_print_time cmd string:N285 G1 F2400 X200.96 Y252.72 E311.80651*9
2025-06-13T17:05:40.735554+0800 INFO left_time:left time show 2m  15s line num：851!
2025-06-13T17:05:40.740561+0800 INFO jisuan_print_time cmd string:N287 G1 F2400 X194.648 Y247.257 E312.21123*11
2025-06-13T17:05:41.073350+0800 INFO jisuan_print_time cmd string:N289 G1 F2400 X199.263 Y252.72 E312.55313*54
2025-06-13T17:05:41.390953+0800 INFO jisuan_print_time cmd string:N291 G1 F2400 X194.648 Y248.954 E312.83212*2
2025-06-13T17:05:41.592742+0800 INFO left_time:left time show 2m  14s line num：851!
2025-06-13T17:05:41.704233+0800 INFO jisuan_print_time cmd string:N293 G1 F2400 X197.566 Y252.72 E313.0483*14
2025-06-13T17:05:41.978457+0800 INFO jisuan_print_time cmd string:N295 G1 F2400 X194.648 Y250.651 E313.20158*0
2025-06-13T17:05:42.227517+0800 INFO jisuan_print_time cmd string:N297 G1 F2400 X195.869 Y252.72 E313.29203*63
2025-06-13T17:05:42.444368+0800 INFO jisuan_print_time cmd string:N299 G1 F2400 X194.648 Y252.348 E313.31959*10
2025-06-13T17:05:42.586471+0800 INFO left_time:left time show 2m  13s line num：851!
2025-06-13T17:05:42.638237+0800 INFO jisuan_print_time cmd string:N301 G1 F3600 E310.81959*12
2025-06-13T17:05:42.820720+0800 INFO jisuan_print_time cmd string:N305 G92 E1*64
2025-06-13T17:05:42.832868+0800 INFO jisuan_print_time cmd string:N306 G1 E-1 F300*1
2025-06-13T17:05:43.599217+0800 INFO left_time:left time show 2m  12s line num：851!
2025-06-13T17:05:44.589983+0800 INFO left_time:left time show 2m  11s line num：851!
2025-06-13T17:05:45.587505+0800 INFO left_time:left time show 2m  10s line num：851!
2025-06-13T17:05:46.586382+0800 INFO left_time:left time show 2m  9s line num：851!
2025-06-13T17:05:47.587517+0800 INFO left_time:left time show 2m  8s line num：851!
2025-06-13T17:05:48.587791+0800 INFO left_time:left time show 2m  7s line num：851!
2025-06-13T17:05:49.587614+0800 INFO left_time:left time show 2m  6s line num：851!
2025-06-13T17:05:50.591981+0800 INFO left_time:left time show 2m  5s line num：851!
2025-06-13T17:05:51.586771+0800 INFO left_time:left time show 2m  4s line num：851!
2025-06-13T17:05:52.586594+0800 INFO left_time:left time show 2m  3s line num：851!
2025-06-13T17:05:53.597243+0800 INFO left_time:left time show 2m  2s line num：851!
2025-06-13T17:05:54.600310+0800 INFO left_time:left time show 2m  1s line num：851!
2025-06-13T17:05:54.787266+0800 INFO 打印结束，结束视频保存
2025-06-13T17:05:54.907703+0800 INFO 打印结束，结束视频保存
