2025-06-16T08:59:57.656899+0800 INFO INLONG CONNECT FAILED!
2025-06-16T08:59:59.596594+0800 INFO 获取播放库句柄成功
2025-06-16T09:00:03.104449+0800 INFO Login device fail, error code is: 7
2025-06-16T09:00:03.151195+0800 INFO Login device succesed
2025-06-16T09:00:03.773013+0800 INFO Open preview fail, error code is: 3
2025-06-16T09:00:03.774015+0800 INFO Open preview successed
2025-06-16T09:00:04.459422+0800 ERROR could not convert string to float: ''
error file:D:\git\YLong\INLONG2025052101(UI)\SC12060.py
error line:921
2025-06-16T09:00:05.461134+0800 ERROR could not convert string to float: ''
error file:D:\git\YLong\INLONG2025052101(UI)\SC12060.py
error line:921
2025-06-16T09:00:06.468737+0800 ERROR could not convert string to float: ''
error file:D:\git\YLong\INLONG2025052101(UI)\SC12060.py
error line:921
2025-06-16T09:00:07.458618+0800 ERROR could not convert string to float: ''
error file:D:\git\YLong\INLONG2025052101(UI)\SC12060.py
error line:921
2025-06-16T09:00:08.468082+0800 ERROR could not convert string to float: ''
error file:D:\git\YLong\INLONG2025052101(UI)\SC12060.py
error line:921
2025-06-16T09:00:09.460896+0800 ERROR could not convert string to float: ''
error file:D:\git\YLong\INLONG2025052101(UI)\SC12060.py
error line:921
2025-06-16T09:00:10.471677+0800 ERROR could not convert string to float: ''
error file:D:\git\YLong\INLONG2025052101(UI)\SC12060.py
error line:921
2025-06-16T09:00:11.459577+0800 ERROR could not convert string to float: ''
error file:D:\git\YLong\INLONG2025052101(UI)\SC12060.py
error line:921
2025-06-16T09:00:12.469223+0800 ERROR could not convert string to float: ''
error file:D:\git\YLong\INLONG2025052101(UI)\SC12060.py
error line:921
