2025-06-16T08:51:15.893699+0800 INFO INLONG CONNECT FAILED!
2025-06-16T08:51:18.101908+0800 INFO 获取播放库句柄成功
2025-06-16T08:51:21.614406+0800 INFO Login device fail, error code is: 7
2025-06-16T08:51:21.662977+0800 INFO Login device succesed
2025-06-16T08:51:22.733918+0800 INFO Open preview fail, error code is: 3
2025-06-16T08:51:22.734919+0800 INFO Open preview successed
2025-06-16T08:51:23.619208+0800 ERROR could not convert string to float: ''
error file:D:\git\YLong\INLONG2025052101(UI)\SC12060.py
error line:907
2025-06-16T08:51:24.617646+0800 ERROR could not convert string to float: ''
error file:D:\git\YLong\INLONG2025052101(UI)\SC12060.py
error line:907
2025-06-16T08:51:25.629779+0800 ERROR could not convert string to float: ''
error file:D:\git\YLong\INLONG2025052101(UI)\SC12060.py
error line:907
2025-06-16T08:51:26.623962+0800 ERROR could not convert string to float: ''
error file:D:\git\YLong\INLONG2025052101(UI)\SC12060.py
error line:907
2025-06-16T08:51:27.628974+0800 ERROR could not convert string to float: ''
error file:D:\git\YLong\INLONG2025052101(UI)\SC12060.py
error line:907
2025-06-16T08:51:28.629143+0800 ERROR could not convert string to float: ''
error file:D:\git\YLong\INLONG2025052101(UI)\SC12060.py
error line:907
