2025-06-13T17:34:09.397403+0800 INFO INLONG CONNECT FAILED!
2025-06-13T17:34:11.805553+0800 INFO 获取播放库句柄成功
2025-06-13T17:34:15.314434+0800 INFO Login device fail, error code is: 7
2025-06-13T17:34:15.363312+0800 INFO Login device succesed
2025-06-13T17:34:16.469956+0800 INFO Open preview fail, error code is: 3
2025-06-13T17:34:16.470954+0800 INFO Open preview successed
2025-06-13T17:34:17.182994+0800 ERROR could not convert string to float: ''
error file:D:\git\YLong\INLONG2025052101(UI)\SC12060.py
error line:907
2025-06-13T17:34:18.183076+0800 ERROR could not convert string to float: ''
error file:D:\git\YLong\INLONG2025052101(UI)\SC12060.py
error line:907
2025-06-13T17:34:19.180523+0800 ERROR could not convert string to float: ''
error file:D:\git\YLong\INLONG2025052101(UI)\SC12060.py
error line:907
2025-06-13T17:34:20.191152+0800 ERROR could not convert string to float: ''
error file:D:\git\YLong\INLONG2025052101(UI)\SC12060.py
error line:907
2025-06-13T17:34:21.182196+0800 ERROR could not convert string to float: ''
error file:D:\git\YLong\INLONG2025052101(UI)\SC12060.py
error line:907
2025-06-13T17:34:22.193609+0800 ERROR could not convert string to float: ''
error file:D:\git\YLong\INLONG2025052101(UI)\SC12060.py
error line:907
2025-06-13T17:34:23.184346+0800 ERROR could not convert string to float: ''
error file:D:\git\YLong\INLONG2025052101(UI)\SC12060.py
error line:907
2025-06-13T17:34:24.184342+0800 ERROR could not convert string to float: ''
error file:D:\git\YLong\INLONG2025052101(UI)\SC12060.py
error line:907
2025-06-13T17:34:25.198763+0800 ERROR could not convert string to float: ''
error file:D:\git\YLong\INLONG2025052101(UI)\SC12060.py
error line:907
2025-06-13T17:34:26.223812+0800 ERROR could not convert string to float: ''
error file:D:\git\YLong\INLONG2025052101(UI)\SC12060.py
error line:907
2025-06-13T17:34:27.217239+0800 ERROR could not convert string to float: ''
error file:D:\git\YLong\INLONG2025052101(UI)\SC12060.py
error line:907
2025-06-13T17:34:28.182702+0800 ERROR could not convert string to float: ''
error file:D:\git\YLong\INLONG2025052101(UI)\SC12060.py
error line:907
2025-06-13T17:34:29.187528+0800 ERROR could not convert string to float: ''
error file:D:\git\YLong\INLONG2025052101(UI)\SC12060.py
error line:907
2025-06-13T17:34:30.191860+0800 ERROR could not convert string to float: ''
error file:D:\git\YLong\INLONG2025052101(UI)\SC12060.py
error line:907
2025-06-13T17:34:31.182365+0800 ERROR could not convert string to float: ''
error file:D:\git\YLong\INLONG2025052101(UI)\SC12060.py
error line:907
2025-06-13T17:34:32.177751+0800 ERROR could not convert string to float: ''
error file:D:\git\YLong\INLONG2025052101(UI)\SC12060.py
error line:907
2025-06-13T17:34:33.176928+0800 ERROR could not convert string to float: ''
error file:D:\git\YLong\INLONG2025052101(UI)\SC12060.py
error line:907
2025-06-13T17:34:34.203176+0800 ERROR could not convert string to float: ''
error file:D:\git\YLong\INLONG2025052101(UI)\SC12060.py
error line:907
2025-06-13T17:34:35.186443+0800 ERROR could not convert string to float: ''
error file:D:\git\YLong\INLONG2025052101(UI)\SC12060.py
error line:907
