2025-06-16T08:51:00.755083+0800 INFO M104 S300
2025-06-16T08:51:00.756081+0800 INFO Not connected to printer.
2025-06-16T08:51:01.425657+0800 INFO G91
2025-06-16T08:51:01.426656+0800 INFO Not connected to printer.
2025-06-16T08:51:01.426656+0800 INFO G1 Z200 F2000
2025-06-16T08:51:01.426656+0800 INFO Not connected to printer.
2025-06-16T08:51:01.426656+0800 INFO G90
2025-06-16T08:51:01.426656+0800 INFO Not connected to printer.
2025-06-16T08:51:03.242459+0800 INFO M104 S300
2025-06-16T08:51:03.242459+0800 INFO Not connected to printer.
2025-06-16T08:51:03.242459+0800 INFO G250 S110
2025-06-16T08:51:03.243471+0800 INFO Not connected to printer.
2025-06-16T08:51:03.243471+0800 INFO M259
2025-06-16T08:51:03.243471+0800 INFO Not connected to printer.
2025-06-16T08:51:03.244462+0800 INFO M259
2025-06-16T08:51:03.244462+0800 INFO Not connected to printer.
2025-06-16T08:51:03.244462+0800 INFO M259
2025-06-16T08:51:03.244462+0800 INFO Not connected to printer.
2025-06-16T08:51:03.244462+0800 INFO M259
2025-06-16T08:51:03.244462+0800 INFO Not connected to printer.
2025-06-16T08:51:03.245479+0800 INFO M259
2025-06-16T08:51:03.245479+0800 INFO Not connected to printer.
2025-06-16T08:51:03.246500+0800 INFO M259
2025-06-16T08:51:03.246500+0800 INFO Not connected to printer.
2025-06-16T08:51:03.247472+0800 INFO M259
2025-06-16T08:51:03.252460+0800 INFO Not connected to printer.
2025-06-16T08:51:03.252460+0800 INFO M259
2025-06-16T08:51:03.253459+0800 INFO Not connected to printer.
2025-06-16T08:51:03.253459+0800 INFO M259
2025-06-16T08:51:03.254453+0800 INFO Not connected to printer.
2025-06-16T08:51:03.254453+0800 INFO M259
2025-06-16T08:51:03.255489+0800 INFO Not connected to printer.
2025-06-16T08:51:04.289626+0800 INFO L110 S60
2025-06-16T08:51:04.289626+0800 INFO Not connected to printer.
