2025-06-13T16:46:34.194327+0800 INFO 设备已成功连接
2025-06-13T16:46:34.196883+0800 ERROR SENT: M105
2025-06-13T16:46:34.197893+0800 ERROR write command M105
2025-06-13T16:46:34.203460+0800 ERROR second command M105
2025-06-13T16:46:34.204465+0800 ERROR finish command M105
2025-06-13T16:46:34.204465+0800 ERROR SENT: G250 S21
2025-06-13T16:46:34.204465+0800 ERROR write command G250 S21
2025-06-13T16:46:34.207541+0800 ERROR second command G250 S21
2025-06-13T16:46:34.210098+0800 ERROR finish command G250 S21
2025-06-13T16:46:34.210098+0800 ERROR SENT: G250 S800
2025-06-13T16:46:34.212104+0800 ERROR write command G250 S800
2025-06-13T16:46:34.213088+0800 ERROR second command G250 S800
2025-06-13T16:46:34.213088+0800 ERROR finish command G250 S800
2025-06-13T16:46:34.213088+0800 ERROR SENT: M154 S1
2025-06-13T16:46:34.214617+0800 ERROR write command M154 S1
2025-06-13T16:46:34.214617+0800 ERROR second command M154 S1
2025-06-13T16:46:34.214617+0800 ERROR finish command M154 S1
2025-06-13T16:46:34.223094+0800 ERROR readline  T:38.2813 /0 B:69.4219 /0 @:0 B@:0 VER: 1.3.2

2025-06-13T16:46:34.223094+0800 ERROR readline ok

2025-06-13T16:46:34.227202+0800 ERROR readline LOBOTICS SAFETY UNLOCKED

2025-06-13T16:46:34.229253+0800 ERROR readline ok

2025-06-13T16:46:34.229779+0800 ERROR readline ok

2025-06-13T16:46:34.485252+0800 ERROR empty readline 0
2025-06-13T16:46:34.749887+0800 ERROR empty readline 1
2025-06-13T16:46:35.014453+0800 ERROR empty readline 2
2025-06-13T16:46:35.219582+0800 ERROR readline X:600.0000 Y:10.0000 Z:55.0000 E:-1.0000 Count X:210000 Y:3500 Z:110000 STA: 1082106

2025-06-13T16:46:35.222778+0800 ERROR readline 

2025-06-13T16:46:35.482115+0800 ERROR empty readline 0
2025-06-13T16:46:35.747133+0800 ERROR empty readline 1
2025-06-13T16:46:36.012461+0800 ERROR empty readline 2
2025-06-13T16:46:36.217900+0800 ERROR readline X:600.0000 Y:10.0000 Z:55.0000 E:-1.0000 Count X:210000 Y:3500 Z:110000 STA: 1082106

2025-06-13T16:46:36.219414+0800 ERROR readline 

2025-06-13T16:46:36.478066+0800 ERROR empty readline 0
2025-06-13T16:46:36.739963+0800 ERROR empty readline 1
2025-06-13T16:46:37.005342+0800 ERROR empty readline 2
2025-06-13T16:46:37.217562+0800 ERROR readline X:600.0000 Y:10.0000 Z:55.0000 E:-1.0000 Count X:210000 Y:3500 Z:110000 STA: 1082106

2025-06-13T16:46:37.219075+0800 ERROR readline 

2025-06-13T16:46:37.349081+0800 INFO M105

2025-06-13T16:46:37.349633+0800 ERROR SENT: M105

2025-06-13T16:46:37.350647+0800 ERROR write command M105

2025-06-13T16:46:37.351761+0800 ERROR second command M105

2025-06-13T16:46:37.352905+0800 ERROR finish command M105

2025-06-13T16:46:37.354420+0800 ERROR readline ok

2025-06-13T16:46:37.360218+0800 ERROR readline  T:38.3929 /0 B:69.1875 /0 @:0 B@:0 VER: 1.3.2

2025-06-13T16:46:37.611635+0800 ERROR empty readline 0
2025-06-13T16:46:37.863148+0800 ERROR empty readline 1
2025-06-13T16:46:38.126600+0800 ERROR empty readline 2
2025-06-13T16:46:38.222710+0800 ERROR readline X:600.0000 Y:10.0000 Z:55.0000 E:-1.0000 Count X:210000 Y:3500 Z:110000 STA: 1082107

2025-06-13T16:46:38.224222+0800 ERROR readline 

2025-06-13T16:46:38.487612+0800 ERROR empty readline 0
2025-06-13T16:46:38.749676+0800 ERROR empty readline 1
2025-06-13T16:46:39.012940+0800 ERROR empty readline 2
2025-06-13T16:46:39.216580+0800 ERROR readline X:600.0000 Y:10.0000 Z:55.0000 E:-1.0000 Count X:210000 Y:3500 Z:110000 STA: 1082111

2025-06-13T16:46:39.217137+0800 ERROR readline 

2025-06-13T16:46:39.482591+0800 ERROR empty readline 0
2025-06-13T16:46:39.749468+0800 ERROR empty readline 1
2025-06-13T16:46:40.012221+0800 ERROR empty readline 2
2025-06-13T16:46:40.219166+0800 ERROR readline X:600.0000 Y:10.0000 Z:55.0000 E:-1.0000 Count X:210000 Y:3500 Z:110000 STA: 1082111

2025-06-13T16:46:40.220178+0800 ERROR readline 

2025-06-13T16:46:40.479378+0800 ERROR empty readline 0
2025-06-13T16:46:40.745638+0800 ERROR empty readline 1
2025-06-13T16:46:41.010646+0800 ERROR empty readline 2
2025-06-13T16:46:41.219294+0800 ERROR readline X:600.0000 Y:10.0000 Z:55.0000 E:-1.0000 Count X:210000 Y:3500 Z:110000 STA: 1082111

2025-06-13T16:46:41.220314+0800 ERROR readline 

2025-06-13T16:46:41.478360+0800 ERROR empty readline 0
2025-06-13T16:46:41.743466+0800 ERROR empty readline 1
2025-06-13T16:46:42.004256+0800 ERROR empty readline 2
2025-06-13T16:46:42.251702+0800 ERROR readline X:600.0000 Y:10.0000 Z:55.0000 E:-1.0000 Count X:210000 Y:3500 Z:110000 STA: 1082111

2025-06-13T16:46:42.252730+0800 ERROR readline 

2025-06-13T16:46:42.545055+0800 ERROR empty readline 0
2025-06-13T16:46:45.060396+0800 ERROR empty readline 1
2025-06-13T16:46:45.148150+0800 ERROR readline X:600.0000 Y:10.0000 Z:55.0000 E:-1.0000 Count X:210000 Y:3500 Z:110000 STA: 1082111

2025-06-13T16:46:45.150514+0800 ERROR readline 

2025-06-13T16:46:45.156905+0800 ERROR readline X:600.0000 Y:10.0000 Z:55.0000 E:-1.0000 Count X:210000 Y:3500 Z:110000 STA: 1082111

2025-06-13T16:46:45.159454+0800 ERROR readline 

2025-06-13T16:46:45.369066+0800 ERROR readline X:600.0000 Y:10.0000 Z:55.0000 E:-1.0000 Count X:210000 Y:3500 Z:110000 STA: 1082111

2025-06-13T16:46:45.369066+0800 ERROR readline 

2025-06-13T16:46:45.622162+0800 ERROR empty readline 0
2025-06-13T16:46:45.887708+0800 ERROR empty readline 1
2025-06-13T16:46:46.149961+0800 ERROR empty readline 2
2025-06-13T16:46:46.215137+0800 ERROR readline X:600.0000 Y:10.0000 Z:55.0000 E:-1.0000 Count X:210000 Y:3500 Z:110000 STA: 1082111

2025-06-13T16:46:46.217628+0800 ERROR readline 

2025-06-13T16:46:46.479096+0800 ERROR empty readline 0
2025-06-13T16:46:46.731834+0800 ERROR empty readline 1
2025-06-13T16:46:46.983562+0800 ERROR empty readline 2
2025-06-13T16:46:47.217475+0800 ERROR readline X:600.0000 Y:10.0000 Z:55.0000 E:-1.0000 Count X:210000 Y:3500 Z:110000 STA: 1082111

2025-06-13T16:46:47.221058+0800 ERROR readline 

2025-06-13T16:46:47.476109+0800 ERROR empty readline 0
2025-06-13T16:46:47.740280+0800 ERROR empty readline 1
2025-06-13T16:46:48.005193+0800 ERROR empty readline 2
2025-06-13T16:46:48.216730+0800 ERROR readline X:600.0000 Y:10.0000 Z:55.0000 E:-1.0000 Count X:210000 Y:3500 Z:110000 STA: 1082111

2025-06-13T16:46:48.217731+0800 ERROR readline 

2025-06-13T16:46:48.471677+0800 ERROR empty readline 0
2025-06-13T16:46:48.502215+0800 INFO M105

2025-06-13T16:46:48.503158+0800 ERROR SENT: M105

2025-06-13T16:46:48.505233+0800 ERROR write command M105

2025-06-13T16:46:48.505233+0800 ERROR second command M105

2025-06-13T16:46:48.506747+0800 ERROR finish command M105

2025-06-13T16:46:48.507804+0800 ERROR readline ok

2025-06-13T16:46:48.512880+0800 ERROR readline  T:38.0580 /0 B:66.8875 /0 @:0 B@:0 VER: 1.3.2

2025-06-13T16:46:48.767551+0800 ERROR empty readline 0
2025-06-13T16:46:49.033002+0800 ERROR empty readline 1
2025-06-13T16:46:49.215951+0800 ERROR readline X:600.0000 Y:10.0000 Z:55.0000 E:-1.0000 Count X:210000 Y:3500 Z:110000 STA: 1082111

2025-06-13T16:46:49.216470+0800 ERROR readline 

2025-06-13T16:46:49.481278+0800 ERROR empty readline 0
2025-06-13T16:46:49.733135+0800 ERROR empty readline 1
2025-06-13T16:46:49.997315+0800 ERROR empty readline 2
2025-06-13T16:46:50.217039+0800 ERROR readline X:600.0000 Y:10.0000 Z:55.0000 E:-1.0000 Count X:210000 Y:3500 Z:110000 STA: 1082111

2025-06-13T16:46:50.218036+0800 ERROR readline 

2025-06-13T16:46:50.473297+0800 ERROR empty readline 0
2025-06-13T16:46:50.737851+0800 ERROR empty readline 1
2025-06-13T16:46:51.002699+0800 ERROR empty readline 2
2025-06-13T16:46:51.215023+0800 ERROR readline X:600.0000 Y:10.0000 Z:55.0000 E:-1.0000 Count X:210000 Y:3500 Z:110000 STA: 1082111

2025-06-13T16:46:51.216530+0800 ERROR readline 

2025-06-13T16:46:51.482705+0800 ERROR empty readline 0
2025-06-13T16:46:51.734218+0800 ERROR empty readline 1
2025-06-13T16:46:51.987781+0800 ERROR empty readline 2
2025-06-13T16:46:52.216975+0800 ERROR readline X:600.0000 Y:10.0000 Z:55.0000 E:-1.0000 Count X:210000 Y:3500 Z:110000 STA: 1082111

2025-06-13T16:46:52.217969+0800 ERROR readline 

2025-06-13T16:46:52.470215+0800 ERROR empty readline 0
2025-06-13T16:46:52.732218+0800 ERROR empty readline 1
2025-06-13T16:46:52.997873+0800 ERROR empty readline 2
2025-06-13T16:46:53.217021+0800 ERROR readline X:600.0000 Y:10.0000 Z:55.0000 E:-1.0000 Count X:210000 Y:3500 Z:110000 STA: 1082111

2025-06-13T16:46:53.219539+0800 ERROR readline 

2025-06-13T16:46:53.480126+0800 ERROR empty readline 0
2025-06-13T16:46:53.543024+0800 INFO L109 time:2025/06/13 16:46:53#./GCODE/CFFFP_AA_3分钟.gcode#
2025-06-13T16:46:53.544529+0800 ERROR SENT: L109 time:2025/06/13 16:46:53#./GCODE/CFFFP_AA_3分钟.gcode#
2025-06-13T16:46:53.544529+0800 ERROR write command L109 time:2025/06/13 16:46:53#./GCODE/CFFFP_AA_3分钟.gcode#
2025-06-13T16:46:53.634315+0800 ERROR second command L109 time:2025/06/13 16:46:53#./GCODE/CFFFP_AA_3分钟.gcode#
2025-06-13T16:46:53.638432+0800 ERROR finish command L109 time:2025/06/13 16:46:53#./GCODE/CFFFP_AA_3分钟.gcode#
2025-06-13T16:46:53.639446+0800 ERROR readline ok

2025-06-13T16:46:53.899674+0800 ERROR empty readline 0
2025-06-13T16:46:54.150918+0800 ERROR empty readline 1
2025-06-13T16:46:54.215147+0800 ERROR readline X:600.0000 Y:10.0000 Z:55.0000 E:-1.0000 Count X:210000 Y:3500 Z:110000 STA: 1082111

2025-06-13T16:46:54.216190+0800 ERROR readline 

2025-06-13T16:46:54.472588+0800 ERROR SENT: G250 S31
2025-06-13T16:46:54.472588+0800 ERROR empty readline 0
2025-06-13T16:46:54.473600+0800 ERROR write command G250 S31
2025-06-13T16:46:54.475455+0800 ERROR second command G250 S31
2025-06-13T16:46:54.475455+0800 ERROR finish command G250 S31
2025-06-13T16:46:54.476485+0800 ERROR SENT: N-1 M110*15
2025-06-13T16:46:54.476485+0800 ERROR write command N-1 M110*15
2025-06-13T16:46:54.477506+0800 ERROR second command N-1 M110*15
2025-06-13T16:46:54.477506+0800 ERROR finish command N-1 M110*15
2025-06-13T16:46:54.478528+0800 ERROR readline ok

2025-06-13T16:46:54.481889+0800 ERROR readline ok

2025-06-13T16:46:54.482862+0800 INFO M257 S1
2025-06-13T16:46:54.484406+0800 INFO L110 S81
2025-06-13T16:46:54.484406+0800 ERROR SENT: M257 S1
2025-06-13T16:46:54.484406+0800 ERROR write command M257 S1
2025-06-13T16:46:54.485948+0800 ERROR second command M257 S1
2025-06-13T16:46:54.486987+0800 ERROR finish command M257 S1
2025-06-13T16:46:54.487983+0800 ERROR SENT: L110 S81
2025-06-13T16:46:54.489509+0800 ERROR readline ok

2025-06-13T16:46:54.490608+0800 ERROR write command L110 S81
2025-06-13T16:46:54.492533+0800 ERROR second command L110 S81
2025-06-13T16:46:54.493532+0800 ERROR finish command L110 S81
2025-06-13T16:46:54.497594+0800 ERROR SENT: N0 M140 S10*84
2025-06-13T16:46:54.497594+0800 ERROR readline ok

2025-06-13T16:46:54.499203+0800 ERROR write command N0 M140 S10*84
2025-06-13T16:46:54.501245+0800 ERROR second command N0 M140 S10*84
2025-06-13T16:46:54.502215+0800 ERROR readline ok

2025-06-13T16:46:54.502215+0800 ERROR finish command N0 M140 S10*84
2025-06-13T16:46:54.504225+0800 ERROR SENT: N1 M105*38
2025-06-13T16:46:54.505374+0800 ERROR write command N1 M105*38
2025-06-13T16:46:54.506397+0800 ERROR second command N1 M105*38
2025-06-13T16:46:54.506397+0800 ERROR finish command N1 M105*38
2025-06-13T16:46:54.508179+0800 ERROR readline ok

2025-06-13T16:46:54.509190+0800 ERROR SENT: N2 M190 S10*91
2025-06-13T16:46:54.510203+0800 ERROR write command N2 M190 S10*91
2025-06-13T16:46:54.510203+0800 ERROR second command N2 M190 S10*91
2025-06-13T16:46:54.511656+0800 ERROR finish command N2 M190 S10*91
2025-06-13T16:46:54.518068+0800 ERROR readline  T:38.2813 /0 B:65.6875 /10 @:0 B@:0 VER: 1.3.2

2025-06-13T16:46:54.520103+0800 ERROR readline ok

2025-06-13T16:46:54.522114+0800 ERROR SENT: N3 M104 S10*87
2025-06-13T16:46:54.523120+0800 ERROR write command N3 M104 S10*87
2025-06-13T16:46:54.523120+0800 ERROR second command N3 M104 S10*87
2025-06-13T16:46:54.523120+0800 ERROR finish command N3 M104 S10*87
2025-06-13T16:46:54.525182+0800 ERROR readline ok

2025-06-13T16:46:54.526074+0800 ERROR SENT: N4 M105*35
2025-06-13T16:46:54.526594+0800 ERROR write command N4 M105*35
2025-06-13T16:46:54.526594+0800 ERROR second command N4 M105*35
2025-06-13T16:46:54.527609+0800 ERROR finish command N4 M105*35
2025-06-13T16:46:54.529153+0800 ERROR readline ok

2025-06-13T16:46:54.531239+0800 ERROR SENT: N5 M109 S240*107
2025-06-13T16:46:54.531239+0800 ERROR write command N5 M109 S240*107
2025-06-13T16:46:54.532252+0800 ERROR second command N5 M109 S240*107
2025-06-13T16:46:54.532252+0800 ERROR finish command N5 M109 S240*107
2025-06-13T16:46:54.538552+0800 ERROR readline  T:38.2813 /10 B:65.6875 /10 @:0 B@:0 VER: 1.3.2

2025-06-13T16:46:54.541115+0800 ERROR readline  T:38.2813 /240 B:65.6875 /10 @:0 B@:0 W:?

2025-06-13T16:46:54.792772+0800 ERROR empty readline 0
2025-06-13T16:46:55.054557+0800 ERROR empty readline 1
2025-06-13T16:46:55.217447+0800 ERROR readline X:600.0000 Y:10.0000 Z:55.0000 E:-1.0000 Count X:210000 Y:3500 Z:110000 STA: 5251839

2025-06-13T16:46:55.218453+0800 ERROR readline 

2025-06-13T16:46:55.475237+0800 ERROR empty readline 0
2025-06-13T16:46:55.534885+0800 ERROR readline  T:38.5045 /240 B:65.6250 /10 @:127 B@:0 W:?

2025-06-13T16:46:55.801377+0800 ERROR empty readline 0
2025-06-13T16:46:56.067728+0800 ERROR empty readline 1
2025-06-13T16:46:56.217143+0800 ERROR readline X:600.0000 Y:10.0000 Z:55.0000 E:-1.0000 Count X:210000 Y:3500 Z:110000 STA: 5251839

2025-06-13T16:46:56.219143+0800 ERROR readline 

2025-06-13T16:46:56.472954+0800 ERROR empty readline 0
2025-06-13T16:46:56.534429+0800 ERROR readline  T:38.3929 /240 B:65.3375 /10 @:127 B@:0 W:?

2025-06-13T16:46:56.544204+0800 ERROR readline echo:busy: processing

2025-06-13T16:46:56.800940+0800 ERROR empty readline 0
2025-06-13T16:46:57.063361+0800 ERROR empty readline 1
2025-06-13T16:46:57.215045+0800 ERROR readline X:600.0000 Y:10.0000 Z:55.0000 E:-1.0000 Count X:210000 Y:3500 Z:110000 STA: 5251839

2025-06-13T16:46:57.216551+0800 ERROR readline 

2025-06-13T16:46:57.467845+0800 ERROR empty readline 0
2025-06-13T16:46:57.535279+0800 ERROR readline  T:38.6161 /240 B:65.1875 /10 @:127 B@:0 W:?

2025-06-13T16:46:57.794441+0800 ERROR empty readline 0
2025-06-13T16:46:57.857839+0800 INFO M105

2025-06-13T16:46:58.060407+0800 ERROR empty readline 1
2025-06-13T16:46:58.215524+0800 ERROR readline X:600.0000 Y:10.0000 Z:55.0000 E:-1.0000 Count X:210000 Y:3500 Z:110000 STA: 5251839

2025-06-13T16:46:58.219075+0800 ERROR readline 

2025-06-13T16:46:58.481402+0800 ERROR empty readline 0
2025-06-13T16:46:58.534333+0800 ERROR readline  T:38.6161 /240 B:65.0125 /10 @:127 B@:0 W:?

2025-06-13T16:46:58.539385+0800 ERROR readline echo:busy: processing

2025-06-13T16:46:58.792158+0800 ERROR empty readline 0
2025-06-13T16:46:59.054607+0800 ERROR empty readline 1
2025-06-13T16:46:59.215141+0800 ERROR readline X:600.0000 Y:10.0000 Z:55.0000 E:-1.0000 Count X:210000 Y:3500 Z:110000 STA: 5251839

2025-06-13T16:46:59.217753+0800 ERROR readline 

2025-06-13T16:46:59.475329+0800 ERROR empty readline 0
2025-06-13T16:46:59.536424+0800 ERROR readline  T:38.8393 /240 B:64.9125 /10 @:127 B@:0 W:?

2025-06-13T16:46:59.802288+0800 ERROR empty readline 0
2025-06-13T16:47:00.065974+0800 ERROR empty readline 1
2025-06-13T16:47:00.216964+0800 ERROR readline X:600.0000 Y:10.0000 Z:55.0000 E:-1.0000 Count X:210000 Y:3500 Z:110000 STA: 5251839

2025-06-13T16:47:00.218423+0800 ERROR readline 

2025-06-13T16:47:00.471130+0800 ERROR empty readline 0
2025-06-13T16:47:00.532806+0800 ERROR readline echo:busy: processing

2025-06-13T16:47:00.538042+0800 ERROR readline  T:39.5089 /240 B:64.7500 /10 @:127 B@:0 W:?

2025-06-13T16:47:00.796281+0800 ERROR empty readline 0
2025-06-13T16:47:01.060335+0800 ERROR empty readline 1
2025-06-13T16:47:01.213276+0800 ERROR readline X:600.0000 Y:10.0000 Z:55.0000 E:-1.0000 Count X:210000 Y:3500 Z:110000 STA: 5251839

2025-06-13T16:47:01.214787+0800 ERROR readline 

2025-06-13T16:47:01.479517+0800 ERROR empty readline 0
2025-06-13T16:47:01.534951+0800 ERROR readline  T:39.9554 /240 B:64.5625 /10 @:127 B@:0 W:?

2025-06-13T16:47:01.789206+0800 ERROR empty readline 0
2025-06-13T16:47:02.053042+0800 ERROR empty readline 1
2025-06-13T16:47:02.213418+0800 ERROR readline X:600.0000 Y:10.0000 Z:55.0000 E:-1.0000 Count X:210000 Y:3500 Z:110000 STA: 5251839

2025-06-13T16:47:02.214415+0800 ERROR readline 

2025-06-13T16:47:02.474971+0800 ERROR empty readline 0
2025-06-13T16:47:02.534421+0800 ERROR readline echo:busy: processing

2025-06-13T16:47:02.539521+0800 ERROR readline  T:40.8482 /240 B:64.4750 /10 @:127 B@:0 W:?

2025-06-13T16:47:02.800995+0800 ERROR empty readline 0
2025-06-13T16:47:03.064163+0800 ERROR empty readline 1
2025-06-13T16:47:03.217115+0800 ERROR readline X:600.0000 Y:10.0000 Z:55.0000 E:-1.0000 Count X:210000 Y:3500 Z:110000 STA: 5251839

2025-06-13T16:47:03.220674+0800 ERROR readline 

2025-06-13T16:47:03.482327+0800 ERROR empty readline 0
2025-06-13T16:47:03.535155+0800 ERROR readline  T:41.8527 /240 B:64.1625 /10 @:127 B@:0 W:?

2025-06-13T16:47:03.796196+0800 ERROR empty readline 0
2025-06-13T16:47:04.069174+0800 ERROR empty readline 1
2025-06-13T16:47:04.215048+0800 ERROR readline X:600.0000 Y:10.0000 Z:55.0000 E:-1.0000 Count X:210000 Y:3500 Z:110000 STA: 5251839

2025-06-13T16:47:04.215048+0800 ERROR readline 

2025-06-13T16:47:04.467558+0800 ERROR empty readline 0
2025-06-13T16:47:04.533481+0800 ERROR readline echo:busy: processing

2025-06-13T16:47:04.537036+0800 ERROR readline  T:42.8571 /240 B:64.0625 /10 @:127 B@:0 W:?

2025-06-13T16:47:04.789134+0800 ERROR empty readline 0
2025-06-13T16:47:05.041246+0800 ERROR empty readline 1
2025-06-13T16:47:05.127713+0800 ERROR SENT: M105

2025-06-13T16:47:05.127713+0800 ERROR SENT: G91
2025-06-13T16:47:05.129223+0800 ERROR write command M105

2025-06-13T16:47:05.130268+0800 ERROR write command G91
2025-06-13T16:47:05.131238+0800 ERROR second command M105

2025-06-13T16:47:05.132237+0800 ERROR finish command M105

2025-06-13T16:47:05.132237+0800 ERROR second command G91
2025-06-13T16:47:05.133238+0800 ERROR finish command G91
2025-06-13T16:47:05.134234+0800 ERROR SENT: G1 Z50 F1800
2025-06-13T16:47:05.134234+0800 ERROR write command G1 Z50 F1800
2025-06-13T16:47:05.135750+0800 ERROR second command G1 Z50 F1800
2025-06-13T16:47:05.136265+0800 ERROR finish command G1 Z50 F1800
2025-06-13T16:47:05.137282+0800 ERROR SENT: G90
2025-06-13T16:47:05.138289+0800 ERROR write command G90
2025-06-13T16:47:05.139286+0800 ERROR second command G90
2025-06-13T16:47:05.139286+0800 ERROR finish command G90
2025-06-13T16:47:05.139286+0800 ERROR SENT: G1 X600 Y10 F3000
2025-06-13T16:47:05.139286+0800 ERROR write command G1 X600 Y10 F3000
2025-06-13T16:47:05.139286+0800 ERROR second command G1 X600 Y10 F3000
2025-06-13T16:47:05.140687+0800 ERROR finish command G1 X600 Y10 F3000
2025-06-13T16:47:05.141718+0800 INFO M257 S0
2025-06-13T16:47:05.142696+0800 INFO G250 S891
2025-06-13T16:47:05.142696+0800 ERROR SENT: M257 S0
2025-06-13T16:47:05.142696+0800 INFO M104 S0
2025-06-13T16:47:05.144208+0800 ERROR write command M257 S0
2025-06-13T16:47:05.145219+0800 INFO M140 S0
2025-06-13T16:47:05.146227+0800 ERROR second command M257 S0
2025-06-13T16:47:05.146227+0800 INFO G250 S900
2025-06-13T16:47:05.146227+0800 ERROR finish command M257 S0
2025-06-13T16:47:05.147508+0800 INFO L109
2025-06-13T16:47:05.148504+0800 ERROR SENT: G250 S891
2025-06-13T16:47:05.151193+0800 INFO L110 S81
2025-06-13T16:47:05.152106+0800 ERROR write command G250 S891
2025-06-13T16:47:05.154611+0800 ERROR second command G250 S891
2025-06-13T16:47:05.154611+0800 ERROR finish command G250 S891
2025-06-13T16:47:05.156123+0800 ERROR SENT: M104 S0
2025-06-13T16:47:05.156123+0800 ERROR write command M104 S0
2025-06-13T16:47:05.156123+0800 ERROR second command M104 S0
2025-06-13T16:47:05.157134+0800 ERROR finish command M104 S0
2025-06-13T16:47:05.157134+0800 ERROR SENT: M140 S0
2025-06-13T16:47:05.157134+0800 ERROR write command M140 S0
2025-06-13T16:47:05.158133+0800 ERROR second command M140 S0
2025-06-13T16:47:05.158133+0800 ERROR finish command M140 S0
2025-06-13T16:47:05.159139+0800 ERROR SENT: G250 S900
2025-06-13T16:47:05.160407+0800 ERROR write command G250 S900
2025-06-13T16:47:05.161419+0800 ERROR second command G250 S900
2025-06-13T16:47:05.161419+0800 ERROR finish command G250 S900
2025-06-13T16:47:05.162419+0800 ERROR SENT: L109
2025-06-13T16:47:05.163796+0800 ERROR write command L109
2025-06-13T16:47:05.164302+0800 ERROR second command L109
2025-06-13T16:47:05.165467+0800 ERROR finish command L109
2025-06-13T16:47:05.166483+0800 ERROR SENT: L110 S81
2025-06-13T16:47:05.167495+0800 ERROR write command L110 S81
2025-06-13T16:47:05.168631+0800 ERROR second command L110 S81
2025-06-13T16:47:05.169139+0800 ERROR finish command L110 S81
2025-06-13T16:47:05.212510+0800 ERROR readline X:600.0000 Y:10.0000 Z:55.0000 E:-1.0000 Count X:210000 Y:3500 Z:110000 STA: 5251839

2025-06-13T16:47:05.213512+0800 ERROR readline 

2025-06-13T16:47:05.465580+0800 ERROR empty readline 0
2025-06-13T16:47:05.533145+0800 ERROR readline  T:44.4196 /240 B:63.8750 /10 @:127 B@:0 W:?

2025-06-13T16:47:05.801335+0800 ERROR empty readline 0
2025-06-13T16:47:06.066706+0800 ERROR empty readline 1
2025-06-13T16:47:06.214354+0800 ERROR readline X:600.0000 Y:10.0000 Z:55.0000 E:-1.0000 Count X:210000 Y:3500 Z:110000 STA: 5251839

2025-06-13T16:47:06.216888+0800 ERROR readline 

2025-06-13T16:47:06.482036+0800 ERROR empty readline 0
2025-06-13T16:47:06.533001+0800 ERROR readline echo:busy: processing

2025-06-13T16:47:06.538090+0800 ERROR readline  T:45.5357 /240 B:63.9500 /10 @:127 B@:0 W:?

2025-06-13T16:47:06.798503+0800 ERROR empty readline 0
2025-06-13T16:47:07.062566+0800 ERROR empty readline 1
2025-06-13T16:47:07.214749+0800 ERROR readline X:600.0000 Y:10.0000 Z:55.0000 E:-1.0000 Count X:210000 Y:3500 Z:110000 STA: 5251839

2025-06-13T16:47:07.217417+0800 ERROR readline 

2025-06-13T16:47:07.250253+0800 INFO M105

2025-06-13T16:47:07.252259+0800 ERROR SENT: M105

2025-06-13T16:47:07.252259+0800 ERROR write command M105

2025-06-13T16:47:07.253248+0800 ERROR second command M105

2025-06-13T16:47:07.254257+0800 ERROR finish command M105

2025-06-13T16:47:07.482987+0800 ERROR empty readline 0
2025-06-13T16:47:07.532689+0800 ERROR readline  T:46.7634 /240 B:63.7125 /10 @:127 B@:0 W:?

2025-06-13T16:47:07.793389+0800 ERROR empty readline 0
2025-06-13T16:47:08.058471+0800 ERROR empty readline 1
2025-06-13T16:47:08.214459+0800 ERROR readline X:600.0000 Y:10.0000 Z:55.0000 E:-1.0000 Count X:210000 Y:3500 Z:110000 STA: 5251839

2025-06-13T16:47:08.217009+0800 ERROR readline 

2025-06-13T16:47:08.480660+0800 ERROR empty readline 0
2025-06-13T16:47:08.531941+0800 ERROR readline echo:busy: processing

2025-06-13T16:47:08.534521+0800 ERROR readline  T:48.5491 /240 B:63.6875 /10 @:127 B@:0 W:?

2025-06-13T16:47:08.791084+0800 ERROR empty readline 0
2025-06-13T16:47:09.056236+0800 ERROR empty readline 1
2025-06-13T16:47:09.214515+0800 ERROR readline X:600.0000 Y:10.0000 Z:55.0000 E:-1.0000 Count X:210000 Y:3500 Z:110000 STA: 5251839

2025-06-13T16:47:09.215524+0800 ERROR readline 

2025-06-13T16:47:09.474201+0800 ERROR empty readline 0
2025-06-13T16:47:09.620867+0800 ERROR readline  T:50.3606 /240 B:63.4125 /10 @:127 B@:0 W:?

2025-06-13T16:47:09.878064+0800 ERROR empty readline 0
2025-06-13T16:47:10.142131+0800 ERROR empty readline 1
2025-06-13T16:47:10.222524+0800 ERROR readline X:600.0000 Y:10.0000 Z:55.0000 E:-1.0000 Count X:210000 Y:3500 Z:110000 STA: 5251839

2025-06-13T16:47:10.223523+0800 ERROR readline 

2025-06-13T16:47:10.484219+0800 ERROR empty readline 0
2025-06-13T16:47:10.537100+0800 ERROR readline  T:51.9231 /240 B:63.2750 /10 @:127 B@:0 W:?

2025-06-13T16:47:10.539612+0800 ERROR readline echo:busy: processing

2025-06-13T16:47:10.807684+0800 ERROR empty readline 0
2025-06-13T16:47:11.075285+0800 ERROR empty readline 1
2025-06-13T16:47:11.217278+0800 ERROR readline X:600.0000 Y:10.0000 Z:55.0000 E:-1.0000 Count X:210000 Y:3500 Z:110000 STA: 5251839

2025-06-13T16:47:11.218275+0800 ERROR readline 

2025-06-13T16:47:11.480183+0800 ERROR empty readline 0
2025-06-13T16:47:11.532800+0800 ERROR readline  T:54.3269 /240 B:63.2250 /10 @:127 B@:0 W:?

2025-06-13T16:47:11.794216+0800 ERROR empty readline 0
2025-06-13T16:47:12.059561+0800 ERROR empty readline 1
2025-06-13T16:47:12.213250+0800 ERROR readline X:600.0000 Y:10.0000 Z:55.0000 E:-1.0000 Count X:210000 Y:3500 Z:110000 STA: 5251839

2025-06-13T16:47:12.214250+0800 ERROR readline 

2025-06-13T16:47:12.479494+0800 ERROR empty readline 0
2025-06-13T16:47:12.532288+0800 ERROR readline  T:55.5288 /240 B:63.2125 /10 @:127 B@:0 W:?

2025-06-13T16:47:12.535289+0800 ERROR readline echo:busy: processing

2025-06-13T16:47:12.794183+0800 ERROR empty readline 0
2025-06-13T16:47:13.057760+0800 ERROR empty readline 1
2025-06-13T16:47:13.214998+0800 ERROR readline X:600.0000 Y:10.0000 Z:55.0000 E:-1.0000 Count X:210000 Y:3500 Z:110000 STA: 5251839

2025-06-13T16:47:13.216503+0800 ERROR readline 

2025-06-13T16:47:13.479844+0800 ERROR empty readline 0
2025-06-13T16:47:13.532077+0800 ERROR readline  T:57.5721 /240 B:63.0500 /10 @:127 B@:0 W:?

2025-06-13T16:47:13.790042+0800 ERROR empty readline 0
2025-06-13T16:47:14.055822+0800 ERROR empty readline 1
2025-06-13T16:47:14.214525+0800 ERROR readline X:600.0000 Y:10.0000 Z:55.0000 E:-1.0000 Count X:210000 Y:3500 Z:110000 STA: 5251839

2025-06-13T16:47:14.216041+0800 ERROR readline 

2025-06-13T16:47:14.478636+0800 ERROR empty readline 0
2025-06-13T16:47:14.531538+0800 ERROR readline echo:busy: processing

2025-06-13T16:47:14.535527+0800 ERROR readline  T:60.3365 /240 B:62.8375 /10 @:127 B@:0 W:?

2025-06-13T16:47:14.790206+0800 ERROR empty readline 0
2025-06-13T16:47:15.054204+0800 ERROR empty readline 1
2025-06-13T16:47:15.211821+0800 ERROR readline X:600.0000 Y:10.0000 Z:55.0000 E:-1.0000 Count X:210000 Y:3500 Z:110000 STA: 5251839

2025-06-13T16:47:15.212819+0800 ERROR readline 

2025-06-13T16:47:15.475991+0800 ERROR empty readline 0
2025-06-13T16:47:15.531412+0800 ERROR readline  T:61.7788 /240 B:62.9125 /10 @:127 B@:0 W:?

2025-06-13T16:47:15.786594+0800 ERROR empty readline 0
2025-06-13T16:47:16.051282+0800 ERROR empty readline 1
2025-06-13T16:47:16.217079+0800 ERROR readline X:600.0000 Y:10.0000 Z:55.0000 E:-1.0000 Count X:210000 Y:3500 Z:110000 STA: 5251839

2025-06-13T16:47:16.218079+0800 ERROR readline 

2025-06-13T16:47:16.472803+0800 ERROR empty readline 0
2025-06-13T16:47:16.532460+0800 ERROR readline  T:64.0625 /240 B:62.5875 /10 @:127 B@:0 W:?

2025-06-13T16:47:16.534474+0800 ERROR readline echo:busy: processing

2025-06-13T16:47:16.596914+0800 INFO M105

2025-06-13T16:47:16.597914+0800 ERROR SENT: M105

2025-06-13T16:47:16.597914+0800 ERROR write command M105

2025-06-13T16:47:16.599429+0800 ERROR second command M105

2025-06-13T16:47:16.600454+0800 ERROR finish command M105

2025-06-13T16:47:16.799243+0800 ERROR empty readline 0
2025-06-13T16:47:17.062259+0800 ERROR empty readline 1
2025-06-13T16:47:17.217794+0800 ERROR readline X:600.0000 Y:10.0000 Z:55.0000 E:-1.0000 Count X:210000 Y:3500 Z:110000 STA: 5251839

2025-06-13T16:47:17.219319+0800 ERROR readline 

2025-06-13T16:47:17.479834+0800 ERROR empty readline 0
2025-06-13T16:47:17.532147+0800 ERROR readline  T:66.7067 /240 B:62.5250 /10 @:127 B@:0 W:?

2025-06-13T16:47:17.790330+0800 ERROR empty readline 0
2025-06-13T16:47:18.054570+0800 ERROR empty readline 1
2025-06-13T16:47:18.215958+0800 ERROR readline X:600.0000 Y:10.0000 Z:55.0000 E:-1.0000 Count X:210000 Y:3500 Z:110000 STA: 5251839

2025-06-13T16:47:18.217357+0800 ERROR readline 

2025-06-13T16:47:18.471348+0800 ERROR empty readline 0
2025-06-13T16:47:18.531113+0800 ERROR readline echo:busy: processing

2025-06-13T16:47:18.536157+0800 ERROR readline  T:68.7500 /240 B:62.4875 /10 @:127 B@:0 W:?

2025-06-13T16:47:18.797736+0800 ERROR empty readline 0
2025-06-13T16:47:19.061041+0800 ERROR empty readline 1
2025-06-13T16:47:19.217672+0800 ERROR readline X:600.0000 Y:10.0000 Z:55.0000 E:-1.0000 Count X:210000 Y:3500 Z:110000 STA: 5251839

2025-06-13T16:47:19.220259+0800 ERROR readline 

2025-06-13T16:47:19.484684+0800 ERROR empty readline 0
2025-06-13T16:47:19.531121+0800 ERROR readline  T:70.3125 /240 B:62.4875 /10 @:127 B@:0 W:?

2025-06-13T16:47:19.793465+0800 ERROR empty readline 0
2025-06-13T16:47:20.059153+0800 ERROR empty readline 1
2025-06-13T16:47:20.214288+0800 ERROR readline X:600.0000 Y:10.0000 Z:55.0000 E:-1.0000 Count X:210000 Y:3500 Z:110000 STA: 5251839

2025-06-13T16:47:20.214288+0800 ERROR readline 

2025-06-13T16:47:20.476958+0800 ERROR empty readline 0
2025-06-13T16:47:20.532094+0800 ERROR readline echo:busy: processing

2025-06-13T16:47:20.538166+0800 ERROR readline  T:73.0769 /240 B:62.3000 /10 @:127 B@:0 W:?

2025-06-13T16:47:20.805159+0800 ERROR empty readline 0
2025-06-13T16:47:21.067427+0800 ERROR empty readline 1
2025-06-13T16:47:21.214615+0800 ERROR readline X:600.0000 Y:10.0000 Z:55.0000 E:-1.0000 Count X:210000 Y:3500 Z:110000 STA: 5251839

2025-06-13T16:47:21.215642+0800 ERROR readline 

2025-06-13T16:47:21.472182+0800 ERROR empty readline 0
2025-06-13T16:47:21.530474+0800 ERROR readline  T:75.0000 /240 B:62.1500 /10 @:127 B@:0 W:?

2025-06-13T16:47:21.783289+0800 ERROR empty readline 0
2025-06-13T16:47:22.049045+0800 ERROR empty readline 1
2025-06-13T16:47:22.215354+0800 ERROR readline X:600.0000 Y:10.0000 Z:55.0000 E:-1.0000 Count X:210000 Y:3500 Z:110000 STA: 5251839

2025-06-13T16:47:22.216907+0800 ERROR readline 

2025-06-13T16:47:22.471180+0800 ERROR empty readline 0
2025-06-13T16:47:22.530252+0800 ERROR readline echo:busy: processing

2025-06-13T16:47:22.534253+0800 ERROR readline  T:77.1635 /240 B:62.1750 /10 @:127 B@:0 W:?

2025-06-13T16:47:22.785612+0800 ERROR empty readline 0
2025-06-13T16:47:23.048035+0800 ERROR empty readline 1
2025-06-13T16:47:23.215162+0800 ERROR readline X:600.0000 Y:10.0000 Z:55.0000 E:-1.0000 Count X:210000 Y:3500 Z:110000 STA: 5251839

2025-06-13T16:47:23.216232+0800 ERROR readline 

2025-06-13T16:47:23.469726+0800 ERROR empty readline 0
2025-06-13T16:47:23.531452+0800 ERROR readline  T:79.2067 /240 B:62.0000 /10 @:127 B@:0 W:?

2025-06-13T16:47:23.796869+0800 ERROR empty readline 0
2025-06-13T16:47:24.063140+0800 ERROR empty readline 1
2025-06-13T16:47:24.218158+0800 ERROR readline X:600.0000 Y:10.0000 Z:55.0000 E:-1.0000 Count X:210000 Y:3500 Z:110000 STA: 5251839

2025-06-13T16:47:24.219158+0800 ERROR readline 

2025-06-13T16:47:24.482031+0800 ERROR empty readline 0
2025-06-13T16:47:24.531644+0800 ERROR readline  T:81.7308 /240 B:61.9000 /10 @:127 B@:0 W:?

2025-06-13T16:47:24.534680+0800 ERROR readline echo:busy: processing

2025-06-13T16:47:24.795614+0800 ERROR empty readline 0
2025-06-13T16:47:25.047992+0800 ERROR empty readline 1
2025-06-13T16:47:25.215610+0800 ERROR readline X:600.0000 Y:10.0000 Z:55.0000 E:-1.0000 Count X:210000 Y:3500 Z:110000 STA: 5251839

2025-06-13T16:47:25.216607+0800 ERROR 开始超时计数了
2025-06-13T16:47:25.218666+0800 ERROR readline 

2025-06-13T16:47:25.484458+0800 ERROR empty readline 0
2025-06-13T16:47:25.530661+0800 ERROR readline  T:84.0144 /240 B:61.8000 /10 @:127 B@:0 W:?

2025-06-13T16:47:25.781658+0800 ERROR empty readline 0
2025-06-13T16:47:25.982872+0800 INFO M105

2025-06-13T16:47:25.984383+0800 ERROR SENT: M105

2025-06-13T16:47:25.986399+0800 ERROR write command M105

2025-06-13T16:47:25.987608+0800 ERROR second command M105

2025-06-13T16:47:25.987608+0800 ERROR finish command M105

2025-06-13T16:47:26.044562+0800 ERROR empty readline 0
2025-06-13T16:47:26.213004+0800 ERROR readline X:600.0000 Y:10.0000 Z:55.0000 E:-1.0000 Count X:210000 Y:3500 Z:110000 STA: 5251839

2025-06-13T16:47:26.214520+0800 ERROR readline 

2025-06-13T16:47:26.467168+0800 ERROR empty readline 0
2025-06-13T16:47:26.529858+0800 ERROR readline echo:busy: processing

2025-06-13T16:47:26.534912+0800 ERROR readline  T:85.9375 /240 B:61.7750 /10 @:127 B@:0 W:?

2025-06-13T16:47:26.794270+0800 ERROR empty readline 0
2025-06-13T16:47:27.045320+0800 ERROR empty readline 1
2025-06-13T16:47:27.219366+0800 ERROR readline X:600.0000 Y:10.0000 Z:55.0000 E:-1.0000 Count X:210000 Y:3500 Z:110000 STA: 5251839

2025-06-13T16:47:27.219366+0800 ERROR readline 

2025-06-13T16:47:27.482710+0800 ERROR empty readline 0
2025-06-13T16:47:27.531435+0800 ERROR readline  T:87.8606 /240 B:61.7625 /10 @:127 B@:0 W:?

2025-06-13T16:47:27.794479+0800 ERROR empty readline 0
2025-06-13T16:47:28.059619+0800 ERROR empty readline 1
2025-06-13T16:47:28.213390+0800 ERROR readline X:600.0000 Y:10.0000 Z:55.0000 E:-1.0000 Count X:210000 Y:3500 Z:110000 STA: 5251839

2025-06-13T16:47:28.215415+0800 ERROR readline 

2025-06-13T16:47:28.480911+0800 ERROR empty readline 0
2025-06-13T16:47:28.531413+0800 ERROR readline  T:89.9038 /240 B:61.6000 /10 @:127 B@:0 W:?

2025-06-13T16:47:28.534414+0800 ERROR readline echo:busy: processing

2025-06-13T16:47:28.792166+0800 ERROR empty readline 0
2025-06-13T16:47:29.057439+0800 ERROR empty readline 1
2025-06-13T16:47:29.213492+0800 ERROR readline X:600.0000 Y:10.0000 Z:55.0000 E:-1.0000 Count X:210000 Y:3500 Z:110000 STA: 5251839

2025-06-13T16:47:29.213492+0800 ERROR readline 

2025-06-13T16:47:29.477851+0800 ERROR empty readline 0
2025-06-13T16:47:29.529478+0800 ERROR readline  T:92.9087 /240 B:61.4375 /10 @:127 B@:0 W:?

2025-06-13T16:47:29.792276+0800 ERROR empty readline 0
2025-06-13T16:47:30.056918+0800 ERROR empty readline 1
2025-06-13T16:47:30.216523+0800 ERROR readline X:600.0000 Y:10.0000 Z:55.0000 E:-1.0000 Count X:210000 Y:3500 Z:110000 STA: 5251839

2025-06-13T16:47:30.217542+0800 ERROR readline 

2025-06-13T16:47:30.479312+0800 ERROR empty readline 0
2025-06-13T16:47:30.529631+0800 ERROR readline echo:busy: processing

2025-06-13T16:47:30.534668+0800 ERROR readline  T:95.0721 /240 B:61.2875 /10 @:127 B@:0 W:?

2025-06-13T16:47:30.789016+0800 ERROR empty readline 0
2025-06-13T16:47:31.041212+0800 ERROR empty readline 1
2025-06-13T16:47:31.218026+0800 ERROR readline X:600.0000 Y:10.0000 Z:55.0000 E:-1.0000 Count X:210000 Y:3500 Z:110000 STA: 5251839

2025-06-13T16:47:31.219537+0800 ERROR readline 

2025-06-13T16:47:31.478012+0800 ERROR empty readline 0
2025-06-13T16:47:31.529354+0800 ERROR readline  T:97.2356 /240 B:61.3375 /10 @:127 B@:0 W:?

2025-06-13T16:47:31.785383+0800 ERROR empty readline 0
2025-06-13T16:47:32.049500+0800 ERROR empty readline 1
2025-06-13T16:47:32.216840+0800 ERROR readline X:600.0000 Y:10.0000 Z:55.0000 E:-1.0000 Count X:210000 Y:3500 Z:110000 STA: 5251839

2025-06-13T16:47:32.217847+0800 ERROR readline 

2025-06-13T16:47:32.471236+0800 ERROR empty readline 0
2025-06-13T16:47:32.530400+0800 ERROR readline echo:busy: processing

2025-06-13T16:47:32.535553+0800 ERROR readline  T:99.1587 /240 B:61.2750 /10 @:127 B@:0 W:?

2025-06-13T16:47:32.797141+0800 ERROR empty readline 0
2025-06-13T16:47:33.061215+0800 ERROR empty readline 1
2025-06-13T16:47:33.214219+0800 ERROR readline X:600.0000 Y:10.0000 Z:55.0000 E:-1.0000 Count X:210000 Y:3500 Z:110000 STA: 5251839

2025-06-13T16:47:33.215752+0800 ERROR readline 

2025-06-13T16:47:33.480650+0800 ERROR empty readline 0
2025-06-13T16:47:33.534286+0800 ERROR readline  T:101.6304 /240 B:61.2375 /10 @:127 B@:0 W:?

2025-06-13T16:47:33.792949+0800 ERROR empty readline 0
2025-06-13T16:47:34.056007+0800 ERROR empty readline 1
2025-06-13T16:47:34.216955+0800 ERROR readline X:600.0000 Y:10.0000 Z:55.0000 E:-1.0000 Count X:210000 Y:3500 Z:110000 STA: 5317375

2025-06-13T16:47:34.217959+0800 ERROR readline 

2025-06-13T16:47:34.474997+0800 ERROR empty readline 0
2025-06-13T16:47:34.531766+0800 ERROR readline echo:busy: processing

2025-06-13T16:47:34.538402+0800 ERROR readline  T:103.9402 /240 B:61.1625 /10 @:127 B@:0 W:?

2025-06-13T16:47:34.804258+0800 ERROR empty readline 0
2025-06-13T16:47:35.057075+0800 ERROR empty readline 1
2025-06-13T16:47:35.216396+0800 ERROR readline X:600.0000 Y:10.0000 Z:55.0000 E:-1.0000 Count X:210000 Y:3500 Z:110000 STA: 5317375

2025-06-13T16:47:35.217597+0800 ERROR readline 

2025-06-13T16:47:35.364472+0800 INFO M105

2025-06-13T16:47:35.365683+0800 ERROR SENT: M105

2025-06-13T16:47:35.366196+0800 ERROR write command M105

2025-06-13T16:47:35.367233+0800 ERROR second command M105

2025-06-13T16:47:35.367233+0800 ERROR finish command M105

2025-06-13T16:47:35.472525+0800 ERROR empty readline 0
2025-06-13T16:47:35.539532+0800 ERROR readline  T:106.2500 /240 B:61.0375 /10 @:127 B@:0 W:?

2025-06-13T16:47:35.801334+0800 ERROR empty readline 0
2025-06-13T16:47:36.067175+0800 ERROR empty readline 1
2025-06-13T16:47:36.212912+0800 ERROR readline X:600.0000 Y:10.0000 Z:55.0000 E:-1.0000 Count X:210000 Y:3500 Z:110000 STA: 5317375

2025-06-13T16:47:36.212912+0800 ERROR readline 

2025-06-13T16:47:36.470516+0800 ERROR empty readline 0
2025-06-13T16:47:36.529654+0800 ERROR readline echo:busy: processing

2025-06-13T16:47:36.538705+0800 ERROR readline  T:108.1522 /240 B:61.0375 /10 @:127 B@:0 W:?

2025-06-13T16:47:36.798440+0800 ERROR empty readline 0
2025-06-13T16:47:37.060750+0800 ERROR empty readline 1
2025-06-13T16:47:37.214398+0800 ERROR readline X:600.0000 Y:10.0000 Z:55.0000 E:-1.0000 Count X:210000 Y:3500 Z:110000 STA: 5317375

2025-06-13T16:47:37.216384+0800 ERROR readline 

2025-06-13T16:47:37.481513+0800 ERROR empty readline 0
2025-06-13T16:47:37.536550+0800 ERROR readline  T:111.6848 /240 B:60.9000 /10 @:127 B@:0 W:?

2025-06-13T16:47:37.792384+0800 ERROR empty readline 0
2025-06-13T16:47:38.058108+0800 ERROR empty readline 1
2025-06-13T16:47:38.213337+0800 ERROR readline X:600.0000 Y:10.0000 Z:55.0000 E:-1.0000 Count X:210000 Y:3500 Z:110000 STA: 5317375

2025-06-13T16:47:38.214358+0800 ERROR readline 

2025-06-13T16:47:38.477175+0800 ERROR empty readline 0
2025-06-13T16:47:38.529361+0800 ERROR readline echo:busy: processing

2025-06-13T16:47:38.536901+0800 ERROR readline  T:113.3152 /240 B:60.8125 /10 @:127 B@:0 W:?

2025-06-13T16:47:38.791358+0800 ERROR empty readline 0
2025-06-13T16:47:39.057229+0800 ERROR empty readline 1
2025-06-13T16:47:39.214326+0800 ERROR readline X:600.0000 Y:10.0000 Z:55.0000 E:-1.0000 Count X:210000 Y:3500 Z:110000 STA: 5317375

2025-06-13T16:47:39.215657+0800 ERROR readline 

2025-06-13T16:47:39.474241+0800 ERROR empty readline 0
2025-06-13T16:47:39.537924+0800 ERROR readline  T:115.3533 /240 B:60.8000 /10 @:127 B@:0 W:?

2025-06-13T16:47:39.800427+0800 ERROR empty readline 0
2025-06-13T16:47:40.065672+0800 ERROR empty readline 1
2025-06-13T16:47:40.212899+0800 ERROR readline X:600.0000 Y:10.0000 Z:55.0000 E:-1.0000 Count X:210000 Y:3500 Z:110000 STA: 5317375

2025-06-13T16:47:40.214411+0800 ERROR readline 

2025-06-13T16:47:40.470921+0800 ERROR empty readline 0
2025-06-13T16:47:40.529490+0800 ERROR readline echo:busy: processing

2025-06-13T16:47:40.537062+0800 ERROR readline  T:117.9348 /240 B:60.7750 /10 @:127 B@:0 W:?

2025-06-13T16:47:40.798603+0800 ERROR empty readline 0
2025-06-13T16:47:41.060075+0800 ERROR empty readline 1
2025-06-13T16:47:41.211471+0800 ERROR readline X:600.0000 Y:10.0000 Z:55.0000 E:-1.0000 Count X:210000 Y:3500 Z:110000 STA: 5317375

2025-06-13T16:47:41.212506+0800 ERROR readline 

2025-06-13T16:47:41.466693+0800 ERROR empty readline 0
2025-06-13T16:47:41.536578+0800 ERROR readline  T:120.6522 /240 B:60.6250 /10 @:127 B@:0 W:?

2025-06-13T16:47:41.792836+0800 ERROR empty readline 0
2025-06-13T16:47:42.054292+0800 ERROR empty readline 1
2025-06-13T16:47:42.210999+0800 ERROR readline X:600.0000 Y:10.0000 Z:55.0000 E:-1.0000 Count X:210000 Y:3500 Z:110000 STA: 5317375

2025-06-13T16:47:42.212011+0800 ERROR readline 

2025-06-13T16:47:42.470247+0800 ERROR empty readline 0
2025-06-13T16:47:42.529087+0800 ERROR readline echo:busy: processing

2025-06-13T16:47:42.536640+0800 ERROR readline  T:122.9620 /240 B:60.5625 /10 @:127 B@:0 W:?

2025-06-13T16:47:42.794313+0800 ERROR empty readline 0
2025-06-13T16:47:43.060476+0800 ERROR empty readline 1
2025-06-13T16:47:43.211376+0800 ERROR readline X:600.0000 Y:10.0000 Z:55.0000 E:-1.0000 Count X:210000 Y:3500 Z:110000 STA: 5317375

2025-06-13T16:47:43.213396+0800 ERROR readline 

2025-06-13T16:47:43.477249+0800 ERROR empty readline 0
2025-06-13T16:47:43.535085+0800 ERROR readline  T:125.1359 /240 B:60.4625 /10 @:127 B@:0 W:?

2025-06-13T16:47:43.802634+0800 ERROR empty readline 0
2025-06-13T16:47:44.054423+0800 ERROR empty readline 1
2025-06-13T16:47:44.214277+0800 ERROR readline X:600.0000 Y:10.0000 Z:55.0000 E:-1.0000 Count X:210000 Y:3500 Z:110000 STA: 5317375

2025-06-13T16:47:44.215291+0800 ERROR readline 

2025-06-13T16:47:44.473323+0800 ERROR empty readline 0
2025-06-13T16:47:44.529992+0800 ERROR readline echo:busy: processing

2025-06-13T16:47:44.536536+0800 ERROR readline  T:127.1739 /240 B:60.3750 /10 @:127 B@:0 W:?

2025-06-13T16:47:44.768366+0800 INFO M105

2025-06-13T16:47:44.771913+0800 ERROR SENT: M105

2025-06-13T16:47:44.772916+0800 ERROR write command M105

2025-06-13T16:47:44.772916+0800 ERROR second command M105

2025-06-13T16:47:44.775458+0800 ERROR finish command M105

2025-06-13T16:47:44.799190+0800 ERROR empty readline 0
2025-06-13T16:47:45.063164+0800 ERROR empty readline 1
2025-06-13T16:47:45.212412+0800 ERROR readline X:600.0000 Y:10.0000 Z:55.0000 E:-1.0000 Count X:210000 Y:3500 Z:110000 STA: 5317375

2025-06-13T16:47:45.214426+0800 ERROR readline 

2025-06-13T16:47:45.470613+0800 ERROR empty readline 0
2025-06-13T16:47:45.536308+0800 ERROR readline  T:129.6196 /240 B:60.3000 /10 @:127 B@:0 W:?

2025-06-13T16:47:45.796927+0800 ERROR empty readline 0
2025-06-13T16:47:46.061448+0800 ERROR empty readline 1
2025-06-13T16:47:46.211776+0800 ERROR readline X:600.0000 Y:10.0000 Z:55.0000 E:-1.0000 Count X:210000 Y:3500 Z:110000 STA: 5317375

2025-06-13T16:47:46.212775+0800 ERROR readline 

2025-06-13T16:47:46.480109+0800 ERROR empty readline 0
2025-06-13T16:47:46.527691+0800 ERROR readline echo:busy: processing

2025-06-13T16:47:46.535224+0800 ERROR readline  T:131.6576 /240 B:60.4000 /10 @:127 B@:0 W:?

2025-06-13T16:47:46.791401+0800 ERROR empty readline 0
2025-06-13T16:47:47.056552+0800 ERROR empty readline 1
2025-06-13T16:47:47.210635+0800 ERROR readline X:600.0000 Y:10.0000 Z:55.0000 E:-1.0000 Count X:210000 Y:3500 Z:110000 STA: 5317375

2025-06-13T16:47:47.212751+0800 ERROR readline 

2025-06-13T16:47:47.477108+0800 ERROR empty readline 0
2025-06-13T16:47:47.536640+0800 ERROR readline  T:133.1522 /240 B:60.2375 /10 @:127 B@:0 W:?

2025-06-13T16:47:47.792417+0800 ERROR empty readline 0
2025-06-13T16:47:48.057466+0800 ERROR empty readline 1
2025-06-13T16:47:48.212751+0800 ERROR readline X:600.0000 Y:10.0000 Z:55.0000 E:-1.0000 Count X:210000 Y:3500 Z:110000 STA: 5317375

2025-06-13T16:47:48.212751+0800 ERROR readline 

2025-06-13T16:47:48.476488+0800 ERROR empty readline 0
2025-06-13T16:47:48.528270+0800 ERROR readline echo:busy: processing

2025-06-13T16:47:48.535158+0800 ERROR readline  T:135.7337 /240 B:60.1125 /10 @:127 B@:0 W:?

2025-06-13T16:47:48.788465+0800 ERROR empty readline 0
2025-06-13T16:47:49.054474+0800 ERROR empty readline 1
2025-06-13T16:47:49.211355+0800 ERROR readline X:600.0000 Y:10.0000 Z:55.0000 E:-1.0000 Count X:210000 Y:3500 Z:110000 STA: 5317375

2025-06-13T16:47:49.213468+0800 ERROR readline 

2025-06-13T16:47:49.474362+0800 ERROR empty readline 0
2025-06-13T16:47:49.534943+0800 ERROR readline  T:138.0435 /240 B:60.1500 /10 @:127 B@:0 W:?

2025-06-13T16:47:49.798315+0800 ERROR empty readline 0
2025-06-13T16:47:50.050865+0800 ERROR empty readline 1
2025-06-13T16:47:50.213124+0800 ERROR readline X:600.0000 Y:10.0000 Z:55.0000 E:-1.0000 Count X:210000 Y:3500 Z:110000 STA: 5317375

2025-06-13T16:47:50.216176+0800 ERROR readline 

2025-06-13T16:47:50.471455+0800 ERROR empty readline 0
2025-06-13T16:47:50.528264+0800 ERROR readline echo:busy: processing

2025-06-13T16:47:50.534917+0800 ERROR readline  T:139.6739 /240 B:60.0500 /10 @:127 B@:0 W:?

2025-06-13T16:47:50.799278+0800 ERROR empty readline 0
2025-06-13T16:47:51.061716+0800 ERROR empty readline 1
2025-06-13T16:47:51.212356+0800 ERROR readline X:600.0000 Y:10.0000 Z:55.0000 E:-1.0000 Count X:210000 Y:3500 Z:110000 STA: 5317375

2025-06-13T16:47:51.214356+0800 ERROR readline 

2025-06-13T16:47:51.469054+0800 ERROR empty readline 0
2025-06-13T16:47:51.536069+0800 ERROR readline  T:142.2554 /240 B:59.9875 /10 @:127 B@:0 W:?

2025-06-13T16:47:51.796266+0800 ERROR empty readline 0
2025-06-13T16:47:52.058547+0800 ERROR empty readline 1
2025-06-13T16:47:52.210721+0800 ERROR readline X:600.0000 Y:10.0000 Z:55.0000 E:-1.0000 Count X:210000 Y:3500 Z:110000 STA: 5317375

2025-06-13T16:47:52.211737+0800 ERROR readline 

2025-06-13T16:47:52.478286+0800 ERROR empty readline 0
2025-06-13T16:47:52.527757+0800 ERROR readline echo:busy: processing

2025-06-13T16:47:52.535292+0800 ERROR readline  T:144.0217 /240 B:60.0125 /10 @:127 B@:0 W:?

2025-06-13T16:47:52.788222+0800 ERROR empty readline 0
2025-06-13T16:47:53.051145+0800 ERROR empty readline 1
2025-06-13T16:47:53.211186+0800 ERROR readline X:600.0000 Y:10.0000 Z:55.0000 E:-1.0000 Count X:210000 Y:3500 Z:110000 STA: 5317375

2025-06-13T16:47:53.212267+0800 ERROR readline 

2025-06-13T16:47:53.471684+0800 ERROR empty readline 0
2025-06-13T16:47:53.536414+0800 ERROR readline  T:145.6522 /240 B:59.9750 /10 @:127 B@:0 W:?

2025-06-13T16:47:53.798295+0800 ERROR empty readline 0
2025-06-13T16:47:54.061668+0800 ERROR empty readline 1
2025-06-13T16:47:54.125245+0800 INFO M105

2025-06-13T16:47:54.127494+0800 ERROR SENT: M105

2025-06-13T16:47:54.128509+0800 ERROR write command M105

2025-06-13T16:47:54.129517+0800 ERROR second command M105

2025-06-13T16:47:54.130956+0800 ERROR finish command M105

2025-06-13T16:47:54.212529+0800 ERROR readline X:600.0000 Y:10.0000 Z:55.0000 E:-1.0000 Count X:210000 Y:3500 Z:110000 STA: 5317375

2025-06-13T16:47:54.213532+0800 ERROR readline 

2025-06-13T16:47:54.468382+0800 ERROR empty readline 0
2025-06-13T16:47:54.527581+0800 ERROR readline echo:busy: processing

2025-06-13T16:47:54.535226+0800 ERROR readline  T:148.0978 /240 B:59.9625 /10 @:127 B@:0 W:?

2025-06-13T16:47:54.793297+0800 ERROR empty readline 0
2025-06-13T16:47:55.058526+0800 ERROR empty readline 1
2025-06-13T16:47:55.210403+0800 ERROR readline X:600.0000 Y:10.0000 Z:55.0000 E:-1.0000 Count X:210000 Y:3500 Z:110000 STA: 5317375

2025-06-13T16:47:55.212411+0800 ERROR readline 

2025-06-13T16:47:55.477795+0800 ERROR empty readline 0
2025-06-13T16:47:55.535021+0800 ERROR readline  T:150.4261 /240 B:59.8875 /10 @:127 B@:0 W:?

2025-06-13T16:47:55.789353+0800 ERROR empty readline 0
2025-06-13T16:47:56.053509+0800 ERROR empty readline 1
2025-06-13T16:47:56.209587+0800 ERROR readline X:600.0000 Y:10.0000 Z:55.0000 E:-1.0000 Count X:210000 Y:3500 Z:110000 STA: 5317375

2025-06-13T16:47:56.210609+0800 ERROR readline 

2025-06-13T16:47:56.471676+0800 ERROR empty readline 0
2025-06-13T16:47:56.526369+0800 ERROR readline echo:busy: processing

2025-06-13T16:47:56.533221+0800 ERROR readline  T:152.1307 /240 B:59.6750 /10 @:127 B@:0 W:?

2025-06-13T16:47:56.799943+0800 ERROR empty readline 0
2025-06-13T16:47:57.064621+0800 ERROR empty readline 1
2025-06-13T16:47:57.210535+0800 ERROR readline X:600.0000 Y:10.0000 Z:55.0000 E:-1.0000 Count X:210000 Y:3500 Z:110000 STA: 5317375

2025-06-13T16:47:57.211538+0800 ERROR readline 

2025-06-13T16:47:57.466800+0800 ERROR empty readline 0
2025-06-13T16:47:57.535123+0800 ERROR readline  T:154.6875 /240 B:59.7250 /10 @:127 B@:0 W:?

2025-06-13T16:47:57.793099+0800 ERROR empty readline 0
2025-06-13T16:47:58.059353+0800 ERROR empty readline 1
2025-06-13T16:47:58.211723+0800 ERROR readline X:600.0000 Y:10.0000 Z:55.0000 E:-1.0000 Count X:210000 Y:3500 Z:110000 STA: 5317375

2025-06-13T16:47:58.212232+0800 ERROR readline 

2025-06-13T16:47:58.464322+0800 ERROR empty readline 0
2025-06-13T16:47:58.527136+0800 ERROR readline echo:busy: processing

2025-06-13T16:47:58.536114+0800 ERROR readline  T:156.5341 /240 B:59.7500 /10 @:127 B@:0 W:?

2025-06-13T16:47:58.792017+0800 ERROR empty readline 0
2025-06-13T16:47:59.056431+0800 ERROR empty readline 1
2025-06-13T16:47:59.209629+0800 ERROR readline X:600.0000 Y:10.0000 Z:55.0000 E:-1.0000 Count X:210000 Y:3500 Z:110000 STA: 5317375

2025-06-13T16:47:59.211710+0800 ERROR readline 

2025-06-13T16:47:59.475968+0800 ERROR empty readline 0
2025-06-13T16:47:59.534746+0800 ERROR readline  T:158.3807 /240 B:59.6750 /10 @:127 B@:0 W:?

2025-06-13T16:47:59.799465+0800 ERROR empty readline 0
2025-06-13T16:48:00.060511+0800 ERROR empty readline 1
2025-06-13T16:48:00.214674+0800 ERROR readline X:600.0000 Y:10.0000 Z:55.0000 E:-1.0000 Count X:210000 Y:3500 Z:110000 STA: 5317375

2025-06-13T16:48:00.216185+0800 ERROR readline 

2025-06-13T16:48:00.505353+0800 ERROR empty readline 0
2025-06-13T16:48:00.526564+0800 ERROR readline echo:busy: processing

2025-06-13T16:48:00.536146+0800 ERROR readline  T:160.6534 /240 B:59.7125 /10 @:127 B@:0 W:?

2025-06-13T16:48:00.800754+0800 ERROR empty readline 0
2025-06-13T16:48:01.060997+0800 ERROR empty readline 1
2025-06-13T16:48:01.231633+0800 ERROR readline X:600.0000 Y:10.0000 Z:55.0000 E:-1.0000 Count X:210000 Y:3500 Z:110000 STA: 5317375

2025-06-13T16:48:01.235176+0800 ERROR readline 

2025-06-13T16:48:01.495037+0800 ERROR empty readline 0
2025-06-13T16:48:01.570770+0800 ERROR readline  T:162.7841 /240 B:59.6375 /10 @:127 B@:0 W:?

2025-06-13T16:48:01.837937+0800 ERROR empty readline 0
2025-06-13T16:48:02.107895+0800 ERROR empty readline 1
