2025-06-16T08:35:08.781132+0800 INFO G91
2025-06-16T08:35:08.782177+0800 INFO Not connected to printer.
2025-06-16T08:35:08.782177+0800 INFO G1 Z200 F2000
2025-06-16T08:35:08.782177+0800 INFO Not connected to printer.
2025-06-16T08:35:08.782177+0800 INFO G90
2025-06-16T08:35:08.782177+0800 INFO Not connected to printer.
2025-06-16T08:35:09.258513+0800 INFO M104 S300
2025-06-16T08:35:09.259526+0800 INFO Not connected to printer.
2025-06-16T08:35:10.710276+0800 INFO M104 S300
2025-06-16T08:35:10.710276+0800 INFO Not connected to printer.
2025-06-16T08:35:10.711275+0800 INFO G250 S110
2025-06-16T08:35:10.711275+0800 INFO Not connected to printer.
2025-06-16T08:35:10.711275+0800 INFO M259
2025-06-16T08:35:10.711275+0800 INFO Not connected to printer.
2025-06-16T08:35:10.712276+0800 INFO M259
2025-06-16T08:35:10.712276+0800 INFO Not connected to printer.
2025-06-16T08:35:10.712276+0800 INFO M259
2025-06-16T08:35:10.712276+0800 INFO Not connected to printer.
2025-06-16T08:35:10.712276+0800 INFO M259
2025-06-16T08:35:10.713278+0800 INFO Not connected to printer.
2025-06-16T08:35:10.715276+0800 INFO M259
2025-06-16T08:35:10.717276+0800 INFO Not connected to printer.
2025-06-16T08:35:10.717276+0800 INFO M259
2025-06-16T08:35:10.718277+0800 INFO Not connected to printer.
2025-06-16T08:35:10.718277+0800 INFO M259
2025-06-16T08:35:10.719276+0800 INFO Not connected to printer.
2025-06-16T08:35:10.719276+0800 INFO M259
2025-06-16T08:35:10.719276+0800 INFO Not connected to printer.
2025-06-16T08:35:10.720281+0800 INFO M259
2025-06-16T08:35:10.720281+0800 INFO Not connected to printer.
2025-06-16T08:35:10.720281+0800 INFO M259
2025-06-16T08:35:10.721789+0800 INFO Not connected to printer.
2025-06-16T08:35:11.651111+0800 INFO L110 S60
2025-06-16T08:35:11.651111+0800 INFO Not connected to printer.
