2025-06-13T13:23:56.490849+0800 INFO INLONG CONNECT FAILED!
2025-06-13T13:24:01.528254+0800 INFO 获取播放库句柄成功
2025-06-13T13:24:05.032524+0800 INFO Login device fail, error code is: 7
2025-06-13T13:24:05.054507+0800 INFO Login device succesed
2025-06-13T13:24:06.607147+0800 INFO Open preview fail, error code is: 3
2025-06-13T13:24:06.608157+0800 INFO Open preview successed
2025-06-13T13:24:07.942384+0800 ERROR could not convert string to float: ''
error file:C:\Users\yinlo\AppData\Local\Temp\_MEI191122\SC12060.py
error line:893
2025-06-13T13:24:08.987215+0800 ERROR could not convert string to float: ''
error file:C:\Users\yinlo\AppData\Local\Temp\_MEI191122\SC12060.py
error line:893
2025-06-13T13:24:09.950862+0800 ERROR could not convert string to float: ''
error file:C:\Users\yinlo\AppData\Local\Temp\_MEI191122\SC12060.py
error line:893
2025-06-13T13:24:10.950420+0800 ERROR could not convert string to float: ''
error file:C:\Users\yinlo\AppData\Local\Temp\_MEI191122\SC12060.py
error line:893
2025-06-13T13:24:11.953493+0800 ERROR could not convert string to float: ''
error file:C:\Users\yinlo\AppData\Local\Temp\_MEI191122\SC12060.py
error line:893
2025-06-13T13:24:12.947059+0800 ERROR could not convert string to float: ''
error file:C:\Users\yinlo\AppData\Local\Temp\_MEI191122\SC12060.py
error line:893
2025-06-13T13:24:13.946192+0800 ERROR could not convert string to float: ''
error file:C:\Users\yinlo\AppData\Local\Temp\_MEI191122\SC12060.py
error line:893
2025-06-13T13:24:14.956587+0800 ERROR could not convert string to float: ''
error file:C:\Users\yinlo\AppData\Local\Temp\_MEI191122\SC12060.py
error line:893
2025-06-13T13:24:15.948345+0800 ERROR could not convert string to float: ''
error file:C:\Users\yinlo\AppData\Local\Temp\_MEI191122\SC12060.py
error line:893
2025-06-13T13:24:17.027863+0800 ERROR could not convert string to float: ''
error file:C:\Users\yinlo\AppData\Local\Temp\_MEI191122\SC12060.py
error line:893
2025-06-13T13:24:17.963136+0800 ERROR could not convert string to float: ''
error file:C:\Users\yinlo\AppData\Local\Temp\_MEI191122\SC12060.py
error line:893
2025-06-13T13:24:18.955667+0800 ERROR could not convert string to float: ''
error file:C:\Users\yinlo\AppData\Local\Temp\_MEI191122\SC12060.py
error line:893
2025-06-13T13:24:19.957301+0800 ERROR could not convert string to float: ''
error file:C:\Users\yinlo\AppData\Local\Temp\_MEI191122\SC12060.py
error line:893
2025-06-13T13:24:20.943624+0800 ERROR could not convert string to float: ''
error file:C:\Users\yinlo\AppData\Local\Temp\_MEI191122\SC12060.py
error line:893
2025-06-13T13:24:21.943552+0800 ERROR could not convert string to float: ''
error file:C:\Users\yinlo\AppData\Local\Temp\_MEI191122\SC12060.py
error line:893
