2025-06-16T09:14:15.655082+0800 INFO INLONG CONNECT FAILED!
2025-06-16T09:14:17.418216+0800 INFO 获取播放库句柄成功
2025-06-16T09:14:20.933683+0800 INFO Login device fail, error code is: 7
2025-06-16T09:14:20.977361+0800 INFO Login device succesed
2025-06-16T09:14:21.578200+0800 INFO Open preview fail, error code is: 3
2025-06-16T09:14:21.578200+0800 INFO Open preview successed
2025-06-16T09:14:22.458623+0800 ERROR could not convert string to float: ''
error file:C:\Users\yinlo\AppData\Local\Temp\_MEI100082\SC12060.py
error line:908
2025-06-16T09:14:23.465041+0800 ERROR could not convert string to float: ''
error file:C:\Users\yinlo\AppData\Local\Temp\_MEI100082\SC12060.py
error line:908
2025-06-16T09:14:24.461707+0800 ERROR could not convert string to float: ''
error file:C:\Users\yinlo\AppData\Local\Temp\_MEI100082\SC12060.py
error line:908
2025-06-16T09:14:25.461499+0800 ERROR could not convert string to float: ''
error file:C:\Users\yinlo\AppData\Local\Temp\_MEI100082\SC12060.py
error line:908
2025-06-16T09:14:26.464959+0800 ERROR could not convert string to float: ''
error file:C:\Users\yinlo\AppData\Local\Temp\_MEI100082\SC12060.py
error line:908
2025-06-16T09:14:27.468412+0800 ERROR could not convert string to float: ''
error file:C:\Users\yinlo\AppData\Local\Temp\_MEI100082\SC12060.py
error line:908
2025-06-16T09:14:28.471618+0800 ERROR could not convert string to float: ''
error file:C:\Users\yinlo\AppData\Local\Temp\_MEI100082\SC12060.py
error line:908
